<html>
<body>
<pre>
<h1>µVision Build Log</h1>
<h2>Tool Versions:</h2>
IDE-Version: ¦ÌVision V5.30.0.0
Copyright (C) 2020 ARM Ltd and ARM Germany GmbH. All rights reserved.
License Information: 1 1, 11, LIC=YA39H-WDMM5-Y8UFK-ZZ52R-11VV8-BAPFY
 
Tool Versions:
Toolchain:       MDK-ARM Plus  Version: 5.30.0.0
Toolchain Path:  D:\Program Files (x86)\ARM\ARMCC\Bin
C Compiler:      Armcc.exe V5.06 update 6 (build 750)
Assembler:       Armasm.exe V5.06 update 6 (build 750)
Linker/Locator:  ArmLink.exe V5.06 update 6 (build 750)
Library Manager: ArmAr.exe V5.06 update 6 (build 750)
Hex Converter:   FromElf.exe V5.06 update 6 (build 750)
CPU DLL:         SARMCM3.DLL V5.30.0.0
Dialog DLL:      DARMGD.DLL
Target DLL:      CMSIS_AGDI.dll V1.32.5.0
Dialog DLL:      TARMGD.DLL
 
<h2>Project:</h2>
D:\Embedded\CasyOS\GD32F303ZET6_KeilFullDemo\Project\GD32KeilPrj.uvprojx
Project File Date:  02/03/2026

<h2>Output:</h2>
*** Using Compiler 'V5.06 update 6 (build 750)', folder: 'D:\Program Files (x86)\ARM\ARMCC\Bin'
Rebuild target 'Target 1'
compiling CirQueue.c...
compiling KeyOne.c...
compiling Timer.c...
compiling RCU.c...
compiling LED.c...
compiling os_sem.c...
compiling os_flag.c...
compiling os_mem.c...
compiling Delay.c...
compiling os_mutex.c...
compiling os_q.c...
compiling UART0.c...
compiling CasyOS.c...
compiling Main.c...
compiling os_task.c...
compiling gd32f30x_fmc.c...
assembling startup_gd32f30x_hd.s...
compiling gd32f30x_gpio.c...
compiling gd32f30x_misc.c...
compiling gd32f30x_rcu.c...
compiling gd32f30x_it.c...
compiling NVIC.c...
compiling gd32f30x_timer.c...
compiling gd32f30x_dma.c...
compiling system_gd32f30x.c...
compiling gd32f30x_usart.c...
linking...
Program Size: Code=8492 RO-data=384 RW-data=204 ZI-data=28436  
FromELF: creating hex file...
".\Objects\GD32KeilPrj.axf" - 0 Error(s), 0 Warning(s).

<h2>Software Packages used:</h2>

Package Vendor: ARM
                http://www.keil.com/pack/ARM.CMSIS.5.7.0.pack
                ARM.CMSIS.5.7.0
                CMSIS (Cortex Microcontroller Software Interface Standard)
   * Component: CORE Version: 5.4.0

Package Vendor: GigaDevice
                http://gd32mcu.com/data/documents/pack/GigaDevice.GD32F30x_DFP.2.1.0.pack
                GigaDevice.GD32F30x_DFP.2.1.0
                GigaDevice GD32F30x Series Device Support and Examples

<h2>Collection of Component include folders:</h2>
  .\RTE\_Target_1
  D:\Program Files (x86)\ARM\PACK\ARM\CMSIS\5.7.0\CMSIS\Core\Include
  D:\Program Files (x86)\ARM\PACK\GigaDevice\GD32F30x_DFP\2.1.0\Device\Include

<h2>Collection of Component Files used:</h2>

   * Component: ARM::CMSIS:CORE:5.4.0
Build Time Elapsed:  00:00:01
</pre>
</body>
</html>
