Component: ARM Compiler 5.06 update 6 (build 750) Tool: armlink [4d35ed]

==============================================================================

Section Cross References

    main.o(i.Task1) refers to printf3.o(i.__0printf$3) for __2printf
    main.o(i.Task1) refers to casyos.o(i.OSDelay) for OSDelay
    main.o(i.Task2) refers to printf3.o(i.__0printf$3) for __2printf
    main.o(i.Task2) refers to casyos.o(i.OSDelay) for OSDelay
    main.o(i.main) refers to uart1.o(i.InitUART1) for InitUART1
    main.o(i.main) refers to printf3.o(i.__0printf$3) for __2printf
    main.o(i.main) refers to casyos.o(i.InitCasyOS) for InitCasyOS
    main.o(i.main) refers to casyos.o(i.OSRegister) for OSRegister
    main.o(i.main) refers to casyos.o(i.OSStart) for OSStart
    main.o(i.main) refers to main.o(.data) for taskInfo
    main.o(.data) refers to main.o(.bss) for s_structTask1Handle
    main.o(.data) refers to main.o(i.Task1) for Task1
    main.o(.data) refers to main.o(.conststring) for .conststring
    main.o(.data) refers to main.o(i.Task2) for Task2
    rcc.o(i.ConfigRCC) refers to stm32f10x_rcc.o(i.RCC_DeInit) for RCC_DeInit
    rcc.o(i.ConfigRCC) refers to stm32f10x_rcc.o(i.RCC_HSEConfig) for RCC_HSEConfig
    rcc.o(i.ConfigRCC) refers to stm32f10x_rcc.o(i.RCC_WaitForHSEStartUp) for RCC_WaitForHSEStartUp
    rcc.o(i.ConfigRCC) refers to stm32f10x_flash.o(i.FLASH_PrefetchBufferCmd) for FLASH_PrefetchBufferCmd
    rcc.o(i.ConfigRCC) refers to stm32f10x_flash.o(i.FLASH_SetLatency) for FLASH_SetLatency
    rcc.o(i.ConfigRCC) refers to stm32f10x_rcc.o(i.RCC_HCLKConfig) for RCC_HCLKConfig
    rcc.o(i.ConfigRCC) refers to stm32f10x_rcc.o(i.RCC_PCLK2Config) for RCC_PCLK2Config
    rcc.o(i.ConfigRCC) refers to stm32f10x_rcc.o(i.RCC_PCLK1Config) for RCC_PCLK1Config
    rcc.o(i.ConfigRCC) refers to stm32f10x_rcc.o(i.RCC_PLLConfig) for RCC_PLLConfig
    rcc.o(i.ConfigRCC) refers to stm32f10x_rcc.o(i.RCC_PLLCmd) for RCC_PLLCmd
    rcc.o(i.ConfigRCC) refers to stm32f10x_rcc.o(i.RCC_GetFlagStatus) for RCC_GetFlagStatus
    rcc.o(i.ConfigRCC) refers to stm32f10x_rcc.o(i.RCC_SYSCLKConfig) for RCC_SYSCLKConfig
    rcc.o(i.ConfigRCC) refers to stm32f10x_rcc.o(i.RCC_GetSYSCLKSource) for RCC_GetSYSCLKSource
    rcc.o(i.InitRCC) refers to rcc.o(i.ConfigRCC) for ConfigRCC
    timer.o(i.Clr1SecFlag) refers to timer.o(.data) for s_i1secFlag
    timer.o(i.Clr2msFlag) refers to timer.o(.data) for s_i2msFlag
    timer.o(i.ConfigTimer2) refers to stm32f10x_rcc.o(i.RCC_APB1PeriphClockCmd) for RCC_APB1PeriphClockCmd
    timer.o(i.ConfigTimer2) refers to stm32f10x_tim.o(i.TIM_TimeBaseInit) for TIM_TimeBaseInit
    timer.o(i.ConfigTimer2) refers to stm32f10x_tim.o(i.TIM_ITConfig) for TIM_ITConfig
    timer.o(i.ConfigTimer2) refers to misc.o(i.NVIC_Init) for NVIC_Init
    timer.o(i.ConfigTimer2) refers to stm32f10x_tim.o(i.TIM_Cmd) for TIM_Cmd
    timer.o(i.ConfigTimer5) refers to stm32f10x_rcc.o(i.RCC_APB1PeriphClockCmd) for RCC_APB1PeriphClockCmd
    timer.o(i.ConfigTimer5) refers to stm32f10x_tim.o(i.TIM_TimeBaseInit) for TIM_TimeBaseInit
    timer.o(i.ConfigTimer5) refers to stm32f10x_tim.o(i.TIM_ITConfig) for TIM_ITConfig
    timer.o(i.ConfigTimer5) refers to misc.o(i.NVIC_Init) for NVIC_Init
    timer.o(i.ConfigTimer5) refers to stm32f10x_tim.o(i.TIM_Cmd) for TIM_Cmd
    timer.o(i.Get1SecFlag) refers to timer.o(.data) for s_i1secFlag
    timer.o(i.Get2msFlag) refers to timer.o(.data) for s_i2msFlag
    timer.o(i.InitTimer) refers to timer.o(i.ConfigTimer2) for ConfigTimer2
    timer.o(i.InitTimer) refers to timer.o(i.ConfigTimer5) for ConfigTimer5
    timer.o(i.TIM2_IRQHandler) refers to stm32f10x_tim.o(i.TIM_GetITStatus) for TIM_GetITStatus
    timer.o(i.TIM2_IRQHandler) refers to stm32f10x_tim.o(i.TIM_ClearITPendingBit) for TIM_ClearITPendingBit
    timer.o(i.TIM2_IRQHandler) refers to timer.o(.data) for s_iCnt2
    timer.o(i.TIM5_IRQHandler) refers to stm32f10x_tim.o(i.TIM_GetITStatus) for TIM_GetITStatus
    timer.o(i.TIM5_IRQHandler) refers to stm32f10x_tim.o(i.TIM_ClearITPendingBit) for TIM_ClearITPendingBit
    timer.o(i.TIM5_IRQHandler) refers to timer.o(.data) for s_iCnt1000
    uart1.o(i.ConfigUART) refers to stm32f10x_rcc.o(i.RCC_APB2PeriphClockCmd) for RCC_APB2PeriphClockCmd
    uart1.o(i.ConfigUART) refers to stm32f10x_gpio.o(i.GPIO_Init) for GPIO_Init
    uart1.o(i.ConfigUART) refers to stm32f10x_usart.o(i.USART_StructInit) for USART_StructInit
    uart1.o(i.ConfigUART) refers to stm32f10x_usart.o(i.USART_Init) for USART_Init
    uart1.o(i.ConfigUART) refers to misc.o(i.NVIC_Init) for NVIC_Init
    uart1.o(i.ConfigUART) refers to stm32f10x_usart.o(i.USART_ITConfig) for USART_ITConfig
    uart1.o(i.ConfigUART) refers to stm32f10x_usart.o(i.USART_Cmd) for USART_Cmd
    uart1.o(i.ConfigUART) refers to uart1.o(.data) for s_iUARTTxSts
    uart1.o(i.EnableUARTTx) refers to stm32f10x_usart.o(i.USART_ITConfig) for USART_ITConfig
[...]
    Removing timer.o(i.ConfigTimer2), (92 bytes).
    Removing timer.o(i.ConfigTimer5), (96 bytes).
    Removing timer.o(i.Get1SecFlag), (12 bytes).
    Removing timer.o(i.Get2msFlag), (12 bytes).
    Removing timer.o(i.InitTimer), (24 bytes).
    Removing queue.o(i.ClearQueue), (10 bytes).
    Removing queue.o(i.QueueLength), (8 bytes).
    Removing uart1.o(i.EnableUARTTx), (32 bytes).
    Removing uart1.o(i.ReadUART1), (28 bytes).
    Removing uart1.o(i.WriteUART1), (48 bytes).
    Removing os_flag.o(i.IsFlagsMatch), (92 bytes).
    Removing os_flag.o(i.OSFlagCreate), (20 bytes).
    Removing os_flag.o(i.OSFlagPend), (184 bytes).
    Removing os_flag.o(i.OSFlagPost), (180 bytes).
    Removing os_flag.o(i.PendListGetHighestMatch), (62 bytes).
    Removing os_mem.o(i.OSFree), (172 bytes).
    Removing os_mutex.o(i.OSMutexCreate), (20 bytes).
    Removing os_mutex.o(i.OSMutexPend), (160 bytes).
    Removing os_mutex.o(i.OSMutexPost), (220 bytes).
    Removing os_q.o(i.OSQFlush), (26 bytes).
    Removing os_q.o(i.OSQGetCount), (6 bytes).
    Removing os_q.o(i.OSQIsEmpty), (14 bytes).
    Removing os_q.o(i.OSQIsFull), (18 bytes).
    Removing os_q.o(i.OSQPend), (160 bytes).
    Removing os_q.o(i.OSQPost), (192 bytes).
    Removing os_sem.o(i.OSSemPend), (188 bytes).
    Removing os_sem.o(i.OSSemPost), (236 bytes).
    Removing os_task.o(i.OSTaskFind), (120 bytes).
    Removing os_task.o(i.OS_PendListGetHighest), (12 bytes).
    Removing os_task.o(i.OS_PendListInsert), (148 bytes).
    Removing os_task.o(i.OS_PendListPopAlltoRdyList), (46 bytes).
    Removing os_task.o(i.OS_PendListRemove), (128 bytes).
    Removing os_task.o(i.OS_TaskListRemove), (84 bytes).
    Removing os_task.o(i.StrCaseCmp), (80 bytes).
    Removing misc.o(i.NVIC_PriorityGroupConfig), (20 bytes).
    Removing misc.o(i.NVIC_SetVectorTable), (20 bytes).
    Removing misc.o(i.NVIC_SystemLPConfig), (32 bytes).
    Removing misc.o(i.SysTick_CLKSourceConfig), (40 bytes).
    Removing stm32f10x_adc.o(i.ADC_AnalogWatchdogCmd), (20 bytes).
    Removing stm32f10x_adc.o(i.ADC_AnalogWatchdogSingleChannelConfig), (16 bytes).
    Removing stm32f10x_adc.o(i.ADC_AnalogWatchdogThresholdsConfig), (6 bytes).
    Removing stm32f10x_adc.o(i.ADC_AutoInjectedConvCmd), (22 bytes).
    Removing stm32f10x_adc.o(i.ADC_ClearFlag), (6 bytes).
    Removing stm32f10x_adc.o(i.ADC_ClearITPendingBit), (10 bytes).
    Removing stm32f10x_adc.o(i.ADC_Cmd), (22 bytes).
    Removing stm32f10x_adc.o(i.ADC_DMACmd), (22 bytes).
    Removing stm32f10x_adc.o(i.ADC_DeInit), (92 bytes).
    Removing stm32f10x_adc.o(i.ADC_DiscModeChannelCountConfig), (24 bytes).
    Removing stm32f10x_adc.o(i.ADC_DiscModeCmd), (22 bytes).
    Removing stm32f10x_adc.o(i.ADC_ExternalTrigConvCmd), (22 bytes).
    Removing stm32f10x_adc.o(i.ADC_ExternalTrigInjectedConvCmd), (22 bytes).
    Removing stm32f10x_adc.o(i.ADC_ExternalTrigInjectedConvConfig), (16 bytes).
    Removing stm32f10x_adc.o(i.ADC_GetCalibrationStatus), (20 bytes).
    Removing stm32f10x_adc.o(i.ADC_GetConversionValue), (8 bytes).
    Removing stm32f10x_adc.o(i.ADC_GetDualModeConversionValue), (12 bytes).
    Removing stm32f10x_adc.o(i.ADC_GetFlagStatus), (18 bytes).
    Removing stm32f10x_adc.o(i.ADC_GetITStatus), (36 bytes).
    Removing stm32f10x_adc.o(i.ADC_GetInjectedConversionValue), (28 bytes).
    Removing stm32f10x_adc.o(i.ADC_GetResetCalibrationStatus), (20 bytes).
    Removing stm32f10x_adc.o(i.ADC_GetSoftwareStartConvStatus), (20 bytes).
    Removing stm32f10x_adc.o(i.ADC_GetSoftwareStartInjectedConvCmdStatus), (20 bytes).
    Removing stm32f10x_adc.o(i.ADC_ITConfig), (24 bytes).
    Removing stm32f10x_adc.o(i.ADC_Init), (80 bytes).
    Removing stm32f10x_adc.o(i.ADC_InjectedChannelConfig), (130 bytes).
    Removing stm32f10x_adc.o(i.ADC_InjectedDiscModeCmd), (22 bytes).
    Removing stm32f10x_adc.o(i.ADC_InjectedSequencerLengthConfig), (24 bytes).
    Removing stm32f10x_adc.o(i.ADC_RegularChannelConfig), (184 bytes).
    Removing stm32f10x_adc.o(i.ADC_ResetCalibration), (10 bytes).
    Removing stm32f10x_adc.o(i.ADC_SetInjectedOffset), (20 bytes).
    Removing stm32f10x_adc.o(i.ADC_SoftwareStartConvCmd), (22 bytes).
    Removing stm32f10x_adc.o(i.ADC_SoftwareStartInjectedConvCmd), (22 bytes).
    Removing stm32f10x_adc.o(i.ADC_StartCalibration), (10 bytes).
    Removing stm32f10x_adc.o(i.ADC_StructInit), (18 bytes).
    Removing stm32f10x_adc.o(i.ADC_TempSensorVrefintCmd), (36 bytes).
    Removing stm32f10x_bkp.o(i.BKP_ClearFlag), (20 bytes).
    Removing stm32f10x_bkp.o(i.BKP_ClearITPendingBit), (20 bytes).
    Removing stm32f10x_bkp.o(i.BKP_DeInit), (16 bytes).
    Removing stm32f10x_bkp.o(i.BKP_GetFlagStatus), (12 bytes).
    Removing stm32f10x_bkp.o(i.BKP_GetITStatus), (12 bytes).
    Removing stm32f10x_bkp.o(i.BKP_ITConfig), (12 bytes).
    Removing stm32f10x_bkp.o(i.BKP_RTCOutputConfig), (28 bytes).
    Removing stm32f10x_bkp.o(i.BKP_ReadBackupRegister), (28 bytes).
    Removing stm32f10x_bkp.o(i.BKP_SetRTCCalibrationValue), (28 bytes).
    Removing stm32f10x_bkp.o(i.BKP_TamperPinCmd), (12 bytes).
    Removing stm32f10x_bkp.o(i.BKP_TamperPinLevelConfig), (12 bytes).
    Removing stm32f10x_bkp.o(i.BKP_WriteBackupRegister), (28 bytes).
    Removing stm32f10x_can.o(i.CAN_CancelTransmit), (48 bytes).
    Removing stm32f10x_can.o(i.CAN_ClearFlag), (56 bytes).
    Removing stm32f10x_can.o(i.CAN_ClearITPendingBit), (168 bytes).
    Removing stm32f10x_can.o(i.CAN_DBGFreeze), (22 bytes).
    Removing stm32f10x_can.o(i.CAN_DeInit), (56 bytes).
    Removing stm32f10x_can.o(i.CAN_FIFORelease), (22 bytes).
    Removing stm32f10x_can.o(i.CAN_FilterInit), (264 bytes).
    Removing stm32f10x_can.o(i.CAN_GetFlagStatus), (120 bytes).
    Removing stm32f10x_can.o(i.CAN_GetITStatus), (288 bytes).
    Removing stm32f10x_can.o(i.CAN_GetLSBTransmitErrorCounter), (12 bytes).
    Removing stm32f10x_can.o(i.CAN_GetLastErrorCode), (12 bytes).
    Removing stm32f10x_can.o(i.CAN_GetReceiveErrorCounter), (10 bytes).
    Removing stm32f10x_can.o(i.CAN_ITConfig), (18 bytes).
    Removing stm32f10x_can.o(i.CAN_Init), (276 bytes).
    Removing stm32f10x_can.o(i.CAN_MessagePending), (30 bytes).
    Removing stm32f10x_can.o(i.CAN_OperatingModeRequest), (162 bytes).
    Removing stm32f10x_can.o(i.CAN_Receive), (240 bytes).
    Removing stm32f10x_can.o(i.CAN_SlaveStartBank), (52 bytes).
    Removing stm32f10x_can.o(i.CAN_Sleep), (30 bytes).
    Removing stm32f10x_can.o(i.CAN_StructInit), (32 bytes).
    Removing stm32f10x_can.o(i.CAN_TTComModeCmd), (118 bytes).
    Removing stm32f10x_can.o(i.CAN_Transmit), (294 bytes).
    Removing stm32f10x_can.o(i.CAN_TransmitStatus), (160 bytes).
    Removing stm32f10x_can.o(i.CAN_WakeUp), (48 bytes).
    Removing stm32f10x_can.o(i.CheckITStatus), (18 bytes).
    Removing stm32f10x_cec.o(i.CEC_ClearFlag), (36 bytes).
    Removing stm32f10x_cec.o(i.CEC_ClearITPendingBit), (36 bytes).
    Removing stm32f10x_cec.o(i.CEC_Cmd), (32 bytes).
    Removing stm32f10x_cec.o(i.CEC_DeInit), (22 bytes).
    Removing stm32f10x_cec.o(i.CEC_EndOfMessageCmd), (12 bytes).
    Removing stm32f10x_cec.o(i.CEC_GetFlagStatus), (48 bytes).
    Removing stm32f10x_cec.o(i.CEC_GetITStatus), (40 bytes).
    Removing stm32f10x_cec.o(i.CEC_ITConfig), (12 bytes).
    Removing stm32f10x_cec.o(i.CEC_Init), (32 bytes).
    Removing stm32f10x_cec.o(i.CEC_OwnAddressConfig), (12 bytes).
    Removing stm32f10x_cec.o(i.CEC_ReceiveDataByte), (12 bytes).
    Removing stm32f10x_cec.o(i.CEC_SendDataByte), (12 bytes).
    Removing stm32f10x_cec.o(i.CEC_SetPrescaler), (12 bytes).
    Removing stm32f10x_cec.o(i.CEC_StartOfMessage), (12 bytes).
    Removing stm32f10x_crc.o(i.CRC_CalcBlockCRC), (36 bytes).
    Removing stm32f10x_crc.o(i.CRC_CalcCRC), (16 bytes).
    Removing stm32f10x_crc.o(i.CRC_GetCRC), (12 bytes).
    Removing stm32f10x_crc.o(i.CRC_GetIDRegister), (12 bytes).
    Removing stm32f10x_crc.o(i.CRC_ResetDR), (12 bytes).
    Removing stm32f10x_crc.o(i.CRC_SetIDRegister), (12 bytes).
    Removing stm32f10x_dac.o(i.DAC_Cmd), (40 bytes).
    Removing stm32f10x_dac.o(i.DAC_DMACmd), (44 bytes).
    Removing stm32f10x_dac.o(i.DAC_DeInit), (22 bytes).
    Removing stm32f10x_dac.o(i.DAC_DualSoftwareTriggerCmd), (36 bytes).
    Removing stm32f10x_dac.o(i.DAC_GetDataOutputValue), (36 bytes).
    Removing stm32f10x_dac.o(i.DAC_Init), (52 bytes).
    Removing stm32f10x_dac.o(i.DAC_SetChannel1Data), (32 bytes).
    Removing stm32f10x_dac.o(i.DAC_SetChannel2Data), (32 bytes).
    Removing stm32f10x_dac.o(i.DAC_SetDualChannelData), (36 bytes).
    Removing stm32f10x_dac.o(i.DAC_SoftwareTriggerCmd), (44 bytes).
    Removing stm32f10x_dac.o(i.DAC_StructInit), (12 bytes).
    Removing stm32f10x_dac.o(i.DAC_WaveGenerationCmd), (40 bytes).
    Removing stm32f10x_dbgmcu.o(i.DBGMCU_Config), (32 bytes).
    Removing stm32f10x_dbgmcu.o(i.DBGMCU_GetDEVID), (16 bytes).
    Removing stm32f10x_dbgmcu.o(i.DBGMCU_GetREVID), (12 bytes).
    Removing stm32f10x_dma.o(i.DMA_ClearFlag), (28 bytes).
    Removing stm32f10x_dma.o(i.DMA_ClearITPendingBit), (28 bytes).
    Removing stm32f10x_dma.o(i.DMA_Cmd), (24 bytes).
    Removing stm32f10x_dma.o(i.DMA_DeInit), (332 bytes).
    Removing stm32f10x_dma.o(i.DMA_GetCurrDataCounter), (8 bytes).
    Removing stm32f10x_dma.o(i.DMA_GetFlagStatus), (44 bytes).
    Removing stm32f10x_dma.o(i.DMA_GetITStatus), (44 bytes).
    Removing stm32f10x_dma.o(i.DMA_ITConfig), (18 bytes).
    Removing stm32f10x_dma.o(i.DMA_Init), (60 bytes).
    Removing stm32f10x_dma.o(i.DMA_SetCurrDataCounter), (4 bytes).
    Removing stm32f10x_dma.o(i.DMA_StructInit), (26 bytes).
    Removing stm32f10x_exti.o(i.EXTI_ClearFlag), (12 bytes).
    Removing stm32f10x_exti.o(i.EXTI_ClearITPendingBit), (12 bytes).
    Removing stm32f10x_exti.o(i.EXTI_DeInit), (36 bytes).
    Removing stm32f10x_exti.o(i.EXTI_GenerateSWInterrupt), (16 bytes).
    Removing stm32f10x_exti.o(i.EXTI_GetFlagStatus), (24 bytes).
    Removing stm32f10x_exti.o(i.EXTI_GetITStatus), (40 bytes).
    Removing stm32f10x_exti.o(i.EXTI_Init), (148 bytes).
    Removing stm32f10x_exti.o(i.EXTI_StructInit), (16 bytes).
    Removing stm32f10x_flash.o(i.FLASH_ClearFlag), (12 bytes).
    Removing stm32f10x_flash.o(i.FLASH_EnableWriteProtection), (196 bytes).
    Removing stm32f10x_flash.o(i.FLASH_EraseAllBank1Pages), (72 bytes).
    Removing stm32f10x_flash.o(i.FLASH_EraseAllPages), (72 bytes).
    Removing stm32f10x_flash.o(i.FLASH_EraseOptionBytes), (168 bytes).
    Removing stm32f10x_flash.o(i.FLASH_ErasePage), (76 bytes).
    Removing stm32f10x_flash.o(i.FLASH_GetBank1Status), (52 bytes).
    Removing stm32f10x_flash.o(i.FLASH_GetFlagStatus), (48 bytes).
    Removing stm32f10x_flash.o(i.FLASH_GetPrefetchBufferStatus), (24 bytes).
    Removing stm32f10x_flash.o(i.FLASH_GetReadOutProtectionStatus), (24 bytes).
    Removing stm32f10x_flash.o(i.FLASH_GetStatus), (52 bytes).
    Removing stm32f10x_flash.o(i.FLASH_GetUserOptionByte), (12 bytes).
    Removing stm32f10x_flash.o(i.FLASH_GetWriteProtectionOptionByte), (12 bytes).
    Removing stm32f10x_flash.o(i.FLASH_HalfCycleAccessCmd), (28 bytes).
    Removing stm32f10x_flash.o(i.FLASH_ITConfig), (32 bytes).
    Removing stm32f10x_flash.o(i.FLASH_Lock), (20 bytes).
    Removing stm32f10x_flash.o(i.FLASH_LockBank1), (20 bytes).
    Removing stm32f10x_flash.o(i.FLASH_PrefetchBufferCmd), (28 bytes).
    Removing stm32f10x_flash.o(i.FLASH_ProgramHalfWord), (64 bytes).
    Removing stm32f10x_flash.o(i.FLASH_ProgramOptionByteData), (84 bytes).
    Removing stm32f10x_flash.o(i.FLASH_ProgramWord), (108 bytes).
    Removing stm32f10x_flash.o(i.FLASH_ReadOutProtection), (172 bytes).
    Removing stm32f10x_flash.o(i.FLASH_SetLatency), (24 bytes).
    Removing stm32f10x_flash.o(i.FLASH_Unlock), (24 bytes).
    Removing stm32f10x_flash.o(i.FLASH_UnlockBank1), (24 bytes).
    Removing stm32f10x_flash.o(i.FLASH_UserOptionByteConfig), (104 bytes).
    Removing stm32f10x_flash.o(i.FLASH_WaitForLastBank1Operation), (38 bytes).
    Removing stm32f10x_flash.o(i.FLASH_WaitForLastOperation), (38 bytes).
    Removing stm32f10x_fsmc.o(i.FSMC_ClearFlag), (64 bytes).
    Removing stm32f10x_fsmc.o(i.FSMC_ClearITPendingBit), (72 bytes).
    Removing stm32f10x_fsmc.o(i.FSMC_GetECC), (28 bytes).
    Removing stm32f10x_fsmc.o(i.FSMC_GetFlagStatus), (56 bytes).
    Removing stm32f10x_fsmc.o(i.FSMC_GetITStatus), (68 bytes).
    Removing stm32f10x_fsmc.o(i.FSMC_ITConfig), (128 bytes).
    Removing stm32f10x_fsmc.o(i.FSMC_NANDCmd), (92 bytes).
    Removing stm32f10x_fsmc.o(i.FSMC_NANDDeInit), (68 bytes).
    Removing stm32f10x_fsmc.o(i.FSMC_NANDECCCmd), (92 bytes).
    Removing stm32f10x_fsmc.o(i.FSMC_NANDInit), (136 bytes).
    Removing stm32f10x_fsmc.o(i.FSMC_NANDStructInit), (54 bytes).
    Removing stm32f10x_fsmc.o(i.FSMC_NORSRAMCmd), (52 bytes).
    Removing stm32f10x_fsmc.o(i.FSMC_NORSRAMDeInit), (54 bytes).
    Removing stm32f10x_fsmc.o(i.FSMC_NORSRAMInit), (230 bytes).
    Removing stm32f10x_fsmc.o(i.FSMC_NORSRAMStructInit), (114 bytes).
    Removing stm32f10x_fsmc.o(i.FSMC_PCCARDCmd), (48 bytes).
    Removing stm32f10x_fsmc.o(i.FSMC_PCCARDDeInit), (40 bytes).
    Removing stm32f10x_fsmc.o(i.FSMC_PCCARDInit), (132 bytes).
    Removing stm32f10x_fsmc.o(i.FSMC_PCCARDStructInit), (60 bytes).
    Removing stm32f10x_gpio.o(i.GPIO_AFIODeInit), (20 bytes).
    Removing stm32f10x_gpio.o(i.GPIO_DeInit), (200 bytes).
    Removing stm32f10x_gpio.o(i.GPIO_ETH_MediaInterfaceConfig), (12 bytes).
    Removing stm32f10x_gpio.o(i.GPIO_EXTILineConfig), (64 bytes).
    Removing stm32f10x_gpio.o(i.GPIO_EventOutputCmd), (12 bytes).
    Removing stm32f10x_gpio.o(i.GPIO_EventOutputConfig), (32 bytes).
    Removing stm32f10x_gpio.o(i.GPIO_PinLockConfig), (18 bytes).
    Removing stm32f10x_gpio.o(i.GPIO_PinRemapConfig), (144 bytes).
    Removing stm32f10x_gpio.o(i.GPIO_ReadInputData), (8 bytes).
    Removing stm32f10x_gpio.o(i.GPIO_ReadInputDataBit), (18 bytes).
    Removing stm32f10x_gpio.o(i.GPIO_ReadOutputData), (8 bytes).
    Removing stm32f10x_gpio.o(i.GPIO_ReadOutputDataBit), (18 bytes).
    Removing stm32f10x_gpio.o(i.GPIO_ResetBits), (4 bytes).
    Removing stm32f10x_gpio.o(i.GPIO_SetBits), (4 bytes).
    Removing stm32f10x_gpio.o(i.GPIO_StructInit), (16 bytes).
    Removing stm32f10x_gpio.o(i.GPIO_Write), (4 bytes).
    Removing stm32f10x_gpio.o(i.GPIO_WriteBit), (10 bytes).
    Removing stm32f10x_i2c.o(i.I2C_ARPCmd), (24 bytes).
    Removing stm32f10x_i2c.o(i.I2C_AcknowledgeConfig), (24 bytes).
    Removing stm32f10x_i2c.o(i.I2C_CalculatePEC), (24 bytes).
    Removing stm32f10x_i2c.o(i.I2C_CheckEvent), (42 bytes).
    Removing stm32f10x_i2c.o(i.I2C_ClearFlag), (12 bytes).
    Removing stm32f10x_i2c.o(i.I2C_ClearITPendingBit), (12 bytes).
    Removing stm32f10x_i2c.o(i.I2C_Cmd), (24 bytes).
    Removing stm32f10x_i2c.o(i.I2C_DMACmd), (24 bytes).
    Removing stm32f10x_i2c.o(i.I2C_DMALastTransferCmd), (24 bytes).
    Removing stm32f10x_i2c.o(i.I2C_DeInit), (56 bytes).
    Removing stm32f10x_i2c.o(i.I2C_DualAddressCmd), (24 bytes).
    Removing stm32f10x_i2c.o(i.I2C_FastModeDutyCycleConfig), (28 bytes).
    Removing stm32f10x_i2c.o(i.I2C_GeneralCallCmd), (24 bytes).
    Removing stm32f10x_i2c.o(i.I2C_GenerateSTART), (24 bytes).
    Removing stm32f10x_i2c.o(i.I2C_GenerateSTOP), (24 bytes).
    Removing stm32f10x_i2c.o(i.I2C_GetFlagStatus), (58 bytes).
    Removing stm32f10x_i2c.o(i.I2C_GetITStatus), (38 bytes).
    Removing stm32f10x_i2c.o(i.I2C_GetLastEvent), (26 bytes).
    Removing stm32f10x_i2c.o(i.I2C_GetPEC), (8 bytes).
    Removing stm32f10x_i2c.o(i.I2C_ITConfig), (18 bytes).
    Removing stm32f10x_i2c.o(i.I2C_Init), (236 bytes).
    Removing stm32f10x_i2c.o(i.I2C_NACKPositionConfig), (28 bytes).
    Removing stm32f10x_i2c.o(i.I2C_OwnAddress2Config), (22 bytes).
    Removing stm32f10x_i2c.o(i.I2C_PECPositionConfig), (28 bytes).
    Removing stm32f10x_i2c.o(i.I2C_ReadRegister), (22 bytes).
    Removing stm32f10x_i2c.o(i.I2C_ReceiveData), (8 bytes).
    Removing stm32f10x_i2c.o(i.I2C_SMBusAlertConfig), (28 bytes).
    Removing stm32f10x_i2c.o(i.I2C_Send7bitAddress), (18 bytes).
    Removing stm32f10x_i2c.o(i.I2C_SendData), (4 bytes).
    Removing stm32f10x_i2c.o(i.I2C_SoftwareResetCmd), (22 bytes).
    Removing stm32f10x_i2c.o(i.I2C_StretchClockCmd), (24 bytes).
    Removing stm32f10x_i2c.o(i.I2C_StructInit), (30 bytes).
    Removing stm32f10x_i2c.o(i.I2C_TransmitPEC), (24 bytes).
    Removing stm32f10x_iwdg.o(i.IWDG_Enable), (16 bytes).
    Removing stm32f10x_iwdg.o(i.IWDG_GetFlagStatus), (24 bytes).
    Removing stm32f10x_iwdg.o(i.IWDG_ReloadCounter), (16 bytes).
    Removing stm32f10x_iwdg.o(i.IWDG_SetPrescaler), (12 bytes).
    Removing stm32f10x_iwdg.o(i.IWDG_SetReload), (12 bytes).
    Removing stm32f10x_iwdg.o(i.IWDG_WriteAccessCmd), (12 bytes).
    Removing stm32f10x_pwr.o(i.PWR_BackupAccessCmd), (12 bytes).
    Removing stm32f10x_pwr.o(i.PWR_ClearFlag), (20 bytes).
    Removing stm32f10x_pwr.o(i.PWR_DeInit), (22 bytes).
    Removing stm32f10x_pwr.o(i.PWR_EnterSTANDBYMode), (52 bytes).
    Removing stm32f10x_pwr.o(i.PWR_EnterSTOPMode), (64 bytes).
    Removing stm32f10x_pwr.o(i.PWR_GetFlagStatus), (24 bytes).
    Removing stm32f10x_pwr.o(i.PWR_PVDCmd), (12 bytes).
    Removing stm32f10x_pwr.o(i.PWR_PVDLevelConfig), (24 bytes).
    Removing stm32f10x_pwr.o(i.PWR_WakeUpPinCmd), (12 bytes).
    Removing stm32f10x_rcc.o(i.RCC_ADCCLKConfig), (24 bytes).
    Removing stm32f10x_rcc.o(i.RCC_AHBPeriphClockCmd), (32 bytes).
    Removing stm32f10x_rcc.o(i.RCC_APB1PeriphClockCmd), (32 bytes).
    Removing stm32f10x_rcc.o(i.RCC_APB1PeriphResetCmd), (32 bytes).
    Removing stm32f10x_rcc.o(i.RCC_APB2PeriphResetCmd), (32 bytes).
    Removing stm32f10x_rcc.o(i.RCC_AdjustHSICalibrationValue), (24 bytes).
    Removing stm32f10x_rcc.o(i.RCC_BackupResetCmd), (12 bytes).
    Removing stm32f10x_rcc.o(i.RCC_ClearFlag), (20 bytes).
    Removing stm32f10x_rcc.o(i.RCC_ClearITPendingBit), (12 bytes).
    Removing stm32f10x_rcc.o(i.RCC_ClockSecuritySystemCmd), (12 bytes).
    Removing stm32f10x_rcc.o(i.RCC_DeInit), (76 bytes).
    Removing stm32f10x_rcc.o(i.RCC_GetFlagStatus), (60 bytes).
    Removing stm32f10x_rcc.o(i.RCC_GetITStatus), (24 bytes).
    Removing stm32f10x_rcc.o(i.RCC_GetSYSCLKSource), (16 bytes).
    Removing stm32f10x_rcc.o(i.RCC_HCLKConfig), (24 bytes).
    Removing stm32f10x_rcc.o(i.RCC_HSEConfig), (76 bytes).
    Removing stm32f10x_rcc.o(i.RCC_HSICmd), (12 bytes).
    Removing stm32f10x_rcc.o(i.RCC_ITConfig), (32 bytes).
    Removing stm32f10x_rcc.o(i.RCC_LSEConfig), (52 bytes).
    Removing stm32f10x_rcc.o(i.RCC_LSICmd), (12 bytes).
    Removing stm32f10x_rcc.o(i.RCC_MCOConfig), (12 bytes).
    Removing stm32f10x_rcc.o(i.RCC_PCLK1Config), (24 bytes).
    Removing stm32f10x_rcc.o(i.RCC_PCLK2Config), (24 bytes).
    Removing stm32f10x_rcc.o(i.RCC_PLLCmd), (12 bytes).
    Removing stm32f10x_rcc.o(i.RCC_PLLConfig), (28 bytes).
    Removing stm32f10x_rcc.o(i.RCC_RTCCLKCmd), (12 bytes).
    Removing stm32f10x_rcc.o(i.RCC_RTCCLKConfig), (16 bytes).
    Removing stm32f10x_rcc.o(i.RCC_SYSCLKConfig), (24 bytes).
    Removing stm32f10x_rcc.o(i.RCC_USBCLKConfig), (12 bytes).
    Removing stm32f10x_rcc.o(i.RCC_WaitForHSEStartUp), (56 bytes).
    Removing stm32f10x_rtc.o(i.RTC_ClearFlag), (16 bytes).
    Removing stm32f10x_rtc.o(i.RTC_ClearITPendingBit), (16 bytes).
    Removing stm32f10x_rtc.o(i.RTC_EnterConfigMode), (20 bytes).
    Removing stm32f10x_rtc.o(i.RTC_ExitConfigMode), (20 bytes).
    Removing stm32f10x_rtc.o(i.RTC_GetCounter), (20 bytes).
    Removing stm32f10x_rtc.o(i.RTC_GetDivider), (24 bytes).
    Removing stm32f10x_rtc.o(i.RTC_GetFlagStatus), (24 bytes).
    Removing stm32f10x_rtc.o(i.RTC_GetITStatus), (36 bytes).
    Removing stm32f10x_rtc.o(i.RTC_ITConfig), (32 bytes).
    Removing stm32f10x_rtc.o(i.RTC_SetAlarm), (28 bytes).
    Removing stm32f10x_rtc.o(i.RTC_SetCounter), (28 bytes).
    Removing stm32f10x_rtc.o(i.RTC_SetPrescaler), (32 bytes).
    Removing stm32f10x_rtc.o(i.RTC_WaitForLastTask), (20 bytes).
    Removing stm32f10x_rtc.o(i.RTC_WaitForSynchro), (36 bytes).
    Removing stm32f10x_sdio.o(i.SDIO_CEATAITCmd), (16 bytes).
    Removing stm32f10x_sdio.o(i.SDIO_ClearFlag), (12 bytes).
    Removing stm32f10x_sdio.o(i.SDIO_ClearITPendingBit), (12 bytes).
    Removing stm32f10x_sdio.o(i.SDIO_ClockCmd), (12 bytes).
    Removing stm32f10x_sdio.o(i.SDIO_CmdStructInit), (14 bytes).
    Removing stm32f10x_sdio.o(i.SDIO_CommandCompletionCmd), (12 bytes).
    Removing stm32f10x_sdio.o(i.SDIO_DMACmd), (12 bytes).
    Removing stm32f10x_sdio.o(i.SDIO_DataConfig), (48 bytes).
    Removing stm32f10x_sdio.o(i.SDIO_DataStructInit), (20 bytes).
    Removing stm32f10x_sdio.o(i.SDIO_DeInit), (36 bytes).
    Removing stm32f10x_sdio.o(i.SDIO_GetCommandResponse), (12 bytes).
    Removing stm32f10x_sdio.o(i.SDIO_GetDataCounter), (12 bytes).
    Removing stm32f10x_sdio.o(i.SDIO_GetFIFOCount), (12 bytes).
    Removing stm32f10x_sdio.o(i.SDIO_GetFlagStatus), (24 bytes).
    Removing stm32f10x_sdio.o(i.SDIO_GetITStatus), (24 bytes).
    Removing stm32f10x_sdio.o(i.SDIO_GetPowerState), (16 bytes).
    Removing stm32f10x_sdio.o(i.SDIO_GetResponse), (24 bytes).
    Removing stm32f10x_sdio.o(i.SDIO_ITConfig), (32 bytes).
    Removing stm32f10x_sdio.o(i.SDIO_Init), (48 bytes).
    Removing stm32f10x_sdio.o(i.SDIO_ReadData), (12 bytes).
    Removing stm32f10x_sdio.o(i.SDIO_SendCEATACmd), (12 bytes).
    Removing stm32f10x_sdio.o(i.SDIO_SendCommand), (44 bytes).
    Removing stm32f10x_sdio.o(i.SDIO_SendSDIOSuspendCmd), (12 bytes).
    Removing stm32f10x_sdio.o(i.SDIO_SetPowerState), (28 bytes).
    Removing stm32f10x_sdio.o(i.SDIO_SetSDIOOperation), (12 bytes).
    Removing stm32f10x_sdio.o(i.SDIO_SetSDIOReadWaitMode), (12 bytes).
    Removing stm32f10x_sdio.o(i.SDIO_StartSDIOReadWait), (12 bytes).
    Removing stm32f10x_sdio.o(i.SDIO_StopSDIOReadWait), (12 bytes).
    Removing stm32f10x_sdio.o(i.SDIO_StructInit), (16 bytes).
    Removing stm32f10x_sdio.o(i.SDIO_WriteData), (12 bytes).
    Removing stm32f10x_spi.o(i.I2S_Cmd), (24 bytes).
    Removing stm32f10x_spi.o(i.I2S_Init), (232 bytes).
    Removing stm32f10x_spi.o(i.I2S_StructInit), (20 bytes).
    Removing stm32f10x_spi.o(i.SPI_BiDirectionalLineConfig), (28 bytes).
    Removing stm32f10x_spi.o(i.SPI_CalculateCRC), (24 bytes).
    Removing stm32f10x_spi.o(i.SPI_Cmd), (24 bytes).
    Removing stm32f10x_spi.o(i.SPI_DataSizeConfig), (18 bytes).
    Removing stm32f10x_spi.o(i.SPI_GetCRC), (16 bytes).
    Removing stm32f10x_spi.o(i.SPI_GetCRCPolynomial), (6 bytes).
    Removing stm32f10x_spi.o(i.SPI_I2S_ClearFlag), (6 bytes).
    Removing stm32f10x_spi.o(i.SPI_I2S_ClearITPendingBit), (20 bytes).
    Removing stm32f10x_spi.o(i.SPI_I2S_DMACmd), (18 bytes).
    Removing stm32f10x_spi.o(i.SPI_I2S_DeInit), (88 bytes).
    Removing stm32f10x_spi.o(i.SPI_I2S_GetFlagStatus), (18 bytes).
    Removing stm32f10x_spi.o(i.SPI_I2S_GetITStatus), (52 bytes).
    Removing stm32f10x_spi.o(i.SPI_I2S_ITConfig), (32 bytes).
    Removing stm32f10x_spi.o(i.SPI_I2S_ReceiveData), (6 bytes).
    Removing stm32f10x_spi.o(i.SPI_I2S_SendData), (4 bytes).
    Removing stm32f10x_spi.o(i.SPI_Init), (60 bytes).
    Removing stm32f10x_spi.o(i.SPI_NSSInternalSoftwareConfig), (30 bytes).
    Removing stm32f10x_spi.o(i.SPI_SSOutputCmd), (24 bytes).
    Removing stm32f10x_spi.o(i.SPI_StructInit), (24 bytes).
    Removing stm32f10x_spi.o(i.SPI_TransmitCRC), (10 bytes).
    Removing stm32f10x_tim.o(i.TI1_Config), (128 bytes).
    Removing stm32f10x_tim.o(i.TI2_Config), (152 bytes).
    Removing stm32f10x_tim.o(i.TI3_Config), (144 bytes).
    Removing stm32f10x_tim.o(i.TI4_Config), (152 bytes).
    Removing stm32f10x_tim.o(i.TIM_ARRPreloadConfig), (24 bytes).
    Removing stm32f10x_tim.o(i.TIM_BDTRConfig), (32 bytes).
    Removing stm32f10x_tim.o(i.TIM_BDTRStructInit), (18 bytes).
    Removing stm32f10x_tim.o(i.TIM_CCPreloadControl), (24 bytes).
    Removing stm32f10x_tim.o(i.TIM_CCxCmd), (30 bytes).
    Removing stm32f10x_tim.o(i.TIM_CCxNCmd), (30 bytes).
    Removing stm32f10x_tim.o(i.TIM_ClearFlag), (6 bytes).
    Removing stm32f10x_tim.o(i.TIM_ClearOC1Ref), (18 bytes).
    Removing stm32f10x_tim.o(i.TIM_ClearOC2Ref), (24 bytes).
    Removing stm32f10x_tim.o(i.TIM_ClearOC3Ref), (18 bytes).
    Removing stm32f10x_tim.o(i.TIM_ClearOC4Ref), (24 bytes).
    Removing stm32f10x_tim.o(i.TIM_Cmd), (24 bytes).
    Removing stm32f10x_tim.o(i.TIM_CounterModeConfig), (18 bytes).
    Removing stm32f10x_tim.o(i.TIM_CtrlPWMOutputs), (30 bytes).
    Removing stm32f10x_tim.o(i.TIM_DMACmd), (18 bytes).
    Removing stm32f10x_tim.o(i.TIM_DMAConfig), (10 bytes).
    Removing stm32f10x_tim.o(i.TIM_DeInit), (488 bytes).
    Removing stm32f10x_tim.o(i.TIM_ETRClockMode1Config), (54 bytes).
    Removing stm32f10x_tim.o(i.TIM_ETRClockMode2Config), (32 bytes).
    Removing stm32f10x_tim.o(i.TIM_ETRConfig), (28 bytes).
    Removing stm32f10x_tim.o(i.TIM_EncoderInterfaceConfig), (66 bytes).
    Removing stm32f10x_tim.o(i.TIM_ForcedOC1Config), (18 bytes).
    Removing stm32f10x_tim.o(i.TIM_ForcedOC2Config), (26 bytes).
    Removing stm32f10x_tim.o(i.TIM_ForcedOC3Config), (18 bytes).
    Removing stm32f10x_tim.o(i.TIM_ForcedOC4Config), (26 bytes).
    Removing stm32f10x_tim.o(i.TIM_GenerateEvent), (4 bytes).
    Removing stm32f10x_tim.o(i.TIM_GetCapture1), (6 bytes).
    Removing stm32f10x_tim.o(i.TIM_GetCapture2), (6 bytes).
    Removing stm32f10x_tim.o(i.TIM_GetCapture3), (6 bytes).
    Removing stm32f10x_tim.o(i.TIM_GetCapture4), (8 bytes).
    Removing stm32f10x_tim.o(i.TIM_GetCounter), (6 bytes).
    Removing stm32f10x_tim.o(i.TIM_GetFlagStatus), (18 bytes).
    Removing stm32f10x_tim.o(i.TIM_GetPrescaler), (6 bytes).
    Removing stm32f10x_tim.o(i.TIM_ICInit), (172 bytes).
    Removing stm32f10x_tim.o(i.TIM_ICStructInit), (18 bytes).
    Removing stm32f10x_tim.o(i.TIM_ITConfig), (18 bytes).
    Removing stm32f10x_tim.o(i.TIM_ITRxExternalClockConfig), (24 bytes).
    Removing stm32f10x_tim.o(i.TIM_InternalClockConfig), (12 bytes).
    Removing stm32f10x_tim.o(i.TIM_OC1FastConfig), (18 bytes).
    Removing stm32f10x_tim.o(i.TIM_OC1Init), (152 bytes).
    Removing stm32f10x_tim.o(i.TIM_OC1NPolarityConfig), (18 bytes).
    Removing stm32f10x_tim.o(i.TIM_OC1PolarityConfig), (18 bytes).
    Removing stm32f10x_tim.o(i.TIM_OC1PreloadConfig), (18 bytes).
    Removing stm32f10x_tim.o(i.TIM_OC2FastConfig), (26 bytes).
    Removing stm32f10x_tim.o(i.TIM_OC2Init), (164 bytes).
    Removing stm32f10x_tim.o(i.TIM_OC2NPolarityConfig), (26 bytes).
    Removing stm32f10x_tim.o(i.TIM_OC2PolarityConfig), (26 bytes).
    Removing stm32f10x_tim.o(i.TIM_OC2PreloadConfig), (26 bytes).
    Removing stm32f10x_tim.o(i.TIM_OC3FastConfig), (18 bytes).
    Removing stm32f10x_tim.o(i.TIM_OC3Init), (160 bytes).
    Removing stm32f10x_tim.o(i.TIM_OC3NPolarityConfig), (26 bytes).
    Removing stm32f10x_tim.o(i.TIM_OC3PolarityConfig), (26 bytes).
    Removing stm32f10x_tim.o(i.TIM_OC3PreloadConfig), (18 bytes).
    Removing stm32f10x_tim.o(i.TIM_OC4FastConfig), (26 bytes).
    Removing stm32f10x_tim.o(i.TIM_OC4Init), (124 bytes).
    Removing stm32f10x_tim.o(i.TIM_OC4PolarityConfig), (26 bytes).
    Removing stm32f10x_tim.o(i.TIM_OC4PreloadConfig), (26 bytes).
    Removing stm32f10x_tim.o(i.TIM_OCStructInit), (20 bytes).
    Removing stm32f10x_tim.o(i.TIM_PWMIConfig), (124 bytes).
    Removing stm32f10x_tim.o(i.TIM_PrescalerConfig), (6 bytes).
    Removing stm32f10x_tim.o(i.TIM_SelectCCDMA), (24 bytes).
    Removing stm32f10x_tim.o(i.TIM_SelectCOM), (24 bytes).
    Removing stm32f10x_tim.o(i.TIM_SelectHallSensor), (24 bytes).
    Removing stm32f10x_tim.o(i.TIM_SelectInputTrigger), (18 bytes).
    Removing stm32f10x_tim.o(i.TIM_SelectMasterSlaveMode), (18 bytes).
    Removing stm32f10x_tim.o(i.TIM_SelectOCxM), (82 bytes).
    Removing stm32f10x_tim.o(i.TIM_SelectOnePulseMode), (18 bytes).
    Removing stm32f10x_tim.o(i.TIM_SelectOutputTrigger), (18 bytes).
    Removing stm32f10x_tim.o(i.TIM_SelectSlaveMode), (18 bytes).
    Removing stm32f10x_tim.o(i.TIM_SetAutoreload), (4 bytes).
    Removing stm32f10x_tim.o(i.TIM_SetClockDivision), (18 bytes).
    Removing stm32f10x_tim.o(i.TIM_SetCompare1), (4 bytes).
    Removing stm32f10x_tim.o(i.TIM_SetCompare2), (4 bytes).
    Removing stm32f10x_tim.o(i.TIM_SetCompare3), (4 bytes).
    Removing stm32f10x_tim.o(i.TIM_SetCompare4), (6 bytes).
    Removing stm32f10x_tim.o(i.TIM_SetCounter), (4 bytes).
    Removing stm32f10x_tim.o(i.TIM_SetIC1Prescaler), (18 bytes).
    Removing stm32f10x_tim.o(i.TIM_SetIC2Prescaler), (26 bytes).
    Removing stm32f10x_tim.o(i.TIM_SetIC3Prescaler), (18 bytes).
    Removing stm32f10x_tim.o(i.TIM_SetIC4Prescaler), (26 bytes).
    Removing stm32f10x_tim.o(i.TIM_TIxExternalClockConfig), (62 bytes).
    Removing stm32f10x_tim.o(i.TIM_TimeBaseInit), (164 bytes).
    Removing stm32f10x_tim.o(i.TIM_TimeBaseStructInit), (18 bytes).
    Removing stm32f10x_tim.o(i.TIM_UpdateDisableConfig), (24 bytes).
    Removing stm32f10x_tim.o(i.TIM_UpdateRequestConfig), (24 bytes).
    Removing stm32f10x_usart.o(i.USART_ClockInit), (34 bytes).
    Removing stm32f10x_usart.o(i.USART_ClockStructInit), (12 bytes).
    Removing stm32f10x_usart.o(i.USART_DMACmd), (18 bytes).
    Removing stm32f10x_usart.o(i.USART_DeInit), (156 bytes).
    Removing stm32f10x_usart.o(i.USART_HalfDuplexCmd), (24 bytes).
    Removing stm32f10x_usart.o(i.USART_IrDACmd), (24 bytes).
    Removing stm32f10x_usart.o(i.USART_IrDAConfig), (18 bytes).
    Removing stm32f10x_usart.o(i.USART_LINBreakDetectLengthConfig), (18 bytes).
    Removing stm32f10x_usart.o(i.USART_LINCmd), (24 bytes).
    Removing stm32f10x_usart.o(i.USART_OneBitMethodCmd), (24 bytes).
    Removing stm32f10x_usart.o(i.USART_OverSampling8Cmd), (22 bytes).
    Removing stm32f10x_usart.o(i.USART_ReceiverWakeUpCmd), (24 bytes).
    Removing stm32f10x_usart.o(i.USART_SendBreak), (10 bytes).
    Removing stm32f10x_usart.o(i.USART_SetAddress), (18 bytes).
    Removing stm32f10x_usart.o(i.USART_SetGuardTime), (16 bytes).
    Removing stm32f10x_usart.o(i.USART_SetPrescaler), (16 bytes).
    Removing stm32f10x_usart.o(i.USART_SmartCardCmd), (24 bytes).
    Removing stm32f10x_usart.o(i.USART_SmartCardNACKCmd), (24 bytes).
    Removing stm32f10x_usart.o(i.USART_WakeUpConfig), (18 bytes).
    Removing stm32f10x_wwdg.o(i.WWDG_ClearFlag), (12 bytes).
    Removing stm32f10x_wwdg.o(i.WWDG_DeInit), (22 bytes).
    Removing stm32f10x_wwdg.o(i.WWDG_Enable), (16 bytes).
    Removing stm32f10x_wwdg.o(i.WWDG_EnableIT), (12 bytes).
    Removing stm32f10x_wwdg.o(i.WWDG_GetFlagStatus), (12 bytes).
    Removing stm32f10x_wwdg.o(i.WWDG_SetCounter), (16 bytes).
    Removing stm32f10x_wwdg.o(i.WWDG_SetPrescaler), (24 bytes).
    Removing stm32f10x_wwdg.o(i.WWDG_SetWindowValue), (40 bytes).
    Removing system_stm32f10x.o(i.SystemCoreClockUpdate), (164 bytes).
    Removing startup_stm32f10x_hd.o(HEAP), (512 bytes).
    Removing core_cm3.o(.emb_text), (32 bytes).
    Removing nvic.o(i.ConfigNVIC), (12 bytes).
    Removing nvic.o(i.InitNVIC), (8 bytes).
    Removing systick.o(i.DelayNms), (24 bytes).
    Removing systick.o(i.DelayNus), (26 bytes).
    Removing systick.o(i.InitSysTick), (104 bytes).
    Removing systick.o(.data), (4 bytes).
    Removing dadd.o(.text), (334 bytes).
    Removing dmul.o(.text), (228 bytes).
    Removing ddiv.o(.text), (222 bytes).
    Removing dfixul.o(.text), (48 bytes).
    Removing cdrcmple.o(.text), (48 bytes).
    Removing depilogue.o(.text), (186 bytes).

509 unused section(s) (total 23002 bytes) removed from the image.

==============================================================================

Image Symbol Table

    Local Symbols

    Symbol Name                              Value     Ov Type        Size  Object(Section)

    ../clib/microlib/division.c              0x00000000   Number         0  uidiv.o ABSOLUTE
    ../clib/microlib/division.c              0x00000000   Number         0  uldiv.o ABSOLUTE
    ../clib/microlib/init/entry.s            0x00000000   Number         0  entry9b.o ABSOLUTE
    ../clib/microlib/init/entry.s            0x00000000   Number         0  entry10a.o ABSOLUTE
    ../clib/microlib/init/entry.s            0x00000000   Number         0  entry8a.o ABSOLUTE
    ../clib/microlib/init/entry.s            0x00000000   Number         0  entry10b.o ABSOLUTE
    ../clib/microlib/init/entry.s            0x00000000   Number         0  entry11a.o ABSOLUTE
    ../clib/microlib/init/entry.s            0x00000000   Number         0  entry8b.o ABSOLUTE
    ../clib/microlib/init/entry.s            0x00000000   Number         0  entry11b.o ABSOLUTE
    ../clib/microlib/init/entry.s            0x00000000   Number         0  entry7a.o ABSOLUTE
    ../clib/microlib/init/entry.s            0x00000000   Number         0  entry.o ABSOLUTE
    ../clib/microlib/init/entry.s            0x00000000   Number         0  entry9a.o ABSOLUTE
    ../clib/microlib/init/entry.s            0x00000000   Number         0  entry2.o ABSOLUTE
    ../clib/microlib/init/entry.s            0x00000000   Number         0  entry7b.o ABSOLUTE
    ../clib/microlib/init/entry.s            0x00000000   Number         0  entry5.o ABSOLUTE
    ../clib/microlib/longlong.c              0x00000000   Number         0  llushr.o ABSOLUTE
    ../clib/microlib/longlong.c              0x00000000   Number         0  llshl.o ABSOLUTE
    ../clib/microlib/longlong.c              0x00000000   Number         0  llsshr.o ABSOLUTE
    ../clib/microlib/printf/printf.c         0x00000000   Number         0  printfb.o ABSOLUTE
    ../clib/microlib/printf/printf.c         0x00000000   Number         0  printf0.o ABSOLUTE
    ../clib/microlib/printf/printf.c         0x00000000   Number         0  printf1.o ABSOLUTE
    ../clib/microlib/printf/printf.c         0x00000000   Number         0  printf3.o ABSOLUTE
    ../clib/microlib/printf/printf.c         0x00000000   Number         0  printf4.o ABSOLUTE
    ../clib/microlib/printf/printf.c         0x00000000   Number         0  printf5.o ABSOLUTE
    ../clib/microlib/printf/printf.c         0x00000000   Number         0  printf2.o ABSOLUTE
    ../clib/microlib/printf/printf.c         0x00000000   Number         0  printf7.o ABSOLUTE
    ../clib/microlib/printf/printf.c         0x00000000   Number         0  printf8.o ABSOLUTE
    ../clib/microlib/printf/printf.c         0x00000000   Number         0  printfa.o ABSOLUTE
    ../clib/microlib/printf/printf.c         0x00000000   Number         0  printf6.o ABSOLUTE
    ../clib/microlib/printf/stubs.s          0x00000000   Number         0  stubs.o ABSOLUTE
    ../clib/microlib/stdio/streams.c         0x00000000   Number         0  stdout.o ABSOLUTE
    ../clib/microlib/stubs.s                 0x00000000   Number         0  iusefp.o ABSOLUTE
    ../fplib/microlib/fpadd.c                0x00000000   Number         0  dadd.o ABSOLUTE
    ../fplib/microlib/fpdiv.c                0x00000000   Number         0  ddiv.o ABSOLUTE
    ../fplib/microlib/fpepilogue.c           0x00000000   Number         0  depilogue.o ABSOLUTE
    ../fplib/microlib/fpfix.c                0x00000000   Number         0  dfixul.o ABSOLUTE
    ../fplib/microlib/fpmul.c                0x00000000   Number         0  dmul.o ABSOLUTE
    ..\ARM\NVIC\NVIC.c                       0x00000000   Number         0  nvic.o ABSOLUTE
    ..\ARM\SysTick\SysTick.c                 0x00000000   Number         0  systick.o ABSOLUTE
    ..\ARM\System\core_cm3.c                 0x00000000   Number         0  core_cm3.o ABSOLUTE
    ..\ARM\System\startup_stm32f10x_hd.s     0x00000000   Number         0  startup_stm32f10x_hd.o ABSOLUTE
    ..\ARM\System\stm32f10x_it.c             0x00000000   Number         0  stm32f10x_it.o ABSOLUTE
    ..\ARM\System\system_stm32f10x.c         0x00000000   Number         0  system_stm32f10x.o ABSOLUTE
    ..\App\Main\Main.c                       0x00000000   Number         0  main.o ABSOLUTE
    ..\CasyOS\CasyOS.c                       0x00000000   Number         0  casyos.o ABSOLUTE
    ..\CasyOS\os_flag.c                      0x00000000   Number         0  os_flag.o ABSOLUTE
    ..\CasyOS\os_mem.c                       0x00000000   Number         0  os_mem.o ABSOLUTE
    ..\CasyOS\os_mutex.c                     0x00000000   Number         0  os_mutex.o ABSOLUTE
    ..\CasyOS\os_q.c                         0x00000000   Number         0  os_q.o ABSOLUTE
    ..\CasyOS\os_sem.c                       0x00000000   Number         0  os_sem.o ABSOLUTE
    ..\CasyOS\os_task.c                      0x00000000   Number         0  os_task.o ABSOLUTE
    ..\FW\src\misc.c                         0x00000000   Number         0  misc.o ABSOLUTE
    ..\FW\src\stm32f10x_adc.c                0x00000000   Number         0  stm32f10x_adc.o ABSOLUTE
    ..\FW\src\stm32f10x_bkp.c                0x00000000   Number         0  stm32f10x_bkp.o ABSOLUTE
    ..\FW\src\stm32f10x_can.c                0x00000000   Number         0  stm32f10x_can.o ABSOLUTE
    ..\FW\src\stm32f10x_cec.c                0x00000000   Number         0  stm32f10x_cec.o ABSOLUTE
    ..\FW\src\stm32f10x_crc.c                0x00000000   Number         0  stm32f10x_crc.o ABSOLUTE
    ..\FW\src\stm32f10x_dac.c                0x00000000   Number         0  stm32f10x_dac.o ABSOLUTE
    ..\FW\src\stm32f10x_dbgmcu.c             0x00000000   Number         0  stm32f10x_dbgmcu.o ABSOLUTE
    ..\FW\src\stm32f10x_dma.c                0x00000000   Number         0  stm32f10x_dma.o ABSOLUTE
    ..\FW\src\stm32f10x_exti.c               0x00000000   Number         0  stm32f10x_exti.o ABSOLUTE
    ..\FW\src\stm32f10x_flash.c              0x00000000   Number         0  stm32f10x_flash.o ABSOLUTE
    ..\FW\src\stm32f10x_fsmc.c               0x00000000   Number         0  stm32f10x_fsmc.o ABSOLUTE
    ..\FW\src\stm32f10x_gpio.c               0x00000000   Number         0  stm32f10x_gpio.o ABSOLUTE
    ..\FW\src\stm32f10x_i2c.c                0x00000000   Number         0  stm32f10x_i2c.o ABSOLUTE
    ..\FW\src\stm32f10x_iwdg.c               0x00000000   Number         0  stm32f10x_iwdg.o ABSOLUTE
    ..\FW\src\stm32f10x_pwr.c                0x00000000   Number         0  stm32f10x_pwr.o ABSOLUTE
    ..\FW\src\stm32f10x_rcc.c                0x00000000   Number         0  stm32f10x_rcc.o ABSOLUTE
    ..\FW\src\stm32f10x_rtc.c                0x00000000   Number         0  stm32f10x_rtc.o ABSOLUTE
    ..\FW\src\stm32f10x_sdio.c               0x00000000   Number         0  stm32f10x_sdio.o ABSOLUTE
    ..\FW\src\stm32f10x_spi.c                0x00000000   Number         0  stm32f10x_spi.o ABSOLUTE
    ..\FW\src\stm32f10x_tim.c                0x00000000   Number         0  stm32f10x_tim.o ABSOLUTE
    ..\FW\src\stm32f10x_usart.c              0x00000000   Number         0  stm32f10x_usart.o ABSOLUTE
    ..\FW\src\stm32f10x_wwdg.c               0x00000000   Number         0  stm32f10x_wwdg.o ABSOLUTE
    ..\HW\RCC\RCC.c                          0x00000000   Number         0  rcc.o ABSOLUTE
    ..\HW\Timer\Timer.c                      0x00000000   Number         0  timer.o ABSOLUTE
    ..\HW\UART1\Queue.c                      0x00000000   Number         0  queue.o ABSOLUTE
    ..\HW\UART1\UART1.c                      0x00000000   Number         0  uart1.o ABSOLUTE
    ..\\ARM\\System\\core_cm3.c              0x00000000   Number         0  core_cm3.o ABSOLUTE
    ..\\CasyOS\\CasyOS.c                     0x00000000   Number         0  casyos.o ABSOLUTE
    cdrcmple.s                               0x00000000   Number         0  cdrcmple.o ABSOLUTE
    dc.s                                     0x00000000   Number         0  dc.o ABSOLUTE
    handlers.s                               0x00000000   Number         0  handlers.o ABSOLUTE
    init.s                                   0x00000000   Number         0  init.o ABSOLUTE
    RESET                                    0x08000000   Section      304  startup_stm32f10x_hd.o(RESET)
    .ARM.Collect$$$$00000000                 0x08000130   Section        0  entry.o(.ARM.Collect$$$$00000000)
    .ARM.Collect$$$$00000001                 0x08000130   Section        4  entry2.o(.ARM.Collect$$$$00000001)
    .ARM.Collect$$$$00000004                 0x08000134   Section        4  entry5.o(.ARM.Collect$$$$00000004)
    .ARM.Collect$$$$00000008                 0x08000138   Section        0  entry7b.o(.ARM.Collect$$$$00000008)
    .ARM.Collect$$$$0000000A                 0x08000138   Section        0  entry8b.o(.ARM.Collect$$$$0000000A)
    .ARM.Collect$$$$0000000B                 0x08000138   Section        8  entry9a.o(.ARM.Collect$$$$0000000B)
    .ARM.Collect$$$$0000000D                 0x08000140   Section        0  entry10a.o(.ARM.Collect$$$$0000000D)
    .ARM.Collect$$$$0000000F                 0x08000140   Section        0  entry11a.o(.ARM.Collect$$$$0000000F)
    .ARM.Collect$$$$00002712                 0x08000140   Section        4  entry2.o(.ARM.Collect$$$$00002712)
    __lit__00000000                          0x08000140   Data           4  entry2.o(.ARM.Collect$$$$00002712)
    .emb_text                                0x08000144   Section       76  casyos.o(.emb_text)
    .text                                    0x08000190   Section       36  startup_stm32f10x_hd.o(.text)
    .text                                    0x080001b4   Section        0  uidiv.o(.text)
    .text                                    0x080001e0   Section       36  init.o(.text)
    i.BusFault_Handler                       0x08000204   Section        0  stm32f10x_it.o(i.BusFault_Handler)
    i.ConfigUART                             0x08000208   Section        0  uart1.o(i.ConfigUART)
    ConfigUART                               0x08000209   Thumb Code   182  uart1.o(i.ConfigUART)
    i.DeQueue                                0x080002cc   Section        0  queue.o(i.DeQueue)
    i.DebugMon_Handler                       0x08000310   Section        0  stm32f10x_it.o(i.DebugMon_Handler)
    i.EnQueue                                0x08000312   Section        0  queue.o(i.EnQueue)
    i.GPIO_Init                              0x0800035a   Section        0  stm32f10x_gpio.o(i.GPIO_Init)
    i.HardFault_Handler                      0x08000470   Section        0  stm32f10x_it.o(i.HardFault_Handler)
    i.IdleTask                               0x08000474   Section        0  casyos.o(i.IdleTask)
    IdleTask                                 0x08000475   Thumb Code     4  casyos.o(i.IdleTask)
    i.InitCasyOS                             0x08000478   Section        0  casyos.o(i.InitCasyOS)
    i.InitQueue                              0x08000484   Section        0  queue.o(i.InitQueue)
    i.InitUART1                              0x080004a8   Section        0  uart1.o(i.InitUART1)
    i.InitUARTBuf                            0x080004b8   Section        0  uart1.o(i.InitUARTBuf)
    InitUARTBuf                              0x080004b9   Thumb Code    46  uart1.o(i.InitUARTBuf)
    i.MallocMemory                           0x080004f8   Section        0  os_mem.o(i.MallocMemory)
    MallocMemory                             0x080004f9   Thumb Code    96  os_mem.o(i.MallocMemory)
    i.MemManage_Handler                      0x0800055c   Section        0  stm32f10x_it.o(i.MemManage_Handler)
    i.NMI_Handler                            0x08000560   Section        0  stm32f10x_it.o(i.NMI_Handler)
    i.NVIC_ClearPendingIRQ                   0x08000564   Section        0  uart1.o(i.NVIC_ClearPendingIRQ)
    NVIC_ClearPendingIRQ                     0x08000565   Thumb Code    18  uart1.o(i.NVIC_ClearPendingIRQ)
    i.NVIC_Init                              0x0800057c   Section        0  misc.o(i.NVIC_Init)
    i.NVIC_SetPriority                       0x080005ec   Section        0  casyos.o(i.NVIC_SetPriority)
    NVIC_SetPriority                         0x080005ed   Thumb Code    32  casyos.o(i.NVIC_SetPriority)
    i.OSDelay                                0x08000614   Section        0  casyos.o(i.OSDelay)
    i.OSInitMemory                           0x08000694   Section        0  os_mem.o(i.OSInitMemory)
    i.OSInitTaskSched                        0x080006cc   Section        0  os_task.o(i.OSInitTaskSched)
    i.OSIntEnter                             0x080006e8   Section        0  casyos.o(i.OSIntEnter)
    i.OSIntExit                              0x08000704   Section        0  casyos.o(i.OSIntExit)
    i.OSMalloc                               0x08000748   Section        0  os_mem.o(i.OSMalloc)
    i.OSMemoryPerused                        0x08000820   Section        0  os_mem.o(i.OSMemoryPerused)
    i.OSRegister                             0x08000868   Section        0  casyos.o(i.OSRegister)
    i.OSStart                                0x08000980   Section        0  casyos.o(i.OSStart)
    i.OS_BitMapClr                           0x08000a20   Section        0  os_task.o(i.OS_BitMapClr)
    i.OS_BitMapGetHighest                    0x08000a78   Section        0  os_task.o(i.OS_BitMapGetHighest)
    i.OS_BitMapInit                          0x08000ac8   Section        0  os_task.o(i.OS_BitMapInit)
    i.OS_BitMapSet                           0x08000ad4   Section        0  os_task.o(i.OS_BitMapSet)
    i.OS_ENTER_CRITICAL                      0x08000b2c   Section        0  casyos.o(i.OS_ENTER_CRITICAL)
    i.OS_EXIT_CRITICAL                       0x08000b30   Section        0  casyos.o(i.OS_EXIT_CRITICAL)
    i.OS_InISR                               0x08000b34   Section        0  casyos.o(i.OS_InISR)
    i.OS_PendListInit                        0x08000b48   Section        0  os_task.o(i.OS_PendListInit)
    i.OS_QInit                               0x08000b50   Section        0  os_q.o(i.OS_QInit)
    i.OS_RdyListInit                         0x08000bdc   Section        0  os_task.o(i.OS_RdyListInit)
    i.OS_RdyTaskAdd                          0x08000bfc   Section        0  os_task.o(i.OS_RdyTaskAdd)
    i.OS_RdyTaskRemove                       0x08000c34   Section        0  os_task.o(i.OS_RdyTaskRemove)
    i.OS_Sched                               0x08000c8c   Section        0  casyos.o(i.OS_Sched)
    i.OS_SemInit                             0x08000cb0   Section        0  os_sem.o(i.OS_SemInit)
    i.OS_TaskListAdd                         0x08000cfc   Section        0  os_task.o(i.OS_TaskListAdd)
    i.OS_TaskListInit                        0x08000d1c   Section        0  os_task.o(i.OS_TaskListInit)
    i.OS_TickListInit                        0x08000d28   Section        0  os_task.o(i.OS_TickListInit)
    i.OS_TickTaskInsert                      0x08000d38   Section        0  os_task.o(i.OS_TickTaskInsert)
    i.OS_TickTaskRemove                      0x08000e1c   Section        0  os_task.o(i.OS_TickTaskRemove)
    i.OS_TickUpdate                          0x08000eb8   Section        0  os_task.o(i.OS_TickUpdate)
    i.OS_UpdateCurrentTask                   0x08000efc   Section        0  os_task.o(i.OS_UpdateCurrentTask)
    i.QueueEmpty                             0x08000f20   Section        0  queue.o(i.QueueEmpty)
    i.RCC_APB2PeriphClockCmd                 0x08000f30   Section        0  stm32f10x_rcc.o(i.RCC_APB2PeriphClockCmd)
    i.RCC_GetClocksFreq                      0x08000f50   Section        0  stm32f10x_rcc.o(i.RCC_GetClocksFreq)
    i.ReadSendBuf                            0x08001024   Section        0  uart1.o(i.ReadSendBuf)
    ReadSendBuf                              0x08001025   Thumb Code    22  uart1.o(i.ReadSendBuf)
    i.SendCharUsedByFputc                    0x08001040   Section        0  uart1.o(i.SendCharUsedByFputc)
    SendCharUsedByFputc                      0x08001041   Thumb Code    28  uart1.o(i.SendCharUsedByFputc)
    i.SetSysClock                            0x08001060   Section        0  system_stm32f10x.o(i.SetSysClock)
    SetSysClock                              0x08001061   Thumb Code     8  system_stm32f10x.o(i.SetSysClock)
    i.SetSysClockTo72                        0x08001068   Section        0  system_stm32f10x.o(i.SetSysClockTo72)
    SetSysClockTo72                          0x08001069   Thumb Code   214  system_stm32f10x.o(i.SetSysClockTo72)
    i.SysTick_Handler                        0x08001148   Section        0  casyos.o(i.SysTick_Handler)
    i.SystemInit                             0x0800115c   Section        0  system_stm32f10x.o(i.SystemInit)
    i.TIM2_IRQHandler                        0x080011bc   Section        0  timer.o(i.TIM2_IRQHandler)
    i.TIM5_IRQHandler                        0x080011f8   Section        0  timer.o(i.TIM5_IRQHandler)
    i.TIM_ClearITPendingBit                  0x08001240   Section        0  stm32f10x_tim.o(i.TIM_ClearITPendingBit)
    i.TIM_GetITStatus                        0x08001246   Section        0  stm32f10x_tim.o(i.TIM_GetITStatus)
    i.Task1                                  0x08001268   Section        0  main.o(i.Task1)
    Task1                                    0x08001269   Thumb Code    18  main.o(i.Task1)
    i.Task2                                  0x0800128c   Section        0  main.o(i.Task2)
    Task2                                    0x0800128d   Thumb Code    18  main.o(i.Task2)
    i.USART1_IRQHandler                      0x080012b0   Section        0  uart1.o(i.USART1_IRQHandler)
    i.USART_ClearFlag                        0x08001348   Section        0  stm32f10x_usart.o(i.USART_ClearFlag)
    i.USART_ClearITPendingBit                0x0800135a   Section        0  stm32f10x_usart.o(i.USART_ClearITPendingBit)
    i.USART_Cmd                              0x08001378   Section        0  stm32f10x_usart.o(i.USART_Cmd)
    i.USART_GetFlagStatus                    0x08001390   Section        0  stm32f10x_usart.o(i.USART_GetFlagStatus)
    i.USART_GetITStatus                      0x080013aa   Section        0  stm32f10x_usart.o(i.USART_GetITStatus)
    i.USART_ITConfig                         0x080013fe   Section        0  stm32f10x_usart.o(i.USART_ITConfig)
    i.USART_Init                             0x08001448   Section        0  stm32f10x_usart.o(i.USART_Init)
    i.USART_ReceiveData                      0x08001520   Section        0  stm32f10x_usart.o(i.USART_ReceiveData)
    i.USART_SendData                         0x0800152a   Section        0  stm32f10x_usart.o(i.USART_SendData)
    i.USART_StructInit                       0x08001532   Section        0  stm32f10x_usart.o(i.USART_StructInit)
    i.UsageFault_Handler                     0x0800154a   Section        0  stm32f10x_it.o(i.UsageFault_Handler)
    i.WriteReceiveBuf                        0x08001550   Section        0  uart1.o(i.WriteReceiveBuf)
    WriteReceiveBuf                          0x08001551   Thumb Code    20  uart1.o(i.WriteReceiveBuf)
    i.__0printf$3                            0x08001568   Section        0  printf3.o(i.__0printf$3)
    i.__scatterload_copy                     0x08001588   Section       14  handlers.o(i.__scatterload_copy)
    i.__scatterload_null                     0x08001596   Section        2  handlers.o(i.__scatterload_null)
    i.__scatterload_zeroinit                 0x08001598   Section       14  handlers.o(i.__scatterload_zeroinit)
    i.__set_BASEPRI                          0x080015a6   Section        0  casyos.o(i.__set_BASEPRI)
    __set_BASEPRI                            0x080015a7   Thumb Code     8  casyos.o(i.__set_BASEPRI)
    i._printf_core                           0x080015b0   Section        0  printf3.o(i._printf_core)
    _printf_core                             0x080015b1   Thumb Code   436  printf3.o(i._printf_core)
    i.fputc                                  0x08001768   Section        0  uart1.o(i.fputc)
    i.main                                   0x08001778   Section        0  main.o(i.main)
    .conststring                             0x08001844   Section       14  main.o(.conststring)
    .data                                    0x20000000   Section       64  main.o(.data)
    .data                                    0x20000040   Section        6  timer.o(.data)
    s_i2msFlag                               0x20000040   Data           1  timer.o(.data)
    s_i1secFlag                              0x20000041   Data           1  timer.o(.data)
    s_iCnt2                                  0x20000042   Data           2  timer.o(.data)
    s_iCnt1000                               0x20000044   Data           2  timer.o(.data)
    .data                                    0x20000046   Section        1  uart1.o(.data)
    s_iUARTTxSts                             0x20000046   Data           1  uart1.o(.data)
    .data                                    0x20000048   Section        6  casyos.o(.data)
    .data                                    0x20000050   Section       24  os_mem.o(.data)
    s_OSMemoryDev                            0x20000050   Data          24  os_mem.o(.data)
    .data                                    0x20000068   Section       12  os_task.o(.data)
    s_OSPrioBitMap                           0x20000068   Data           4  os_task.o(.data)
    s_OSTickList                             0x2000006c   Data           8  os_task.o(.data)
    .data                                    0x20000074   Section       20  stm32f10x_rcc.o(.data)
    APBAHBPrescTable                         0x20000074   Data          16  stm32f10x_rcc.o(.data)
    ADCPrescTable                            0x20000084   Data           4  stm32f10x_rcc.o(.data)
    .data                                    0x20000088   Section       20  system_stm32f10x.o(.data)
    .data                                    0x2000009c   Section        4  stdout.o(.data)
    .bss                                     0x200000a0   Section     1280  main.o(.bss)
    s_arrTask1Stack                          0x200000a0   Data         512  main.o(.bss)
    s_structTask1Handle                      0x200002a0   Data         128  main.o(.bss)
    s_arrTask2Stack                          0x20000320   Data         512  main.o(.bss)
    s_structTask2Handle                      0x20000520   Data         128  main.o(.bss)
    .bss                                     0x200005a0   Section      224  uart1.o(.bss)
    s_structUARTSendCirQue                   0x200005a0   Data          12  uart1.o(.bss)
    s_structUARTRecCirQue                    0x200005ac   Data          12  uart1.o(.bss)
    s_arrSendBuf                             0x200005b8   Data         100  uart1.o(.bss)
    s_arrRecBuf                              0x2000061c   Data         100  uart1.o(.bss)
    .bss                                     0x20000680   Section      384  casyos.o(.bss)
    s_arrIdleStack                           0x20000680   Data         256  casyos.o(.bss)
    s_structIdleHandle                       0x20000780   Data         128  casyos.o(.bss)
    .bss                                     0x20000800   Section    20480  os_mem.o(.bss)
    s_OSMemoryPool                           0x20000800   Data       20480  os_mem.o(.bss)
    .bss                                     0x20005800   Section      384  os_task.o(.bss)
    s_OSRdyLists                             0x20005880   Data         256  os_task.o(.bss)
    STACK                                    0x20005980   Section     1024  startup_stm32f10x_hd.o(STACK)

    Global Symbols

    Symbol Name                              Value     Ov Type        Size  Object(Section)

    BuildAttributes$$THM_ISAv4$P$D$K$B$S$PE$A:L22UL41UL21$X:L11$S22US41US21$IEEE1$IW$USESV6$~STKCKD$USESV7$~SHL$OSPACE$ROPI$EBA8$MICROLIB$REQ8$PRES8$EABIv2 0x00000000   Number         0  anon$$obj.o ABSOLUTE
    __ARM_use_no_argv                        0x00000000   Number         0  main.o ABSOLUTE
    _printf_a                                0x00000000   Number         0  stubs.o ABSOLUTE
    _printf_c                                0x00000000   Number         0  stubs.o ABSOLUTE
    _printf_charcount                        0x00000000   Number         0  stubs.o ABSOLUTE
    _printf_d                                0x00000000   Number         0  stubs.o ABSOLUTE
    _printf_e                                0x00000000   Number         0  stubs.o ABSOLUTE
    _printf_f                                0x00000000   Number         0  stubs.o ABSOLUTE
    _printf_flags                            0x00000000   Number         0  stubs.o ABSOLUTE
    _printf_fp_dec                           0x00000000   Number         0  stubs.o ABSOLUTE
    _printf_fp_hex                           0x00000000   Number         0  stubs.o ABSOLUTE
    _printf_g                                0x00000000   Number         0  stubs.o ABSOLUTE
    _printf_i                                0x00000000   Number         0  stubs.o ABSOLUTE
    _printf_int_dec                          0x00000000   Number         0  stubs.o ABSOLUTE
    _printf_l                                0x00000000   Number         0  stubs.o ABSOLUTE
    _printf_lc                               0x00000000   Number         0  stubs.o ABSOLUTE
    _printf_ll                               0x00000000   Number         0  stubs.o ABSOLUTE
    _printf_lld                              0x00000000   Number         0  stubs.o ABSOLUTE
    _printf_lli                              0x00000000   Number         0  stubs.o ABSOLUTE
    _printf_llo                              0x00000000   Number         0  stubs.o ABSOLUTE
    _printf_llu                              0x00000000   Number         0  stubs.o ABSOLUTE
    _printf_llx                              0x00000000   Number         0  stubs.o ABSOLUTE
    _printf_longlong_dec                     0x00000000   Number         0  stubs.o ABSOLUTE
    _printf_longlong_hex                     0x00000000   Number         0  stubs.o ABSOLUTE
    _printf_longlong_oct                     0x00000000   Number         0  stubs.o ABSOLUTE
    _printf_ls                               0x00000000   Number         0  stubs.o ABSOLUTE
    _printf_mbtowc                           0x00000000   Number         0  stubs.o ABSOLUTE
    _printf_n                                0x00000000   Number         0  stubs.o ABSOLUTE
    _printf_o                                0x00000000   Number         0  stubs.o ABSOLUTE
    _printf_p                                0x00000000   Number         0  stubs.o ABSOLUTE
    _printf_percent                          0x00000000   Number         0  stubs.o ABSOLUTE
    _printf_pre_padding                      0x00000000   Number         0  stubs.o ABSOLUTE
    _printf_return_value                     0x00000000   Number         0  stubs.o ABSOLUTE
    _printf_s                                0x00000000   Number         0  stubs.o ABSOLUTE
    _printf_sizespec                         0x00000000   Number         0  stubs.o ABSOLUTE
    _printf_str                              0x00000000   Number         0  stubs.o ABSOLUTE
    _printf_truncate_signed                  0x00000000   Number         0  stubs.o ABSOLUTE
    _printf_truncate_unsigned                0x00000000   Number         0  stubs.o ABSOLUTE
    _printf_u                                0x00000000   Number         0  stubs.o ABSOLUTE
    _printf_wc                               0x00000000   Number         0  stubs.o ABSOLUTE
    _printf_wctomb                           0x00000000   Number         0  stubs.o ABSOLUTE
    _printf_widthprec                        0x00000000   Number         0  stubs.o ABSOLUTE
    _printf_x                                0x00000000   Number         0  stubs.o ABSOLUTE
    __cpp_initialize__aeabi_                  - Undefined Weak Reference
    __cxa_finalize                            - Undefined Weak Reference
    __decompress                              - Undefined Weak Reference
    _clock_init                               - Undefined Weak Reference
    _microlib_exit                            - Undefined Weak Reference
    __Vectors_Size                           0x00000130   Number         0  startup_stm32f10x_hd.o ABSOLUTE
    __Vectors                                0x08000000   Data           4  startup_stm32f10x_hd.o(RESET)
    __Vectors_End                            0x08000130   Data           0  startup_stm32f10x_hd.o(RESET)
    __main                                   0x08000131   Thumb Code     0  entry.o(.ARM.Collect$$$$00000000)
    _main_stk                                0x08000131   Thumb Code     0  entry2.o(.ARM.Collect$$$$00000001)
    _main_scatterload                        0x08000135   Thumb Code     0  entry5.o(.ARM.Collect$$$$00000004)
    __main_after_scatterload                 0x08000139   Thumb Code     0  entry5.o(.ARM.Collect$$$$00000004)
    _main_clock                              0x08000139   Thumb Code     0  entry7b.o(.ARM.Collect$$$$00000008)
    _main_cpp_init                           0x08000139   Thumb Code     0  entry8b.o(.ARM.Collect$$$$0000000A)
    _main_init                               0x08000139   Thumb Code     0  entry9a.o(.ARM.Collect$$$$0000000B)
    __rt_final_cpp                           0x08000141   Thumb Code     0  entry10a.o(.ARM.Collect$$$$0000000D)
    __rt_final_exit                          0x08000141   Thumb Code     0  entry11a.o(.ARM.Collect$$$$0000000F)
    SVC_Handler                              0x08000145   Thumb Code    28  casyos.o(.emb_text)
    PendSV_Handler                           0x08000165   Thumb Code    40  casyos.o(.emb_text)
    Reset_Handler                            0x08000191   Thumb Code     8  startup_stm32f10x_hd.o(.text)
    ADC1_2_IRQHandler                        0x080001ab   Thumb Code     0  startup_stm32f10x_hd.o(.text)
    ADC3_IRQHandler                          0x080001ab   Thumb Code     0  startup_stm32f10x_hd.o(.text)
    CAN1_RX1_IRQHandler                      0x080001ab   Thumb Code     0  startup_stm32f10x_hd.o(.text)
    CAN1_SCE_IRQHandler                      0x080001ab   Thumb Code     0  startup_stm32f10x_hd.o(.text)
    DMA1_Channel1_IRQHandler                 0x080001ab   Thumb Code     0  startup_stm32f10x_hd.o(.text)
    DMA1_Channel2_IRQHandler                 0x080001ab   Thumb Code     0  startup_stm32f10x_hd.o(.text)
    DMA1_Channel3_IRQHandler                 0x080001ab   Thumb Code     0  startup_stm32f10x_hd.o(.text)
    DMA1_Channel4_IRQHandler                 0x080001ab   Thumb Code     0  startup_stm32f10x_hd.o(.text)
    DMA1_Channel5_IRQHandler                 0x080001ab   Thumb Code     0  startup_stm32f10x_hd.o(.text)
    DMA1_Channel6_IRQHandler                 0x080001ab   Thumb Code     0  startup_stm32f10x_hd.o(.text)
    DMA1_Channel7_IRQHandler                 0x080001ab   Thumb Code     0  startup_stm32f10x_hd.o(.text)
    DMA2_Channel1_IRQHandler                 0x080001ab   Thumb Code     0  startup_stm32f10x_hd.o(.text)
    DMA2_Channel2_IRQHandler                 0x080001ab   Thumb Code     0  startup_stm32f10x_hd.o(.text)
    DMA2_Channel3_IRQHandler                 0x080001ab   Thumb Code     0  startup_stm32f10x_hd.o(.text)
    DMA2_Channel4_5_IRQHandler               0x080001ab   Thumb Code     0  startup_stm32f10x_hd.o(.text)
    EXTI0_IRQHandler                         0x080001ab   Thumb Code     0  startup_stm32f10x_hd.o(.text)
    EXTI15_10_IRQHandler                     0x080001ab   Thumb Code     0  startup_stm32f10x_hd.o(.text)
    EXTI1_IRQHandler                         0x080001ab   Thumb Code     0  startup_stm32f10x_hd.o(.text)
    EXTI2_IRQHandler                         0x080001ab   Thumb Code     0  startup_stm32f10x_hd.o(.text)
    EXTI3_IRQHandler                         0x080001ab   Thumb Code     0  startup_stm32f10x_hd.o(.text)
    EXTI4_IRQHandler                         0x080001ab   Thumb Code     0  startup_stm32f10x_hd.o(.text)
    EXTI9_5_IRQHandler                       0x080001ab   Thumb Code     0  startup_stm32f10x_hd.o(.text)
    FLASH_IRQHandler                         0x080001ab   Thumb Code     0  startup_stm32f10x_hd.o(.text)
    FSMC_IRQHandler                          0x080001ab   Thumb Code     0  startup_stm32f10x_hd.o(.text)
    I2C1_ER_IRQHandler                       0x080001ab   Thumb Code     0  startup_stm32f10x_hd.o(.text)
    I2C1_EV_IRQHandler                       0x080001ab   Thumb Code     0  startup_stm32f10x_hd.o(.text)
    I2C2_ER_IRQHandler                       0x080001ab   Thumb Code     0  startup_stm32f10x_hd.o(.text)
    I2C2_EV_IRQHandler                       0x080001ab   Thumb Code     0  startup_stm32f10x_hd.o(.text)
    PVD_IRQHandler                           0x080001ab   Thumb Code     0  startup_stm32f10x_hd.o(.text)
    RCC_IRQHandler                           0x080001ab   Thumb Code     0  startup_stm32f10x_hd.o(.text)
    RTCAlarm_IRQHandler                      0x080001ab   Thumb Code     0  startup_stm32f10x_hd.o(.text)
    RTC_IRQHandler                           0x080001ab   Thumb Code     0  startup_stm32f10x_hd.o(.text)
    SDIO_IRQHandler                          0x080001ab   Thumb Code     0  startup_stm32f10x_hd.o(.text)
    SPI1_IRQHandler                          0x080001ab   Thumb Code     0  startup_stm32f10x_hd.o(.text)
    SPI2_IRQHandler                          0x080001ab   Thumb Code     0  startup_stm32f10x_hd.o(.text)
    SPI3_IRQHandler                          0x080001ab   Thumb Code     0  startup_stm32f10x_hd.o(.text)
    TAMPER_IRQHandler                        0x080001ab   Thumb Code     0  startup_stm32f10x_hd.o(.text)
    TIM1_BRK_IRQHandler                      0x080001ab   Thumb Code     0  startup_stm32f10x_hd.o(.text)
    TIM1_CC_IRQHandler                       0x080001ab   Thumb Code     0  startup_stm32f10x_hd.o(.text)
    TIM1_TRG_COM_IRQHandler                  0x080001ab   Thumb Code     0  startup_stm32f10x_hd.o(.text)
    TIM1_UP_IRQHandler                       0x080001ab   Thumb Code     0  startup_stm32f10x_hd.o(.text)
    TIM3_IRQHandler                          0x080001ab   Thumb Code     0  startup_stm32f10x_hd.o(.text)
    TIM4_IRQHandler                          0x080001ab   Thumb Code     0  startup_stm32f10x_hd.o(.text)
    TIM6_IRQHandler                          0x080001ab   Thumb Code     0  startup_stm32f10x_hd.o(.text)
    TIM7_IRQHandler                          0x080001ab   Thumb Code     0  startup_stm32f10x_hd.o(.text)
    TIM8_BRK_IRQHandler                      0x080001ab   Thumb Code     0  startup_stm32f10x_hd.o(.text)
    TIM8_CC_IRQHandler                       0x080001ab   Thumb Code     0  startup_stm32f10x_hd.o(.text)
    TIM8_TRG_COM_IRQHandler                  0x080001ab   Thumb Code     0  startup_stm32f10x_hd.o(.text)
    TIM8_UP_IRQHandler                       0x080001ab   Thumb Code     0  startup_stm32f10x_hd.o(.text)
    UART4_IRQHandler                         0x080001ab   Thumb Code     0  startup_stm32f10x_hd.o(.text)
    UART5_IRQHandler                         0x080001ab   Thumb Code     0  startup_stm32f10x_hd.o(.text)
    USART2_IRQHandler                        0x080001ab   Thumb Code     0  startup_stm32f10x_hd.o(.text)
    USART3_IRQHandler                        0x080001ab   Thumb Code     0  startup_stm32f10x_hd.o(.text)
    USBWakeUp_IRQHandler                     0x080001ab   Thumb Code     0  startup_stm32f10x_hd.o(.text)
    USB_HP_CAN1_TX_IRQHandler                0x080001ab   Thumb Code     0  startup_stm32f10x_hd.o(.text)
    USB_LP_CAN1_RX0_IRQHandler               0x080001ab   Thumb Code     0  startup_stm32f10x_hd.o(.text)
    WWDG_IRQHandler                          0x080001ab   Thumb Code     0  startup_stm32f10x_hd.o(.text)
    __aeabi_uidiv                            0x080001b5   Thumb Code     0  uidiv.o(.text)
    __aeabi_uidivmod                         0x080001b5   Thumb Code    44  uidiv.o(.text)
    __scatterload                            0x080001e1   Thumb Code    28  init.o(.text)
    __scatterload_rt2                        0x080001e1   Thumb Code     0  init.o(.text)
    BusFault_Handler                         0x08000205   Thumb Code     4  stm32f10x_it.o(i.BusFault_Handler)
    DeQueue                                  0x080002cd   Thumb Code    68  queue.o(i.DeQueue)
    DebugMon_Handler                         0x08000311   Thumb Code     2  stm32f10x_it.o(i.DebugMon_Handler)
    EnQueue                                  0x08000313   Thumb Code    72  queue.o(i.EnQueue)
    GPIO_Init                                0x0800035b   Thumb Code   278  stm32f10x_gpio.o(i.GPIO_Init)
    HardFault_Handler                        0x08000471   Thumb Code     4  stm32f10x_it.o(i.HardFault_Handler)
    InitCasyOS                               0x08000479   Thumb Code    12  casyos.o(i.InitCasyOS)
    InitQueue                                0x08000485   Thumb Code    36  queue.o(i.InitQueue)
    InitUART1                                0x080004a9   Thumb Code    16  uart1.o(i.InitUART1)
    MemManage_Handler                        0x0800055d   Thumb Code     4  stm32f10x_it.o(i.MemManage_Handler)
    NMI_Handler                              0x08000561   Thumb Code     2  stm32f10x_it.o(i.NMI_Handler)
    NVIC_Init                                0x0800057d   Thumb Code   100  misc.o(i.NVIC_Init)
    OSDelay                                  0x08000615   Thumb Code    80  casyos.o(i.OSDelay)
    OSInitMemory                             0x08000695   Thumb Code    46  os_mem.o(i.OSInitMemory)
    OSInitTaskSched                          0x080006cd   Thumb Code    28  os_task.o(i.OSInitTaskSched)
    OSIntEnter                               0x080006e9   Thumb Code    22  casyos.o(i.OSIntEnter)
    OSIntExit                                0x08000705   Thumb Code    54  casyos.o(i.OSIntExit)
    OSMalloc                                 0x08000749   Thumb Code    98  os_mem.o(i.OSMalloc)
    OSMemoryPerused                          0x08000821   Thumb Code    66  os_mem.o(i.OSMemoryPerused)
    OSRegister                               0x08000869   Thumb Code   280  casyos.o(i.OSRegister)
    OSStart                                  0x08000981   Thumb Code   126  casyos.o(i.OSStart)
    OS_BitMapClr                             0x08000a21   Thumb Code    38  os_task.o(i.OS_BitMapClr)
    OS_BitMapGetHighest                      0x08000a79   Thumb Code    28  os_task.o(i.OS_BitMapGetHighest)
    OS_BitMapInit                            0x08000ac9   Thumb Code     8  os_task.o(i.OS_BitMapInit)
    OS_BitMapSet                             0x08000ad5   Thumb Code    38  os_task.o(i.OS_BitMapSet)
    OS_ENTER_CRITICAL                        0x08000b2d   Thumb Code     4  casyos.o(i.OS_ENTER_CRITICAL)
    OS_EXIT_CRITICAL                         0x08000b31   Thumb Code     4  casyos.o(i.OS_EXIT_CRITICAL)
    OS_InISR                                 0x08000b35   Thumb Code    16  casyos.o(i.OS_InISR)
    OS_PendListInit                          0x08000b49   Thumb Code     8  os_task.o(i.OS_PendListInit)
    OS_QInit                                 0x08000b51   Thumb Code    64  os_q.o(i.OS_QInit)
    OS_RdyListInit                           0x08000bdd   Thumb Code    28  os_task.o(i.OS_RdyListInit)
    OS_RdyTaskAdd                            0x08000bfd   Thumb Code    52  os_task.o(i.OS_RdyTaskAdd)
    OS_RdyTaskRemove                         0x08000c35   Thumb Code    84  os_task.o(i.OS_RdyTaskRemove)
    OS_Sched                                 0x08000c8d   Thumb Code    28  casyos.o(i.OS_Sched)
    OS_SemInit                               0x08000cb1   Thumb Code    36  os_sem.o(i.OS_SemInit)
    OS_TaskListAdd                           0x08000cfd   Thumb Code    26  os_task.o(i.OS_TaskListAdd)
    OS_TaskListInit                          0x08000d1d   Thumb Code     8  os_task.o(i.OS_TaskListInit)
    OS_TickListInit                          0x08000d29   Thumb Code    10  os_task.o(i.OS_TickListInit)
    OS_TickTaskInsert                        0x08000d39   Thumb Code   222  os_task.o(i.OS_TickTaskInsert)
    OS_TickTaskRemove                        0x08000e1d   Thumb Code   112  os_task.o(i.OS_TickTaskRemove)
    OS_TickUpdate                            0x08000eb9   Thumb Code    64  os_task.o(i.OS_TickUpdate)
    OS_UpdateCurrentTask                     0x08000efd   Thumb Code    28  os_task.o(i.OS_UpdateCurrentTask)
    QueueEmpty                               0x08000f21   Thumb Code    14  queue.o(i.QueueEmpty)
    RCC_APB2PeriphClockCmd                   0x08000f31   Thumb Code    26  stm32f10x_rcc.o(i.RCC_APB2PeriphClockCmd)
    RCC_GetClocksFreq                        0x08000f51   Thumb Code   192  stm32f10x_rcc.o(i.RCC_GetClocksFreq)
    SysTick_Handler                          0x08001149   Thumb Code    20  casyos.o(i.SysTick_Handler)
    SystemInit                               0x0800115d   Thumb Code    78  system_stm32f10x.o(i.SystemInit)
    TIM2_IRQHandler                          0x080011bd   Thumb Code    52  timer.o(i.TIM2_IRQHandler)
    TIM5_IRQHandler                          0x080011f9   Thumb Code    58  timer.o(i.TIM5_IRQHandler)
    TIM_ClearITPendingBit                    0x08001241   Thumb Code     6  stm32f10x_tim.o(i.TIM_ClearITPendingBit)
    TIM_GetITStatus                          0x08001247   Thumb Code    34  stm32f10x_tim.o(i.TIM_GetITStatus)
    USART1_IRQHandler                        0x080012b1   Thumb Code   140  uart1.o(i.USART1_IRQHandler)
    USART_ClearFlag                          0x08001349   Thumb Code    18  stm32f10x_usart.o(i.USART_ClearFlag)
    USART_ClearITPendingBit                  0x0800135b   Thumb Code    30  stm32f10x_usart.o(i.USART_ClearITPendingBit)
    USART_Cmd                                0x08001379   Thumb Code    24  stm32f10x_usart.o(i.USART_Cmd)
    USART_GetFlagStatus                      0x08001391   Thumb Code    26  stm32f10x_usart.o(i.USART_GetFlagStatus)
    USART_GetITStatus                        0x080013ab   Thumb Code    84  stm32f10x_usart.o(i.USART_GetITStatus)
    USART_ITConfig                           0x080013ff   Thumb Code    74  stm32f10x_usart.o(i.USART_ITConfig)
    USART_Init                               0x08001449   Thumb Code   210  stm32f10x_usart.o(i.USART_Init)
    USART_ReceiveData                        0x08001521   Thumb Code    10  stm32f10x_usart.o(i.USART_ReceiveData)
    USART_SendData                           0x0800152b   Thumb Code     8  stm32f10x_usart.o(i.USART_SendData)
    USART_StructInit                         0x08001533   Thumb Code    24  stm32f10x_usart.o(i.USART_StructInit)
    UsageFault_Handler                       0x0800154b   Thumb Code     4  stm32f10x_it.o(i.UsageFault_Handler)
    __0printf$3                              0x08001569   Thumb Code    22  printf3.o(i.__0printf$3)
    __1printf$3                              0x08001569   Thumb Code     0  printf3.o(i.__0printf$3)
    __2printf                                0x08001569   Thumb Code     0  printf3.o(i.__0printf$3)
    __scatterload_copy                       0x08001589   Thumb Code    14  handlers.o(i.__scatterload_copy)
    __scatterload_null                       0x08001597   Thumb Code     2  handlers.o(i.__scatterload_null)
    __scatterload_zeroinit                   0x08001599   Thumb Code    14  handlers.o(i.__scatterload_zeroinit)
    fputc                                    0x08001769   Thumb Code    16  uart1.o(i.fputc)
    main                                     0x08001779   Thumb Code   140  main.o(i.main)
    Region$$Table$$Base                      0x08001854   Number         0  anon$$obj.o(Region$$Table)
    Region$$Table$$Limit                     0x08001874   Number         0  anon$$obj.o(Region$$Table)
    taskInfo                                 0x20000000   Data          64  main.o(.data)
    g_pCurrentTask                           0x20000048   Data           4  casyos.o(.data)
    g_OSIntNestCnt                           0x2000004c   Data           1  casyos.o(.data)
    g_OSSchedFlag                            0x2000004d   Data           1  casyos.o(.data)
    SystemCoreClock                          0x20000088   Data           4  system_stm32f10x.o(.data)
    AHBPrescTable                            0x2000008c   Data          16  system_stm32f10x.o(.data)
    __stdout                                 0x2000009c   Data           4  stdout.o(.data)
    g_OSTaskListHead                         0x20005800   Data         128  os_task.o(.bss)
    __initial_sp                             0x20005d80   Data           0  startup_stm32f10x_hd.o(STACK)



==============================================================================

Memory Map of the image

  Image Entry point : 0x08000131

  Load Region LR_IROM1 (Base: 0x08000000, Size: 0x00001914, Max: 0x00040000, ABSOLUTE)

    Execution Region ER_IROM1 (Exec base: 0x08000000, Load base: 0x08000000, Size: 0x00001874, Max: 0x00040000, ABSOLUTE)

    Exec Addr    Load Addr    Size         Type   Attr      Idx    E Section Name        Object

    0x08000000   0x08000000   0x00000130   Data   RO         3834    RESET               startup_stm32f10x_hd.o
    0x08000130   0x08000130   0x00000000   Code   RO         3902  * .ARM.Collect$$$$00000000  mc_w.l(entry.o)
    0x08000130   0x08000130   0x00000004   Code   RO         4166    .ARM.Collect$$$$00000001  mc_w.l(entry2.o)
    0x08000134   0x08000134   0x00000004   Code   RO         4169    .ARM.Collect$$$$00000004  mc_w.l(entry5.o)
    0x08000138   0x08000138   0x00000000   Code   RO         4171    .ARM.Collect$$$$00000008  mc_w.l(entry7b.o)
    0x08000138   0x08000138   0x00000000   Code   RO         4173    .ARM.Collect$$$$0000000A  mc_w.l(entry8b.o)
    0x08000138   0x08000138   0x00000008   Code   RO         4174    .ARM.Collect$$$$0000000B  mc_w.l(entry9a.o)
    0x08000140   0x08000140   0x00000000   Code   RO         4176    .ARM.Collect$$$$0000000D  mc_w.l(entry10a.o)
    0x08000140   0x08000140   0x00000000   Code   RO         4178    .ARM.Collect$$$$0000000F  mc_w.l(entry11a.o)
    0x08000140   0x08000140   0x00000004   Code   RO         4167    .ARM.Collect$$$$00002712  mc_w.l(entry2.o)
    0x08000144   0x08000144   0x0000004c   Code   RO          330    .emb_text           casyos.o
    0x08000190   0x08000190   0x00000024   Code   RO         3835    .text               startup_stm32f10x_hd.o
    0x080001b4   0x080001b4   0x0000002c   Code   RO         4181    .text               mc_w.l(uidiv.o)
    0x080001e0   0x080001e0   0x00000024   Code   RO         4196    .text               mc_w.l(init.o)
    0x08000204   0x08000204   0x00000004   Code   RO         3753    i.BusFault_Handler  stm32f10x_it.o
    0x08000208   0x08000208   0x000000c4   Code   RO          252    i.ConfigUART        uart1.o
    0x080002cc   0x080002cc   0x00000044   Code   RO          208    i.DeQueue           queue.o
    0x08000310   0x08000310   0x00000002   Code   RO         3754    i.DebugMon_Handler  stm32f10x_it.o
    0x08000312   0x08000312   0x00000048   Code   RO          209    i.EnQueue           queue.o
    0x0800035a   0x0800035a   0x00000116   Code   RO         1919    i.GPIO_Init         stm32f10x_gpio.o
    0x08000470   0x08000470   0x00000004   Code   RO         3755    i.HardFault_Handler  stm32f10x_it.o
    0x08000474   0x08000474   0x00000004   Code   RO          331    i.IdleTask          casyos.o
    0x08000478   0x08000478   0x0000000c   Code   RO          332    i.InitCasyOS        casyos.o
    0x08000484   0x08000484   0x00000024   Code   RO          210    i.InitQueue         queue.o
    0x080004a8   0x080004a8   0x00000010   Code   RO          254    i.InitUART1         uart1.o
    0x080004b8   0x080004b8   0x00000040   Code   RO          255    i.InitUARTBuf       uart1.o
    0x080004f8   0x080004f8   0x00000064   Code   RO          465    i.MallocMemory      os_mem.o
    0x0800055c   0x0800055c   0x00000004   Code   RO         3756    i.MemManage_Handler  stm32f10x_it.o
    0x08000560   0x08000560   0x00000002   Code   RO         3757    i.NMI_Handler       stm32f10x_it.o
    0x08000562   0x08000562   0x00000002   PAD
    0x08000564   0x08000564   0x00000018   Code   RO          256    i.NVIC_ClearPendingIRQ  uart1.o
    0x0800057c   0x0800057c   0x00000070   Code   RO          753    i.NVIC_Init         misc.o
    0x080005ec   0x080005ec   0x00000028   Code   RO          333    i.NVIC_SetPriority  casyos.o
    0x08000614   0x08000614   0x00000080   Code   RO          334    i.OSDelay           casyos.o
    0x08000694   0x08000694   0x00000038   Code   RO          467    i.OSInitMemory      os_mem.o
    0x080006cc   0x080006cc   0x0000001c   Code   RO          605    i.OSInitTaskSched   os_task.o
    0x080006e8   0x080006e8   0x0000001c   Code   RO          335    i.OSIntEnter        casyos.o
    0x08000704   0x08000704   0x00000044   Code   RO          336    i.OSIntExit         casyos.o
    0x08000748   0x08000748   0x000000d8   Code   RO          468    i.OSMalloc          os_mem.o
    0x08000820   0x08000820   0x00000048   Code   RO          469    i.OSMemoryPerused   os_mem.o
    0x08000868   0x08000868   0x00000118   Code   RO          337    i.OSRegister        casyos.o
    0x08000980   0x08000980   0x000000a0   Code   RO          338    i.OSStart           casyos.o
    0x08000a20   0x08000a20   0x00000058   Code   RO          607    i.OS_BitMapClr      os_task.o
    0x08000a78   0x08000a78   0x00000050   Code   RO          608    i.OS_BitMapGetHighest  os_task.o
    0x08000ac8   0x08000ac8   0x0000000c   Code   RO          609    i.OS_BitMapInit     os_task.o
    0x08000ad4   0x08000ad4   0x00000058   Code   RO          610    i.OS_BitMapSet      os_task.o
    0x08000b2c   0x08000b2c   0x00000004   Code   RO          339    i.OS_ENTER_CRITICAL  casyos.o
    0x08000b30   0x08000b30   0x00000004   Code   RO          340    i.OS_EXIT_CRITICAL  casyos.o
    0x08000b34   0x08000b34   0x00000014   Code   RO          341    i.OS_InISR          casyos.o
    0x08000b48   0x08000b48   0x00000008   Code   RO          612    i.OS_PendListInit   os_task.o
    0x08000b50   0x08000b50   0x0000008c   Code   RO          537    i.OS_QInit          os_q.o
    0x08000bdc   0x08000bdc   0x00000020   Code   RO          616    i.OS_RdyListInit    os_task.o
    0x08000bfc   0x08000bfc   0x00000038   Code   RO          617    i.OS_RdyTaskAdd     os_task.o
    0x08000c34   0x08000c34   0x00000058   Code   RO          618    i.OS_RdyTaskRemove  os_task.o
    0x08000c8c   0x08000c8c   0x00000024   Code   RO          342    i.OS_Sched          casyos.o
    0x08000cb0   0x08000cb0   0x0000004c   Code   RO          582    i.OS_SemInit        os_sem.o
    0x08000cfc   0x08000cfc   0x00000020   Code   RO          619    i.OS_TaskListAdd    os_task.o
    0x08000d1c   0x08000d1c   0x0000000c   Code   RO          620    i.OS_TaskListInit   os_task.o
    0x08000d28   0x08000d28   0x00000010   Code   RO          622    i.OS_TickListInit   os_task.o
    0x08000d38   0x08000d38   0x000000e4   Code   RO          623    i.OS_TickTaskInsert  os_task.o
    0x08000e1c   0x08000e1c   0x0000009c   Code   RO          624    i.OS_TickTaskRemove  os_task.o
    0x08000eb8   0x08000eb8   0x00000044   Code   RO          625    i.OS_TickUpdate     os_task.o
    0x08000efc   0x08000efc   0x00000024   Code   RO          626    i.OS_UpdateCurrentTask  os_task.o
    0x08000f20   0x08000f20   0x0000000e   Code   RO          211    i.QueueEmpty        queue.o
    0x08000f2e   0x08000f2e   0x00000002   PAD
    0x08000f30   0x08000f30   0x00000020   Code   RO         2343    i.RCC_APB2PeriphClockCmd  stm32f10x_rcc.o
    0x08000f50   0x08000f50   0x000000d4   Code   RO         2351    i.RCC_GetClocksFreq  stm32f10x_rcc.o
    0x08001024   0x08001024   0x0000001c   Code   RO          257    i.ReadSendBuf       uart1.o
    0x08001040   0x08001040   0x00000020   Code   RO          259    i.SendCharUsedByFputc  uart1.o
    0x08001060   0x08001060   0x00000008   Code   RO         3798    i.SetSysClock       system_stm32f10x.o
    0x08001068   0x08001068   0x000000e0   Code   RO         3799    i.SetSysClockTo72   system_stm32f10x.o
    0x08001148   0x08001148   0x00000014   Code   RO          343    i.SysTick_Handler   casyos.o
    0x0800115c   0x0800115c   0x00000060   Code   RO         3801    i.SystemInit        system_stm32f10x.o
    0x080011bc   0x080011bc   0x0000003c   Code   RO          151    i.TIM2_IRQHandler   timer.o
    0x080011f8   0x080011f8   0x00000048   Code   RO          152    i.TIM5_IRQHandler   timer.o
    0x08001240   0x08001240   0x00000006   Code   RO         2979    i.TIM_ClearITPendingBit  stm32f10x_tim.o
    0x08001246   0x08001246   0x00000022   Code   RO         3005    i.TIM_GetITStatus   stm32f10x_tim.o
    0x08001268   0x08001268   0x00000024   Code   RO            1    i.Task1             main.o
    0x0800128c   0x0800128c   0x00000024   Code   RO            2    i.Task2             main.o
    0x080012b0   0x080012b0   0x00000098   Code   RO          260    i.USART1_IRQHandler  uart1.o
    0x08001348   0x08001348   0x00000012   Code   RO         3516    i.USART_ClearFlag   stm32f10x_usart.o
    0x0800135a   0x0800135a   0x0000001e   Code   RO         3517    i.USART_ClearITPendingBit  stm32f10x_usart.o
    0x08001378   0x08001378   0x00000018   Code   RO         3520    i.USART_Cmd         stm32f10x_usart.o
    0x08001390   0x08001390   0x0000001a   Code   RO         3523    i.USART_GetFlagStatus  stm32f10x_usart.o
    0x080013aa   0x080013aa   0x00000054   Code   RO         3524    i.USART_GetITStatus  stm32f10x_usart.o
    0x080013fe   0x080013fe   0x0000004a   Code   RO         3526    i.USART_ITConfig    stm32f10x_usart.o
    0x08001448   0x08001448   0x000000d8   Code   RO         3527    i.USART_Init        stm32f10x_usart.o
    0x08001520   0x08001520   0x0000000a   Code   RO         3534    i.USART_ReceiveData  stm32f10x_usart.o
    0x0800152a   0x0800152a   0x00000008   Code   RO         3537    i.USART_SendData    stm32f10x_usart.o
    0x08001532   0x08001532   0x00000018   Code   RO         3543    i.USART_StructInit  stm32f10x_usart.o
    0x0800154a   0x0800154a   0x00000004   Code   RO         3758    i.UsageFault_Handler  stm32f10x_it.o
    0x0800154e   0x0800154e   0x00000002   PAD
    0x08001550   0x08001550   0x00000018   Code   RO          261    i.WriteReceiveBuf   uart1.o
    0x08001568   0x08001568   0x00000020   Code   RO         3994    i.__0printf$3       mc_w.l(printf3.o)
    0x08001588   0x08001588   0x0000000e   Code   RO         4208    i.__scatterload_copy  mc_w.l(handlers.o)
    0x08001596   0x08001596   0x00000002   Code   RO         4209    i.__scatterload_null  mc_w.l(handlers.o)
    0x08001598   0x08001598   0x0000000e   Code   RO         4210    i.__scatterload_zeroinit  mc_w.l(handlers.o)
    0x080015a6   0x080015a6   0x00000008   Code   RO          344    i.__set_BASEPRI     casyos.o
    0x080015ae   0x080015ae   0x00000002   PAD
    0x080015b0   0x080015b0   0x000001b8   Code   RO         4001    i._printf_core      mc_w.l(printf3.o)
    0x08001768   0x08001768   0x00000010   Code   RO          263    i.fputc             uart1.o
    0x08001778   0x08001778   0x000000cc   Code   RO            3    i.main              main.o
    0x08001844   0x08001844   0x0000000e   Data   RO            5    .conststring        main.o
    0x08001852   0x08001852   0x00000002   PAD
    0x08001854   0x08001854   0x00000020   Data   RO         4206    Region$$Table       anon$$obj.o


    Execution Region RW_IRAM1 (Exec base: 0x20000000, Load base: 0x08001874, Size: 0x00005d80, Max: 0x0000c000, ABSOLUTE)

    Exec Addr    Load Addr    Size         Type   Attr      Idx    E Section Name        Object

    0x20000000   0x08001874   0x00000040   Data   RW            6    .data               main.o
    0x20000040   0x080018b4   0x00000006   Data   RW          153    .data               timer.o
    0x20000046   0x080018ba   0x00000001   Data   RW          265    .data               uart1.o
    0x20000047   0x080018bb   0x00000001   PAD
    0x20000048   0x080018bc   0x00000006   Data   RW          346    .data               casyos.o
    0x2000004e   0x080018c2   0x00000002   PAD
    0x20000050   0x080018c4   0x00000018   Data   RW          471    .data               os_mem.o
    0x20000068   0x080018dc   0x0000000c   Data   RW          629    .data               os_task.o
    0x20000074   0x080018e8   0x00000014   Data   RW         2371    .data               stm32f10x_rcc.o
    0x20000088   0x080018fc   0x00000014   Data   RW         3802    .data               system_stm32f10x.o
    0x2000009c   0x08001910   0x00000004   Data   RW         4180    .data               mc_w.l(stdout.o)
    0x200000a0        -       0x00000500   Zero   RW            4    .bss                main.o
    0x200005a0        -       0x000000e0   Zero   RW          264    .bss                uart1.o
    0x20000680        -       0x00000180   Zero   RW          345    .bss                casyos.o
    0x20000800        -       0x00005000   Zero   RW          470    .bss                os_mem.o
    0x20005800        -       0x00000180   Zero   RW          628    .bss                os_task.o
    0x20005980        -       0x00000400   Zero   RW         3832    STACK               startup_stm32f10x_hd.o


==============================================================================

Image component sizes


      Code (inc. data)   RO Data    RW Data    ZI Data      Debug   Object Name

       888        130          0          6        384      22927   casyos.o
       276        100         14         64       1280     258930   main.o
       112         12          0          0          0        916   misc.o
       444        138          0         24      20480       3136   os_mem.o
       140         76          0          0          0        924   os_q.o
        76         40          0          0          0        963   os_sem.o
      1028        246          0         12        384       9008   os_task.o
       190          0          0          0          0       2981   queue.o
         0          0          0          0          0     205628   rcc.o
        36          8        304          0       1024        788   startup_stm32f10x_hd.o
       278          0          0          0          0       1852   stm32f10x_gpio.o
        20          0          0          0          0       2533   stm32f10x_it.o
       244         26          0         20          0       3681   stm32f10x_rcc.o
        40          0          0          0          0       1606   stm32f10x_tim.o
       514          6          0          0          0       7380   stm32f10x_usart.o
       328         28          0         20          0       2125   system_stm32f10x.o
       132         22          0          6          0       1160   timer.o
       552         64          0          1        224      20179   uart1.o

    ----------------------------------------------------------------------
      5306        896        352        156      23776     546717   Object Totals
         0          0         32          0          0          0   (incl. Generated)
         8          0          2          3          0          0   (incl. Padding)

    ----------------------------------------------------------------------

      Code (inc. data)   RO Data    RW Data    ZI Data      Debug   Library Member Name

         0          0          0          0          0          0   entry.o
         0          0          0          0          0          0   entry10a.o
         0          0          0          0          0          0   entry11a.o
         8          4          0          0          0          0   entry2.o
         4          0          0          0          0          0   entry5.o
         0          0          0          0          0          0   entry7b.o
         0          0          0          0          0          0   entry8b.o
         8          4          0          0          0          0   entry9a.o
        30          0          0          0          0          0   handlers.o
        36          8          0          0          0         68   init.o
       472         14          0          0          0        184   printf3.o
         0          0          0          4          0          0   stdout.o
        44          0          0          0          0         80   uidiv.o

    ----------------------------------------------------------------------
       602         30          0          4          0        332   Library Totals
         0          0          0          0          0          0   (incl. Padding)

    ----------------------------------------------------------------------

      Code (inc. data)   RO Data    RW Data    ZI Data      Debug   Library Name

       602         30          0          4          0        332   mc_w.l

    ----------------------------------------------------------------------
       602         30          0          4          0        332   Library Totals

    ----------------------------------------------------------------------

==============================================================================


      Code (inc. data)   RO Data    RW Data    ZI Data      Debug   

      5908        926        352        160      23776     543197   Grand Totals
      5908        926        352        160      23776     543197   ELF Image Totals
      5908        926        352        160          0          0   ROM Totals

==============================================================================

    Total RO  Size (Code + RO Data)                 6260 (   6.11kB)
    Total RW  Size (RW Data + ZI Data)             23936 (  23.38kB)
    Total ROM Size (Code + RO Data + RW Data)       6420 (   6.27kB)

==============================================================================

