Component: ARM Compiler 5.06 update 6 (build 750) Tool: armlink [4d35ed]

==============================================================================

Section Cross References

    main.o(i.InitHardware) refers to rcu.o(i.InitRCU) for InitRCU
    main.o(i.InitHardware) refers to nvic.o(i.InitNVIC) for InitNVIC
    main.o(i.InitHardware) refers to uart0.o(i.InitUART0) for InitUART0
    main.o(i.InitHardware) refers to timer.o(i.InitTimer) for InitTimer
    main.o(i.InitSoftware) refers to led.o(i.InitLED) for InitLED
    main.o(i.InitSoftware) refers to keyone.o(i.InitKeyOne) for InitKeyOne
    main.o(i.LED1Task) refers to gd32f30x_gpio.o(i.gpio_output_bit_get) for gpio_output_bit_get
    main.o(i.LED1Task) refers to gd32f30x_gpio.o(i.gpio_bit_write) for gpio_bit_write
    main.o(i.LED1Task) refers to casyos.o(i.OSDelay) for OSDelay
    main.o(i.LED2Task) refers to gd32f30x_gpio.o(i.gpio_output_bit_get) for gpio_output_bit_get
    main.o(i.LED2Task) refers to gd32f30x_gpio.o(i.gpio_bit_write) for gpio_bit_write
    main.o(i.LED2Task) refers to casyos.o(i.OSDelay) for OSDelay
    main.o(i.TestTask1) refers to keyone.o(i.ScanKeyOne) for ScanKeyOne
    main.o(i.TestTask1) refers to printf3.o(i.__0printf$3) for __2printf
    main.o(i.TestTask1) refers to os_sem.o(i.OSSemPost) for OSSemPost
    main.o(i.TestTask1) refers to casyos.o(i.OSDelay) for OSDelay
    main.o(i.TestTask1) refers to main.o(.bss) for g_structTestHandle3
    main.o(i.TestTask3) refers to printf3.o(i.__0printf$3) for __2printf
    main.o(i.TestTask3) refers to os_sem.o(i.OSSemPend) for OSSemPend
    main.o(i.TestTask3) refers to casyos.o(i.OSDelay) for OSDelay
    main.o(i.TestTask3) refers to main.o(.bss) for g_structTestHandle3
    main.o(i.main) refers to main.o(i.InitHardware) for InitHardware
    main.o(i.main) refers to main.o(i.InitSoftware) for InitSoftware
    main.o(i.main) refers to casyos.o(i.InitCasyOS) for InitCasyOS
    main.o(i.main) refers to printf3.o(i.__0printf$3) for __2printf
    main.o(i.main) refers to casyos.o(i.OSRegister) for OSRegister
    main.o(i.main) refers to casyos.o(i.OSStart) for OSStart
    main.o(i.main) refers to main.o(.data) for taskInfo
    main.o(.data) refers to main.o(.bss) for s_structLED1Handle
    main.o(.data) refers to main.o(i.LED1Task) for LED1Task
    main.o(.data) refers to main.o(.conststring) for .conststring
    main.o(.data) refers to main.o(i.LED2Task) for LED2Task
    main.o(.data) refers to main.o(i.TestTask1) for TestTask1
    main.o(.data) refers to main.o(i.TestTask3) for TestTask3
    led.o(i.ConfigLEDGPIO) refers to gd32f30x_rcu.o(i.rcu_periph_clock_enable) for rcu_periph_clock_enable
    led.o(i.ConfigLEDGPIO) refers to gd32f30x_gpio.o(i.gpio_init) for gpio_init
    led.o(i.ConfigLEDGPIO) refers to gd32f30x_gpio.o(i.gpio_bit_set) for gpio_bit_set
    led.o(i.ConfigLEDGPIO) refers to gd32f30x_gpio.o(i.gpio_bit_reset) for gpio_bit_reset
    led.o(i.InitLED) refers to led.o(i.ConfigLEDGPIO) for ConfigLEDGPIO
    led.o(i.LEDFlicker) refers to gd32f30x_gpio.o(i.gpio_output_bit_get) for gpio_output_bit_get
    led.o(i.LEDFlicker) refers to gd32f30x_gpio.o(i.gpio_bit_write) for gpio_bit_write
    led.o(i.LEDFlicker) refers to led.o(.data) for s_iCnt
    keyone.o(i.ConfigKeyOneGPIO) refers to gd32f30x_rcu.o(i.rcu_periph_clock_enable) for rcu_periph_clock_enable
    keyone.o(i.ConfigKeyOneGPIO) refers to gd32f30x_gpio.o(i.gpio_init) for gpio_init
    keyone.o(i.InitKeyOne) refers to keyone.o(i.ConfigKeyOneGPIO) for ConfigKeyOneGPIO
    keyone.o(i.InitKeyOne) refers to keyone.o(.data) for s_arrKeyDownLevel
    keyone.o(i.ScanKeyOne) refers to gd32f30x_gpio.o(i.gpio_input_bit_get) for gpio_input_bit_get
    keyone.o(i.ScanKeyOne) refers to keyone.o(.data) for s_arrKeyVal
    delay.o(i.DelayNms) refers to delay.o(i.DelayNus) for DelayNus
    rcu.o(i.ConfigRCU) refers to gd32f30x_rcu.o(i.rcu_deinit) for rcu_deinit
    rcu.o(i.ConfigRCU) refers to gd32f30x_rcu.o(i.rcu_osci_on) for rcu_osci_on
    rcu.o(i.ConfigRCU) refers to gd32f30x_rcu.o(i.rcu_osci_stab_wait) for rcu_osci_stab_wait
    rcu.o(i.ConfigRCU) refers to gd32f30x_fmc.o(i.fmc_wscnt_set) for fmc_wscnt_set
    rcu.o(i.ConfigRCU) refers to gd32f30x_rcu.o(i.rcu_ahb_clock_config) for rcu_ahb_clock_config
    rcu.o(i.ConfigRCU) refers to gd32f30x_rcu.o(i.rcu_apb2_clock_config) for rcu_apb2_clock_config
    rcu.o(i.ConfigRCU) refers to gd32f30x_rcu.o(i.rcu_apb1_clock_config) for rcu_apb1_clock_config
    rcu.o(i.ConfigRCU) refers to gd32f30x_rcu.o(i.rcu_pllpresel_config) for rcu_pllpresel_config
    rcu.o(i.ConfigRCU) refers to gd32f30x_rcu.o(i.rcu_predv0_config) for rcu_predv0_config
    rcu.o(i.ConfigRCU) refers to gd32f30x_rcu.o(i.rcu_pll_config) for rcu_pll_config
    rcu.o(i.ConfigRCU) refers to gd32f30x_rcu.o(i.rcu_flag_get) for rcu_flag_get
    rcu.o(i.ConfigRCU) refers to gd32f30x_rcu.o(i.rcu_system_clock_source_config) for rcu_system_clock_source_config
[...]
    Removing os_task.o(.rev16_text), (4 bytes).
    Removing os_task.o(.revsh_text), (4 bytes).
    Removing os_task.o(.rrx_text), (6 bytes).
    Removing os_task.o(i.OSTaskFind), (120 bytes).
    Removing os_task.o(i.OS_PendListPopAlltoRdyList), (46 bytes).
    Removing os_task.o(i.OS_TaskListRemove), (84 bytes).
    Removing os_task.o(i.StrCaseCmp), (80 bytes).
    Removing gd32f30x_fmc.o(.rev16_text), (4 bytes).
    Removing gd32f30x_fmc.o(.revsh_text), (4 bytes).
    Removing gd32f30x_fmc.o(.rrx_text), (6 bytes).
    Removing gd32f30x_fmc.o(i.fmc_bank0_erase), (68 bytes).
    Removing gd32f30x_fmc.o(i.fmc_bank0_lock), (20 bytes).
    Removing gd32f30x_fmc.o(i.fmc_bank0_ready_wait), (34 bytes).
    Removing gd32f30x_fmc.o(i.fmc_bank0_state_get), (48 bytes).
    Removing gd32f30x_fmc.o(i.fmc_bank0_unlock), (36 bytes).
    Removing gd32f30x_fmc.o(i.fmc_bank1_erase), (68 bytes).
    Removing gd32f30x_fmc.o(i.fmc_bank1_lock), (20 bytes).
    Removing gd32f30x_fmc.o(i.fmc_bank1_ready_wait), (34 bytes).
    Removing gd32f30x_fmc.o(i.fmc_bank1_state_get), (48 bytes).
    Removing gd32f30x_fmc.o(i.fmc_bank1_unlock), (36 bytes).
    Removing gd32f30x_fmc.o(i.fmc_flag_clear), (32 bytes).
    Removing gd32f30x_fmc.o(i.fmc_flag_get), (36 bytes).
    Removing gd32f30x_fmc.o(i.fmc_halfword_program), (192 bytes).
    Removing gd32f30x_fmc.o(i.fmc_interrupt_disable), (32 bytes).
    Removing gd32f30x_fmc.o(i.fmc_interrupt_enable), (32 bytes).
    Removing gd32f30x_fmc.o(i.fmc_interrupt_flag_clear), (32 bytes).
    Removing gd32f30x_fmc.o(i.fmc_interrupt_flag_get), (108 bytes).
    Removing gd32f30x_fmc.o(i.fmc_lock), (44 bytes).
    Removing gd32f30x_fmc.o(i.fmc_mass_erase), (200 bytes).
    Removing gd32f30x_fmc.o(i.fmc_page_erase), (236 bytes).
    Removing gd32f30x_fmc.o(i.fmc_unlock), (68 bytes).
    Removing gd32f30x_fmc.o(i.fmc_word_program), (192 bytes).
    Removing gd32f30x_fmc.o(i.fmc_word_reprogram), (244 bytes).
    Removing gd32f30x_fmc.o(i.ob_data_get), (16 bytes).
    Removing gd32f30x_fmc.o(i.ob_data_program), (68 bytes).
    Removing gd32f30x_fmc.o(i.ob_erase), (140 bytes).
    Removing gd32f30x_fmc.o(i.ob_lock), (20 bytes).
    Removing gd32f30x_fmc.o(i.ob_security_protection_config), (132 bytes).
    Removing gd32f30x_fmc.o(i.ob_spc_get), (24 bytes).
    Removing gd32f30x_fmc.o(i.ob_unlock), (36 bytes).
    Removing gd32f30x_fmc.o(i.ob_user_get), (16 bytes).
    Removing gd32f30x_fmc.o(i.ob_user_write), (96 bytes).
    Removing gd32f30x_fmc.o(i.ob_write_protection_enable), (168 bytes).
    Removing gd32f30x_fmc.o(i.ob_write_protection_get), (12 bytes).
    Removing gd32f30x_gpio.o(.rev16_text), (4 bytes).
    Removing gd32f30x_gpio.o(.revsh_text), (4 bytes).
    Removing gd32f30x_gpio.o(.rrx_text), (6 bytes).
    Removing gd32f30x_gpio.o(i.gpio_afio_deinit), (20 bytes).
    Removing gd32f30x_gpio.o(i.gpio_compensation_config), (24 bytes).
    Removing gd32f30x_gpio.o(i.gpio_compensation_flag_get), (24 bytes).
    Removing gd32f30x_gpio.o(i.gpio_deinit), (196 bytes).
    Removing gd32f30x_gpio.o(i.gpio_event_output_config), (28 bytes).
    Removing gd32f30x_gpio.o(i.gpio_event_output_disable), (20 bytes).
    Removing gd32f30x_gpio.o(i.gpio_event_output_enable), (20 bytes).
    Removing gd32f30x_gpio.o(i.gpio_exti_source_select), (152 bytes).
    Removing gd32f30x_gpio.o(i.gpio_input_port_get), (8 bytes).
    Removing gd32f30x_gpio.o(i.gpio_output_port_get), (8 bytes).
    Removing gd32f30x_gpio.o(i.gpio_pin_lock), (18 bytes).
    Removing gd32f30x_gpio.o(i.gpio_pin_remap_config), (144 bytes).
    Removing gd32f30x_gpio.o(i.gpio_port_write), (4 bytes).
    Removing gd32f30x_misc.o(.rev16_text), (4 bytes).
    Removing gd32f30x_misc.o(.revsh_text), (4 bytes).
    Removing gd32f30x_misc.o(.rrx_text), (6 bytes).
    Removing gd32f30x_misc.o(i.nvic_irq_disable), (24 bytes).
    Removing gd32f30x_misc.o(i.nvic_vector_table_set), (20 bytes).
    Removing gd32f30x_misc.o(i.system_lowpower_reset), (16 bytes).
    Removing gd32f30x_misc.o(i.system_lowpower_set), (16 bytes).
    Removing gd32f30x_misc.o(i.systick_clksource_set), (40 bytes).
    Removing gd32f30x_rcu.o(.rev16_text), (4 bytes).
    Removing gd32f30x_rcu.o(.revsh_text), (4 bytes).
    Removing gd32f30x_rcu.o(.rrx_text), (6 bytes).
    Removing gd32f30x_rcu.o(i.rcu_adc_clock_config), (108 bytes).
    Removing gd32f30x_rcu.o(i.rcu_all_reset_flag_clear), (20 bytes).
    Removing gd32f30x_rcu.o(i.rcu_bkp_reset_disable), (20 bytes).
    Removing gd32f30x_rcu.o(i.rcu_bkp_reset_enable), (20 bytes).
    Removing gd32f30x_rcu.o(i.rcu_ck48m_clock_config), (28 bytes).
    Removing gd32f30x_rcu.o(i.rcu_ckout0_config), (24 bytes).
    Removing gd32f30x_rcu.o(i.rcu_deepsleep_voltage_set), (16 bytes).
    Removing gd32f30x_rcu.o(i.rcu_hxtal_clock_monitor_disable), (20 bytes).
    Removing gd32f30x_rcu.o(i.rcu_hxtal_clock_monitor_enable), (20 bytes).
    Removing gd32f30x_rcu.o(i.rcu_interrupt_disable), (32 bytes).
    Removing gd32f30x_rcu.o(i.rcu_interrupt_enable), (32 bytes).
    Removing gd32f30x_rcu.o(i.rcu_interrupt_flag_clear), (32 bytes).
    Removing gd32f30x_rcu.o(i.rcu_interrupt_flag_get), (36 bytes).
    Removing gd32f30x_rcu.o(i.rcu_irc8m_adjust_value_set), (28 bytes).
    Removing gd32f30x_rcu.o(i.rcu_lxtal_drive_capability_config), (24 bytes).
    Removing gd32f30x_rcu.o(i.rcu_osci_bypass_mode_disable), (100 bytes).
    Removing gd32f30x_rcu.o(i.rcu_osci_bypass_mode_enable), (100 bytes).
    Removing gd32f30x_rcu.o(i.rcu_osci_off), (32 bytes).
    Removing gd32f30x_rcu.o(i.rcu_periph_clock_disable), (32 bytes).
    Removing gd32f30x_rcu.o(i.rcu_periph_clock_sleep_disable), (32 bytes).
    Removing gd32f30x_rcu.o(i.rcu_periph_clock_sleep_enable), (32 bytes).
    Removing gd32f30x_rcu.o(i.rcu_rtc_clock_config), (24 bytes).
    Removing gd32f30x_rcu.o(i.rcu_usb_clock_config), (24 bytes).
    Removing gd32f30x_timer.o(.rev16_text), (4 bytes).
    Removing gd32f30x_timer.o(.revsh_text), (4 bytes).
    Removing gd32f30x_timer.o(.rrx_text), (6 bytes).
    Removing gd32f30x_timer.o(i.timer_auto_reload_shadow_disable), (10 bytes).
    Removing gd32f30x_timer.o(i.timer_auto_reload_shadow_enable), (10 bytes).
    Removing gd32f30x_timer.o(i.timer_automatic_output_disable), (10 bytes).
    Removing gd32f30x_timer.o(i.timer_automatic_output_enable), (10 bytes).
    Removing gd32f30x_timer.o(i.timer_autoreload_value_config), (4 bytes).
    Removing gd32f30x_timer.o(i.timer_break_config), (30 bytes).
    Removing gd32f30x_timer.o(i.timer_break_disable), (10 bytes).
    Removing gd32f30x_timer.o(i.timer_break_enable), (10 bytes).
    Removing gd32f30x_timer.o(i.timer_break_struct_para_init), (18 bytes).
    Removing gd32f30x_timer.o(i.timer_channel_capture_value_register_read), (42 bytes).
    Removing gd32f30x_timer.o(i.timer_channel_complementary_output_polarity_config), (70 bytes).
    Removing gd32f30x_timer.o(i.timer_channel_complementary_output_state_config), (70 bytes).
    Removing gd32f30x_timer.o(i.timer_channel_control_shadow_config), (24 bytes).
    Removing gd32f30x_timer.o(i.timer_channel_control_shadow_update_config), (26 bytes).
    Removing gd32f30x_timer.o(i.timer_channel_dma_request_source_select), (26 bytes).
    Removing gd32f30x_timer.o(i.timer_channel_input_capture_prescaler_config), (90 bytes).
    Removing gd32f30x_timer.o(i.timer_channel_input_struct_para_init), (16 bytes).
    Removing gd32f30x_timer.o(i.timer_channel_output_clear_config), (90 bytes).
    Removing gd32f30x_timer.o(i.timer_channel_output_config), (492 bytes).
    Removing gd32f30x_timer.o(i.timer_channel_output_fast_config), (90 bytes).
    Removing gd32f30x_timer.o(i.timer_channel_output_mode_config), (90 bytes).
    Removing gd32f30x_timer.o(i.timer_channel_output_polarity_config), (92 bytes).
    Removing gd32f30x_timer.o(i.timer_channel_output_pulse_value_config), (38 bytes).
    Removing gd32f30x_timer.o(i.timer_channel_output_shadow_config), (90 bytes).
    Removing gd32f30x_timer.o(i.timer_channel_output_state_config), (92 bytes).
    Removing gd32f30x_timer.o(i.timer_channel_output_struct_para_init), (16 bytes).
    Removing gd32f30x_timer.o(i.timer_counter_alignment), (16 bytes).
    Removing gd32f30x_timer.o(i.timer_counter_down_direction), (10 bytes).
    Removing gd32f30x_timer.o(i.timer_counter_read), (8 bytes).
    Removing gd32f30x_timer.o(i.timer_counter_up_direction), (10 bytes).
    Removing gd32f30x_timer.o(i.timer_counter_value_config), (4 bytes).
    Removing gd32f30x_timer.o(i.timer_disable), (10 bytes).
    Removing gd32f30x_timer.o(i.timer_dma_disable), (8 bytes).
    Removing gd32f30x_timer.o(i.timer_dma_enable), (8 bytes).
    Removing gd32f30x_timer.o(i.timer_dma_transfer_config), (24 bytes).
    Removing gd32f30x_timer.o(i.timer_event_software_generate), (8 bytes).
    Removing gd32f30x_timer.o(i.timer_external_clock_mode0_config), (40 bytes).
    Removing gd32f30x_timer.o(i.timer_external_clock_mode1_config), (32 bytes).
    Removing gd32f30x_timer.o(i.timer_external_clock_mode1_disable), (10 bytes).
    Removing gd32f30x_timer.o(i.timer_external_trigger_as_external_clock_config), (166 bytes).
    Removing gd32f30x_timer.o(i.timer_external_trigger_config), (30 bytes).
    Removing gd32f30x_timer.o(i.timer_flag_clear), (6 bytes).
    Removing gd32f30x_timer.o(i.timer_flag_get), (16 bytes).
    Removing gd32f30x_timer.o(i.timer_hall_mode_config), (26 bytes).
    Removing gd32f30x_timer.o(i.timer_input_capture_config), (326 bytes).
    Removing gd32f30x_timer.o(i.timer_input_pwm_capture_config), (356 bytes).
    Removing gd32f30x_timer.o(i.timer_input_trigger_source_select), (16 bytes).
    Removing gd32f30x_timer.o(i.timer_internal_clock_config), (10 bytes).
    Removing gd32f30x_timer.o(i.timer_internal_trigger_as_external_clock_config), (32 bytes).
    Removing gd32f30x_timer.o(i.timer_interrupt_disable), (8 bytes).
    Removing gd32f30x_timer.o(i.timer_master_output_trigger_source_select), (16 bytes).
    Removing gd32f30x_timer.o(i.timer_master_slave_mode_config), (26 bytes).
    Removing gd32f30x_timer.o(i.timer_output_value_selection_config), (34 bytes).
    Removing gd32f30x_timer.o(i.timer_prescaler_config), (14 bytes).
    Removing gd32f30x_timer.o(i.timer_prescaler_read), (10 bytes).
    Removing gd32f30x_timer.o(i.timer_primary_output_config), (24 bytes).
    Removing gd32f30x_timer.o(i.timer_quadrature_decoder_mode_config), (64 bytes).
    Removing gd32f30x_timer.o(i.timer_repetition_value_config), (4 bytes).
    Removing gd32f30x_timer.o(i.timer_single_pulse_mode_config), (26 bytes).
    Removing gd32f30x_timer.o(i.timer_slave_mode_select), (16 bytes).
    Removing gd32f30x_timer.o(i.timer_update_event_disable), (10 bytes).
    Removing gd32f30x_timer.o(i.timer_update_event_enable), (10 bytes).
    Removing gd32f30x_timer.o(i.timer_update_source_config), (26 bytes).
    Removing gd32f30x_timer.o(i.timer_write_chxval_register_config), (34 bytes).
    Removing gd32f30x_usart.o(.rev16_text), (4 bytes).
    Removing gd32f30x_usart.o(.revsh_text), (4 bytes).
    Removing gd32f30x_usart.o(.rrx_text), (6 bytes).
    Removing gd32f30x_usart.o(i.usart_address_config), (20 bytes).
    Removing gd32f30x_usart.o(i.usart_block_length_config), (28 bytes).
    Removing gd32f30x_usart.o(i.usart_data_first_config), (20 bytes).
    Removing gd32f30x_usart.o(i.usart_disable), (10 bytes).
    Removing gd32f30x_usart.o(i.usart_dma_receive_config), (16 bytes).
    Removing gd32f30x_usart.o(i.usart_flag_clear), (26 bytes).
    Removing gd32f30x_usart.o(i.usart_guard_time_config), (24 bytes).
    Removing gd32f30x_usart.o(i.usart_halfduplex_disable), (10 bytes).
    Removing gd32f30x_usart.o(i.usart_halfduplex_enable), (10 bytes).
    Removing gd32f30x_usart.o(i.usart_hardware_flow_cts_config), (16 bytes).
    Removing gd32f30x_usart.o(i.usart_hardware_flow_rts_config), (16 bytes).
    Removing gd32f30x_usart.o(i.usart_interrupt_disable), (26 bytes).
    Removing gd32f30x_usart.o(i.usart_invert_config), (104 bytes).
    Removing gd32f30x_usart.o(i.usart_irda_lowpower_config), (20 bytes).
    Removing gd32f30x_usart.o(i.usart_irda_mode_disable), (10 bytes).
    Removing gd32f30x_usart.o(i.usart_irda_mode_enable), (10 bytes).
    Removing gd32f30x_usart.o(i.usart_lin_break_detection_length_config), (20 bytes).
    Removing gd32f30x_usart.o(i.usart_lin_mode_disable), (10 bytes).
    Removing gd32f30x_usart.o(i.usart_lin_mode_enable), (10 bytes).
    Removing gd32f30x_usart.o(i.usart_mute_mode_disable), (10 bytes).
    Removing gd32f30x_usart.o(i.usart_mute_mode_enable), (10 bytes).
    Removing gd32f30x_usart.o(i.usart_mute_mode_wakeup_config), (16 bytes).
    Removing gd32f30x_usart.o(i.usart_prescaler_config), (16 bytes).
    Removing gd32f30x_usart.o(i.usart_receiver_timeout_disable), (14 bytes).
    Removing gd32f30x_usart.o(i.usart_receiver_timeout_enable), (14 bytes).
    Removing gd32f30x_usart.o(i.usart_receiver_timeout_threshold_config), (20 bytes).
    Removing gd32f30x_usart.o(i.usart_send_break), (10 bytes).
    Removing gd32f30x_usart.o(i.usart_smartcard_autoretry_config), (26 bytes).
    Removing gd32f30x_usart.o(i.usart_smartcard_mode_disable), (10 bytes).
    Removing gd32f30x_usart.o(i.usart_smartcard_mode_enable), (10 bytes).
    Removing gd32f30x_usart.o(i.usart_smartcard_mode_nack_disable), (10 bytes).
    Removing gd32f30x_usart.o(i.usart_smartcard_mode_nack_enable), (10 bytes).
    Removing gd32f30x_usart.o(i.usart_synchronous_clock_config), (34 bytes).
    Removing gd32f30x_usart.o(i.usart_synchronous_clock_disable), (10 bytes).
    Removing gd32f30x_usart.o(i.usart_synchronous_clock_enable), (10 bytes).
    Removing gd32f30x_dma.o(.rev16_text), (4 bytes).
    Removing gd32f30x_dma.o(.revsh_text), (4 bytes).
    Removing gd32f30x_dma.o(.rrx_text), (6 bytes).
    Removing gd32f30x_dma.o(i.dma_channel_disable), (50 bytes).
    Removing gd32f30x_dma.o(i.dma_channel_enable), (50 bytes).
    Removing gd32f30x_dma.o(i.dma_circulation_disable), (50 bytes).
    Removing gd32f30x_dma.o(i.dma_circulation_enable), (50 bytes).
    Removing gd32f30x_dma.o(i.dma_deinit), (112 bytes).
    Removing gd32f30x_dma.o(i.dma_flag_clear), (16 bytes).
    Removing gd32f30x_dma.o(i.dma_flag_get), (24 bytes).
    Removing gd32f30x_dma.o(i.dma_init), (302 bytes).
    Removing gd32f30x_dma.o(i.dma_interrupt_disable), (50 bytes).
    Removing gd32f30x_dma.o(i.dma_interrupt_enable), (50 bytes).
    Removing gd32f30x_dma.o(i.dma_interrupt_flag_clear), (16 bytes).
    Removing gd32f30x_dma.o(i.dma_interrupt_flag_get), (130 bytes).
    Removing gd32f30x_dma.o(i.dma_memory_address_config), (36 bytes).
    Removing gd32f30x_dma.o(i.dma_memory_increase_disable), (50 bytes).
    Removing gd32f30x_dma.o(i.dma_memory_increase_enable), (50 bytes).
    Removing gd32f30x_dma.o(i.dma_memory_to_memory_disable), (50 bytes).
    Removing gd32f30x_dma.o(i.dma_memory_to_memory_enable), (50 bytes).
    Removing gd32f30x_dma.o(i.dma_memory_width_config), (58 bytes).
    Removing gd32f30x_dma.o(i.dma_periph_address_config), (36 bytes).
    Removing gd32f30x_dma.o(i.dma_periph_and_channel_check), (24 bytes).
    Removing gd32f30x_dma.o(i.dma_periph_increase_disable), (50 bytes).
    Removing gd32f30x_dma.o(i.dma_periph_increase_enable), (50 bytes).
    Removing gd32f30x_dma.o(i.dma_periph_width_config), (58 bytes).
    Removing gd32f30x_dma.o(i.dma_priority_config), (58 bytes).
    Removing gd32f30x_dma.o(i.dma_struct_para_init), (28 bytes).
    Removing gd32f30x_dma.o(i.dma_transfer_direction_config), (84 bytes).
    Removing gd32f30x_dma.o(i.dma_transfer_number_config), (38 bytes).
    Removing gd32f30x_dma.o(i.dma_transfer_number_get), (34 bytes).
    Removing gd32f30x_it.o(.rev16_text), (4 bytes).
    Removing gd32f30x_it.o(.revsh_text), (4 bytes).
    Removing gd32f30x_it.o(.rrx_text), (6 bytes).
    Removing nvic.o(.rev16_text), (4 bytes).
    Removing nvic.o(.revsh_text), (4 bytes).
    Removing nvic.o(.rrx_text), (6 bytes).
    Removing system_gd32f30x.o(.rev16_text), (4 bytes).
    Removing system_gd32f30x.o(.revsh_text), (4 bytes).
    Removing system_gd32f30x.o(.rrx_text), (6 bytes).
    Removing system_gd32f30x.o(i.SystemCoreClockUpdate), (184 bytes).
    Removing startup_gd32f30x_hd.o(HEAP), (1024 bytes).
    Removing dadd.o(.text), (334 bytes).
    Removing dmul.o(.text), (228 bytes).
    Removing ddiv.o(.text), (222 bytes).
    Removing dfixul.o(.text), (48 bytes).
    Removing cdrcmple.o(.text), (48 bytes).
    Removing depilogue.o(.text), (186 bytes).

312 unused section(s) (total 14418 bytes) removed from the image.

==============================================================================

Image Symbol Table

    Local Symbols

    Symbol Name                              Value     Ov Type        Size  Object(Section)

    ../clib/microlib/division.c              0x00000000   Number         0  uldiv.o ABSOLUTE
    ../clib/microlib/division.c              0x00000000   Number         0  uidiv.o ABSOLUTE
    ../clib/microlib/init/entry.s            0x00000000   Number         0  entry9a.o ABSOLUTE
    ../clib/microlib/init/entry.s            0x00000000   Number         0  entry8b.o ABSOLUTE
    ../clib/microlib/init/entry.s            0x00000000   Number         0  entry7a.o ABSOLUTE
    ../clib/microlib/init/entry.s            0x00000000   Number         0  entry2.o ABSOLUTE
    ../clib/microlib/init/entry.s            0x00000000   Number         0  entry5.o ABSOLUTE
    ../clib/microlib/init/entry.s            0x00000000   Number         0  entry.o ABSOLUTE
    ../clib/microlib/init/entry.s            0x00000000   Number         0  entry11b.o ABSOLUTE
    ../clib/microlib/init/entry.s            0x00000000   Number         0  entry11a.o ABSOLUTE
    ../clib/microlib/init/entry.s            0x00000000   Number         0  entry10a.o ABSOLUTE
    ../clib/microlib/init/entry.s            0x00000000   Number         0  entry10b.o ABSOLUTE
    ../clib/microlib/init/entry.s            0x00000000   Number         0  entry9b.o ABSOLUTE
    ../clib/microlib/init/entry.s            0x00000000   Number         0  entry8a.o ABSOLUTE
    ../clib/microlib/init/entry.s            0x00000000   Number         0  entry7b.o ABSOLUTE
    ../clib/microlib/longlong.c              0x00000000   Number         0  llushr.o ABSOLUTE
    ../clib/microlib/longlong.c              0x00000000   Number         0  llsshr.o ABSOLUTE
    ../clib/microlib/longlong.c              0x00000000   Number         0  llshl.o ABSOLUTE
    ../clib/microlib/printf/printf.c         0x00000000   Number         0  printf0.o ABSOLUTE
    ../clib/microlib/printf/printf.c         0x00000000   Number         0  printf5.o ABSOLUTE
    ../clib/microlib/printf/printf.c         0x00000000   Number         0  printf4.o ABSOLUTE
    ../clib/microlib/printf/printf.c         0x00000000   Number         0  printf2.o ABSOLUTE
    ../clib/microlib/printf/printf.c         0x00000000   Number         0  printf1.o ABSOLUTE
    ../clib/microlib/printf/printf.c         0x00000000   Number         0  printf6.o ABSOLUTE
    ../clib/microlib/printf/printf.c         0x00000000   Number         0  printf8.o ABSOLUTE
    ../clib/microlib/printf/printf.c         0x00000000   Number         0  printfb.o ABSOLUTE
    ../clib/microlib/printf/printf.c         0x00000000   Number         0  printf7.o ABSOLUTE
    ../clib/microlib/printf/printf.c         0x00000000   Number         0  printf3.o ABSOLUTE
    ../clib/microlib/printf/printf.c         0x00000000   Number         0  printfa.o ABSOLUTE
    ../clib/microlib/printf/stubs.s          0x00000000   Number         0  stubs.o ABSOLUTE
    ../clib/microlib/stdio/streams.c         0x00000000   Number         0  stdout.o ABSOLUTE
    ../clib/microlib/stubs.s                 0x00000000   Number         0  iusefp.o ABSOLUTE
    ../fplib/microlib/fpadd.c                0x00000000   Number         0  dadd.o ABSOLUTE
    ../fplib/microlib/fpdiv.c                0x00000000   Number         0  ddiv.o ABSOLUTE
    ../fplib/microlib/fpepilogue.c           0x00000000   Number         0  depilogue.o ABSOLUTE
    ../fplib/microlib/fpfix.c                0x00000000   Number         0  dfixul.o ABSOLUTE
    ../fplib/microlib/fpmul.c                0x00000000   Number         0  dmul.o ABSOLUTE
    ..\ARM\NVIC\NVIC.c                       0x00000000   Number         0  nvic.o ABSOLUTE
    ..\ARM\System\gd32f30x_it.c              0x00000000   Number         0  gd32f30x_it.o ABSOLUTE
    ..\ARM\System\startup_gd32f30x_hd.s      0x00000000   Number         0  startup_gd32f30x_hd.o ABSOLUTE
    ..\ARM\System\system_gd32f30x.c          0x00000000   Number         0  system_gd32f30x.o ABSOLUTE
    ..\App\Delay\Delay.c                     0x00000000   Number         0  delay.o ABSOLUTE
    ..\App\KeyOne\KeyOne.c                   0x00000000   Number         0  keyone.o ABSOLUTE
    ..\App\LED\LED.c                         0x00000000   Number         0  led.o ABSOLUTE
    ..\App\Main\Main.c                       0x00000000   Number         0  main.o ABSOLUTE
    ..\FW\Source\gd32f30x_dma.c              0x00000000   Number         0  gd32f30x_dma.o ABSOLUTE
    ..\FW\Source\gd32f30x_fmc.c              0x00000000   Number         0  gd32f30x_fmc.o ABSOLUTE
    ..\FW\Source\gd32f30x_gpio.c             0x00000000   Number         0  gd32f30x_gpio.o ABSOLUTE
    ..\FW\Source\gd32f30x_misc.c             0x00000000   Number         0  gd32f30x_misc.o ABSOLUTE
    ..\FW\Source\gd32f30x_rcu.c              0x00000000   Number         0  gd32f30x_rcu.o ABSOLUTE
    ..\FW\Source\gd32f30x_timer.c            0x00000000   Number         0  gd32f30x_timer.o ABSOLUTE
    ..\FW\Source\gd32f30x_usart.c            0x00000000   Number         0  gd32f30x_usart.o ABSOLUTE
    ..\HW\RCU\RCU.c                          0x00000000   Number         0  rcu.o ABSOLUTE
    ..\HW\Timer\Timer.c                      0x00000000   Number         0  timer.o ABSOLUTE
    ..\HW\UART0\CirQueue.c                   0x00000000   Number         0  cirqueue.o ABSOLUTE
    ..\HW\UART0\UART0.c                      0x00000000   Number         0  uart0.o ABSOLUTE
    ..\OS\CasyOS.c                           0x00000000   Number         0  casyos.o ABSOLUTE
    ..\OS\os_flag.c                          0x00000000   Number         0  os_flag.o ABSOLUTE
    ..\OS\os_mem.c                           0x00000000   Number         0  os_mem.o ABSOLUTE
    ..\OS\os_mutex.c                         0x00000000   Number         0  os_mutex.o ABSOLUTE
    ..\OS\os_q.c                             0x00000000   Number         0  os_q.o ABSOLUTE
    ..\OS\os_sem.c                           0x00000000   Number         0  os_sem.o ABSOLUTE
    ..\OS\os_task.c                          0x00000000   Number         0  os_task.o ABSOLUTE
    ..\\ARM\\NVIC\\NVIC.c                    0x00000000   Number         0  nvic.o ABSOLUTE
    ..\\ARM\\System\\gd32f30x_it.c           0x00000000   Number         0  gd32f30x_it.o ABSOLUTE
    ..\\ARM\\System\\system_gd32f30x.c       0x00000000   Number         0  system_gd32f30x.o ABSOLUTE
    ..\\App\\Delay\\Delay.c                  0x00000000   Number         0  delay.o ABSOLUTE
    ..\\App\\KeyOne\\KeyOne.c                0x00000000   Number         0  keyone.o ABSOLUTE
    ..\\App\\LED\\LED.c                      0x00000000   Number         0  led.o ABSOLUTE
    ..\\App\\Main\\Main.c                    0x00000000   Number         0  main.o ABSOLUTE
    ..\\FW\\Source\\gd32f30x_dma.c           0x00000000   Number         0  gd32f30x_dma.o ABSOLUTE
    ..\\FW\\Source\\gd32f30x_fmc.c           0x00000000   Number         0  gd32f30x_fmc.o ABSOLUTE
    ..\\FW\\Source\\gd32f30x_gpio.c          0x00000000   Number         0  gd32f30x_gpio.o ABSOLUTE
    ..\\FW\\Source\\gd32f30x_misc.c          0x00000000   Number         0  gd32f30x_misc.o ABSOLUTE
    ..\\FW\\Source\\gd32f30x_rcu.c           0x00000000   Number         0  gd32f30x_rcu.o ABSOLUTE
    ..\\FW\\Source\\gd32f30x_timer.c         0x00000000   Number         0  gd32f30x_timer.o ABSOLUTE
    ..\\FW\\Source\\gd32f30x_usart.c         0x00000000   Number         0  gd32f30x_usart.o ABSOLUTE
    ..\\HW\\RCU\\RCU.c                       0x00000000   Number         0  rcu.o ABSOLUTE
    ..\\HW\\Timer\\Timer.c                   0x00000000   Number         0  timer.o ABSOLUTE
    ..\\HW\\UART0\\UART0.c                   0x00000000   Number         0  uart0.o ABSOLUTE
    ..\\OS\\CasyOS.c                         0x00000000   Number         0  casyos.o ABSOLUTE
    ..\\OS\\os_flag.c                        0x00000000   Number         0  os_flag.o ABSOLUTE
    ..\\OS\\os_mem.c                         0x00000000   Number         0  os_mem.o ABSOLUTE
    ..\\OS\\os_mutex.c                       0x00000000   Number         0  os_mutex.o ABSOLUTE
    ..\\OS\\os_q.c                           0x00000000   Number         0  os_q.o ABSOLUTE
    ..\\OS\\os_sem.c                         0x00000000   Number         0  os_sem.o ABSOLUTE
    ..\\OS\\os_task.c                        0x00000000   Number         0  os_task.o ABSOLUTE
    cdrcmple.s                               0x00000000   Number         0  cdrcmple.o ABSOLUTE
    dc.s                                     0x00000000   Number         0  dc.o ABSOLUTE
    handlers.s                               0x00000000   Number         0  handlers.o ABSOLUTE
    init.s                                   0x00000000   Number         0  init.o ABSOLUTE
    RESET                                    0x08000000   Section      304  startup_gd32f30x_hd.o(RESET)
    .ARM.Collect$$$$00000000                 0x08000130   Section        0  entry.o(.ARM.Collect$$$$00000000)
    .ARM.Collect$$$$00000001                 0x08000130   Section        4  entry2.o(.ARM.Collect$$$$00000001)
    .ARM.Collect$$$$00000004                 0x08000134   Section        4  entry5.o(.ARM.Collect$$$$00000004)
    .ARM.Collect$$$$00000008                 0x08000138   Section        0  entry7b.o(.ARM.Collect$$$$00000008)
    .ARM.Collect$$$$0000000A                 0x08000138   Section        0  entry8b.o(.ARM.Collect$$$$0000000A)
    .ARM.Collect$$$$0000000B                 0x08000138   Section        8  entry9a.o(.ARM.Collect$$$$0000000B)
    .ARM.Collect$$$$0000000D                 0x08000140   Section        0  entry10a.o(.ARM.Collect$$$$0000000D)
    .ARM.Collect$$$$0000000F                 0x08000140   Section        0  entry11a.o(.ARM.Collect$$$$0000000F)
    .ARM.Collect$$$$00002712                 0x08000140   Section        4  entry2.o(.ARM.Collect$$$$00002712)
    __lit__00000000                          0x08000140   Data           4  entry2.o(.ARM.Collect$$$$00002712)
    .emb_text                                0x08000144   Section       76  casyos.o(.emb_text)
    $v0                                      0x08000144   Number         0  casyos.o(.emb_text)
    .text                                    0x08000190   Section       36  startup_gd32f30x_hd.o(.text)
    $v0                                      0x08000190   Number         0  startup_gd32f30x_hd.o(.text)
    .text                                    0x080001b4   Section        0  uidiv.o(.text)
    .text                                    0x080001e0   Section       36  init.o(.text)
    i.BusFault_Handler                       0x08000204   Section        0  gd32f30x_it.o(i.BusFault_Handler)
    i.ConfigKeyOneGPIO                       0x08000208   Section        0  keyone.o(i.ConfigKeyOneGPIO)
    ConfigKeyOneGPIO                         0x08000209   Thumb Code    60  keyone.o(i.ConfigKeyOneGPIO)
    i.ConfigLEDGPIO                          0x0800024c   Section        0  led.o(i.ConfigLEDGPIO)
    ConfigLEDGPIO                            0x0800024d   Thumb Code    64  led.o(i.ConfigLEDGPIO)
    i.ConfigNVIC                             0x08000294   Section        0  nvic.o(i.ConfigNVIC)
    ConfigNVIC                               0x08000295   Thumb Code    12  nvic.o(i.ConfigNVIC)
    i.ConfigRCU                              0x080002a0   Section        0  rcu.o(i.ConfigRCU)
    ConfigRCU                                0x080002a1   Thumb Code   104  rcu.o(i.ConfigRCU)
    i.ConfigTimer2                           0x08000308   Section        0  timer.o(i.ConfigTimer2)
    ConfigTimer2                             0x08000309   Thumb Code    76  timer.o(i.ConfigTimer2)
    i.ConfigUART                             0x08000358   Section        0  uart0.o(i.ConfigUART)
    ConfigUART                               0x08000359   Thumb Code   138  uart0.o(i.ConfigUART)
    i.DebugMon_Handler                       0x080003ec   Section        0  gd32f30x_it.o(i.DebugMon_Handler)
    i.EnCirQueue                             0x080003ee   Section        0  cirqueue.o(i.EnCirQueue)
    i.HardFault_Handler                      0x08000436   Section        0  gd32f30x_it.o(i.HardFault_Handler)
    i.IdleTask                               0x0800043a   Section        0  casyos.o(i.IdleTask)
    IdleTask                                 0x0800043b   Thumb Code     4  casyos.o(i.IdleTask)
    i.InitCasyOS                             0x0800043e   Section        0  casyos.o(i.InitCasyOS)
    i.InitCirQueue                           0x0800044a   Section        0  cirqueue.o(i.InitCirQueue)
    i.InitHardware                           0x0800046e   Section        0  main.o(i.InitHardware)
    InitHardware                             0x0800046f   Thumb Code    24  main.o(i.InitHardware)
    i.InitKeyOne                             0x08000488   Section        0  keyone.o(i.InitKeyOne)
    i.InitLED                                0x080004a0   Section        0  led.o(i.InitLED)
    i.InitNVIC                               0x080004a8   Section        0  nvic.o(i.InitNVIC)
    i.InitRCU                                0x080004b0   Section        0  rcu.o(i.InitRCU)
    i.InitSoftware                           0x080004b8   Section        0  main.o(i.InitSoftware)
    InitSoftware                             0x080004b9   Thumb Code    12  main.o(i.InitSoftware)
    i.InitTimer                              0x080004c4   Section        0  timer.o(i.InitTimer)
    i.InitUART0                              0x080004e0   Section        0  uart0.o(i.InitUART0)
    i.LED1Task                               0x08000500   Section        0  main.o(i.LED1Task)
    LED1Task                                 0x08000501   Thumb Code    40  main.o(i.LED1Task)
    i.LED2Task                               0x0800052c   Section        0  main.o(i.LED2Task)
    LED2Task                                 0x0800052d   Thumb Code    36  main.o(i.LED2Task)
    i.MallocMemory                           0x08000554   Section        0  os_mem.o(i.MallocMemory)
    MallocMemory                             0x08000555   Thumb Code    96  os_mem.o(i.MallocMemory)
    i.MemManage_Handler                      0x080005b8   Section        0  gd32f30x_it.o(i.MemManage_Handler)
    i.NMI_Handler                            0x080005bc   Section        0  gd32f30x_it.o(i.NMI_Handler)
    i.OSDelay                                0x080005c0   Section        0  casyos.o(i.OSDelay)
    i.OSInitMemory                           0x08000640   Section        0  os_mem.o(i.OSInitMemory)
    i.OSInitTaskSched                        0x08000678   Section        0  os_task.o(i.OSInitTaskSched)
    i.OSIntEnter                             0x08000694   Section        0  casyos.o(i.OSIntEnter)
    i.OSIntExit                              0x080006b0   Section        0  casyos.o(i.OSIntExit)
    i.OSMalloc                               0x080006f4   Section        0  os_mem.o(i.OSMalloc)
    i.OSMemoryPerused                        0x080007cc   Section        0  os_mem.o(i.OSMemoryPerused)
    i.OSRegister                             0x08000814   Section        0  casyos.o(i.OSRegister)
    i.OSSemPend                              0x0800092c   Section        0  os_sem.o(i.OSSemPend)
    i.OSSemPost                              0x080009e8   Section        0  os_sem.o(i.OSSemPost)
    i.OSStart                                0x08000ad4   Section        0  casyos.o(i.OSStart)
    i.OS_BitMapClr                           0x08000b70   Section        0  os_task.o(i.OS_BitMapClr)
    i.OS_BitMapGetHighest                    0x08000bc8   Section        0  os_task.o(i.OS_BitMapGetHighest)
    i.OS_BitMapInit                          0x08000c18   Section        0  os_task.o(i.OS_BitMapInit)
    i.OS_BitMapSet                           0x08000c24   Section        0  os_task.o(i.OS_BitMapSet)
    i.OS_ENTER_CRITICAL                      0x08000c7c   Section        0  casyos.o(i.OS_ENTER_CRITICAL)
    i.OS_EXIT_CRITICAL                       0x08000c80   Section        0  casyos.o(i.OS_EXIT_CRITICAL)
    i.OS_InISR                               0x08000c84   Section        0  casyos.o(i.OS_InISR)
    i.OS_PendListGetHighest                  0x08000c98   Section        0  os_task.o(i.OS_PendListGetHighest)
    i.OS_PendListInit                        0x08000ca4   Section        0  os_task.o(i.OS_PendListInit)
    i.OS_PendListInsert                      0x08000cac   Section        0  os_task.o(i.OS_PendListInsert)
    i.OS_PendListRemove                      0x08000d40   Section        0  os_task.o(i.OS_PendListRemove)
    i.OS_QInit                               0x08000dc0   Section        0  os_q.o(i.OS_QInit)
    i.OS_RdyListInit                         0x08000e4c   Section        0  os_task.o(i.OS_RdyListInit)
    i.OS_RdyTaskAdd                          0x08000e6c   Section        0  os_task.o(i.OS_RdyTaskAdd)
    i.OS_RdyTaskRemove                       0x08000ea4   Section        0  os_task.o(i.OS_RdyTaskRemove)
    i.OS_Sched                               0x08000efc   Section        0  casyos.o(i.OS_Sched)
    i.OS_SemInit                             0x08000f20   Section        0  os_sem.o(i.OS_SemInit)
    i.OS_TaskListAdd                         0x08000f6c   Section        0  os_task.o(i.OS_TaskListAdd)
    i.OS_TaskListInit                        0x08000f8c   Section        0  os_task.o(i.OS_TaskListInit)
    i.OS_TickListInit                        0x08000f98   Section        0  os_task.o(i.OS_TickListInit)
    i.OS_TickTaskInsert                      0x08000fa8   Section        0  os_task.o(i.OS_TickTaskInsert)
    i.OS_TickTaskRemove                      0x0800108c   Section        0  os_task.o(i.OS_TickTaskRemove)
    i.OS_TickUpdate                          0x08001128   Section        0  os_task.o(i.OS_TickUpdate)
    i.OS_UpdateCurrentTask                   0x0800116c   Section        0  os_task.o(i.OS_UpdateCurrentTask)
    i.ScanKeyOne                             0x08001190   Section        0  keyone.o(i.ScanKeyOne)
    i.SysTick_Handler                        0x08001250   Section        0  casyos.o(i.SysTick_Handler)
    i.SystemInit                             0x08001264   Section        0  system_gd32f30x.o(i.SystemInit)
    i.TIMER2_IRQHandler                      0x080012b4   Section        0  timer.o(i.TIMER2_IRQHandler)
    i.TestTask1                              0x080012e8   Section        0  main.o(i.TestTask1)
    TestTask1                                0x080012e9   Thumb Code    54  main.o(i.TestTask1)
    i.TestTask3                              0x0800134c   Section        0  main.o(i.TestTask3)
    TestTask3                                0x0800134d   Thumb Code    42  main.o(i.TestTask3)
    i.USART0_IRQHandler                      0x080013cc   Section        0  uart0.o(i.USART0_IRQHandler)
    i.UsageFault_Handler                     0x08001438   Section        0  gd32f30x_it.o(i.UsageFault_Handler)
    i.__0printf$3                            0x0800143c   Section        0  printf3.o(i.__0printf$3)
    i.__NVIC_SetPriority                     0x0800145c   Section        0  casyos.o(i.__NVIC_SetPriority)
    __NVIC_SetPriority                       0x0800145d   Thumb Code    32  casyos.o(i.__NVIC_SetPriority)
    i.__scatterload_copy                     0x08001484   Section       14  handlers.o(i.__scatterload_copy)
    i.__scatterload_null                     0x08001492   Section        2  handlers.o(i.__scatterload_null)
    i.__scatterload_zeroinit                 0x08001494   Section       14  handlers.o(i.__scatterload_zeroinit)
    i.__set_BASEPRI                          0x080014a2   Section        0  casyos.o(i.__set_BASEPRI)
    __set_BASEPRI                            0x080014a3   Thumb Code     8  casyos.o(i.__set_BASEPRI)
    i._printf_core                           0x080014ac   Section        0  printf3.o(i._printf_core)
    _printf_core                             0x080014ad   Thumb Code   436  printf3.o(i._printf_core)
    i.fmc_wscnt_set                          0x08001664   Section        0  gd32f30x_fmc.o(i.fmc_wscnt_set)
    i.fputc                                  0x0800167c   Section        0  uart0.o(i.fputc)
    i.gpio_bit_reset                         0x080016a0   Section        0  gd32f30x_gpio.o(i.gpio_bit_reset)
    i.gpio_bit_set                           0x080016a4   Section        0  gd32f30x_gpio.o(i.gpio_bit_set)
    i.gpio_bit_write                         0x080016a8   Section        0  gd32f30x_gpio.o(i.gpio_bit_write)
    i.gpio_init                              0x080016b2   Section        0  gd32f30x_gpio.o(i.gpio_init)
    i.gpio_input_bit_get                     0x0800176e   Section        0  gd32f30x_gpio.o(i.gpio_input_bit_get)
    i.gpio_output_bit_get                    0x0800177e   Section        0  gd32f30x_gpio.o(i.gpio_output_bit_get)
    i.main                                   0x08001790   Section        0  main.o(i.main)
    i.nvic_irq_enable                        0x08001860   Section        0  gd32f30x_misc.o(i.nvic_irq_enable)
    i.nvic_priority_group_set                0x08001924   Section        0  gd32f30x_misc.o(i.nvic_priority_group_set)
    i.rcu_ahb_clock_config                   0x08001938   Section        0  gd32f30x_rcu.o(i.rcu_ahb_clock_config)
    i.rcu_apb1_clock_config                  0x08001950   Section        0  gd32f30x_rcu.o(i.rcu_apb1_clock_config)
    i.rcu_apb2_clock_config                  0x08001968   Section        0  gd32f30x_rcu.o(i.rcu_apb2_clock_config)
    i.rcu_clock_freq_get                     0x08001980   Section        0  gd32f30x_rcu.o(i.rcu_clock_freq_get)
    i.rcu_deinit                             0x08001ad8   Section        0  gd32f30x_rcu.o(i.rcu_deinit)
    i.rcu_flag_get                           0x08001b2c   Section        0  gd32f30x_rcu.o(i.rcu_flag_get)
    i.rcu_osci_on                            0x08001b50   Section        0  gd32f30x_rcu.o(i.rcu_osci_on)
    i.rcu_osci_stab_wait                     0x08001b70   Section        0  gd32f30x_rcu.o(i.rcu_osci_stab_wait)
    i.rcu_periph_clock_enable                0x08001c80   Section        0  gd32f30x_rcu.o(i.rcu_periph_clock_enable)
    i.rcu_periph_reset_disable               0x08001ca0   Section        0  gd32f30x_rcu.o(i.rcu_periph_reset_disable)
    i.rcu_periph_reset_enable                0x08001cc0   Section        0  gd32f30x_rcu.o(i.rcu_periph_reset_enable)
    i.rcu_pll_config                         0x08001ce0   Section        0  gd32f30x_rcu.o(i.rcu_pll_config)
    i.rcu_pllpresel_config                   0x08001d00   Section        0  gd32f30x_rcu.o(i.rcu_pllpresel_config)
    i.rcu_predv0_config                      0x08001d18   Section        0  gd32f30x_rcu.o(i.rcu_predv0_config)
    i.rcu_system_clock_source_config         0x08001d38   Section        0  gd32f30x_rcu.o(i.rcu_system_clock_source_config)
    i.rcu_system_clock_source_get            0x08001d50   Section        0  gd32f30x_rcu.o(i.rcu_system_clock_source_get)
    i.system_clock_120m_hxtal                0x08001d60   Section        0  system_gd32f30x.o(i.system_clock_120m_hxtal)
    system_clock_120m_hxtal                  0x08001d61   Thumb Code   256  system_gd32f30x.o(i.system_clock_120m_hxtal)
    i.system_clock_config                    0x08001e70   Section        0  system_gd32f30x.o(i.system_clock_config)
    system_clock_config                      0x08001e71   Thumb Code     8  system_gd32f30x.o(i.system_clock_config)
    i.timer_deinit                           0x08001e78   Section        0  gd32f30x_timer.o(i.timer_deinit)
    i.timer_enable                           0x08001f54   Section        0  gd32f30x_timer.o(i.timer_enable)
    i.timer_init                             0x08001f60   Section        0  gd32f30x_timer.o(i.timer_init)
    i.timer_interrupt_enable                 0x08001ff8   Section        0  gd32f30x_timer.o(i.timer_interrupt_enable)
    i.timer_interrupt_flag_clear             0x08002000   Section        0  gd32f30x_timer.o(i.timer_interrupt_flag_clear)
    i.timer_interrupt_flag_get               0x08002006   Section        0  gd32f30x_timer.o(i.timer_interrupt_flag_get)
    i.timer_struct_para_init                 0x0800201e   Section        0  gd32f30x_timer.o(i.timer_struct_para_init)
    i.usart_baudrate_set                     0x08002034   Section        0  gd32f30x_usart.o(i.usart_baudrate_set)
    i.usart_data_receive                     0x080020c4   Section        0  gd32f30x_usart.o(i.usart_data_receive)
    i.usart_data_transmit                    0x080020ce   Section        0  gd32f30x_usart.o(i.usart_data_transmit)
    i.usart_deinit                           0x080020d8   Section        0  gd32f30x_usart.o(i.usart_deinit)
    i.usart_dma_transmit_config              0x08002168   Section        0  gd32f30x_usart.o(i.usart_dma_transmit_config)
    i.usart_enable                           0x08002178   Section        0  gd32f30x_usart.o(i.usart_enable)
    i.usart_flag_get                         0x08002182   Section        0  gd32f30x_usart.o(i.usart_flag_get)
    i.usart_interrupt_enable                 0x080021a0   Section        0  gd32f30x_usart.o(i.usart_interrupt_enable)
    i.usart_interrupt_flag_clear             0x080021ba   Section        0  gd32f30x_usart.o(i.usart_interrupt_flag_clear)
    i.usart_interrupt_flag_get               0x080021d4   Section        0  gd32f30x_usart.o(i.usart_interrupt_flag_get)
    i.usart_parity_config                    0x0800220c   Section        0  gd32f30x_usart.o(i.usart_parity_config)
    i.usart_receive_config                   0x0800221c   Section        0  gd32f30x_usart.o(i.usart_receive_config)
    i.usart_stop_bit_set                     0x0800222c   Section        0  gd32f30x_usart.o(i.usart_stop_bit_set)
    i.usart_transmit_config                  0x0800223c   Section        0  gd32f30x_usart.o(i.usart_transmit_config)
    i.usart_word_length_set                  0x0800224c   Section        0  gd32f30x_usart.o(i.usart_word_length_set)
    .conststring                             0x0800225c   Section       45  main.o(.conststring)
    .data                                    0x20000000   Section      128  main.o(.data)
    .data                                    0x20000080   Section        9  keyone.o(.data)
    s_arrKeyDownLevel                        0x20000080   Data           3  keyone.o(.data)
    s_arrKeyVal                              0x20000083   Data           3  keyone.o(.data)
    s_arrKeyFlag                             0x20000086   Data           3  keyone.o(.data)
    .data                                    0x20000090   Section        8  timer.o(.data)
    s_iSysTime                               0x20000090   Data           8  timer.o(.data)
    .data                                    0x20000098   Section        6  casyos.o(.data)
    .data                                    0x200000a0   Section       24  os_mem.o(.data)
    s_OSMemoryDev                            0x200000a0   Data          24  os_mem.o(.data)
    .data                                    0x200000b8   Section       12  os_task.o(.data)
    s_OSPrioBitMap                           0x200000b8   Data           4  os_task.o(.data)
    s_OSTickList                             0x200000bc   Data           8  os_task.o(.data)
    .data                                    0x200000c4   Section        4  system_gd32f30x.o(.data)
    .data                                    0x200000c8   Section        4  stdout.o(.data)
    .bss                                     0x200000d0   Section     4096  main.o(.bss)
    s_arrLED1Stack                           0x200000d0   Data         512  main.o(.bss)
    s_structLED1Handle                       0x200002d0   Data         128  main.o(.bss)
    s_arrLED2Stack                           0x20000350   Data         512  main.o(.bss)
    s_structLED2Handle                       0x20000550   Data         128  main.o(.bss)
    s_arrTestTaskStack1                      0x200005d0   Data        2048  main.o(.bss)
    s_structTestHandle1                      0x20000dd0   Data         128  main.o(.bss)
    s_arrTestTaskStack3                      0x20000e50   Data         512  main.o(.bss)
    .bss                                     0x200010d0   Section     1036  uart0.o(.bss)
    s_structUARTRecCirQue                    0x200010d0   Data          12  uart0.o(.bss)
    s_arrRecBuf                              0x200010dc   Data        1024  uart0.o(.bss)
    .bss                                     0x200014e0   Section      384  casyos.o(.bss)
    s_arrIdleStack                           0x200014e0   Data         256  casyos.o(.bss)
    s_structIdleHandle                       0x200015e0   Data         128  casyos.o(.bss)
    .bss                                     0x20001660   Section    20480  os_mem.o(.bss)
    s_OSMemoryPool                           0x20001660   Data       20480  os_mem.o(.bss)
    .bss                                     0x20006660   Section      384  os_task.o(.bss)
    s_OSRdyLists                             0x200066e0   Data         256  os_task.o(.bss)
    STACK                                    0x200067e0   Section     2048  startup_gd32f30x_hd.o(STACK)

    Global Symbols

    Symbol Name                              Value     Ov Type        Size  Object(Section)

    BuildAttributes$$THM_ISAv4$E$P$D$K$B$S$7EM$VFPi3$EXTD16$VFPS$VFMA$PE$A:L22UL41UL21$X:L11$S22US41US21$IEEE1$IW$USESV6$~STKCKD$USESV7$~SHL$OSPACE$ROPI$EBA8$MICROLIB$REQ8$PRES8$EABIv2 0x00000000   Number         0  anon$$obj.o ABSOLUTE
    __ARM_use_no_argv                        0x00000000   Number         0  main.o ABSOLUTE
    _printf_a                                0x00000000   Number         0  stubs.o ABSOLUTE
    _printf_c                                0x00000000   Number         0  stubs.o ABSOLUTE
    _printf_charcount                        0x00000000   Number         0  stubs.o ABSOLUTE
    _printf_d                                0x00000000   Number         0  stubs.o ABSOLUTE
    _printf_e                                0x00000000   Number         0  stubs.o ABSOLUTE
    _printf_f                                0x00000000   Number         0  stubs.o ABSOLUTE
    _printf_flags                            0x00000000   Number         0  stubs.o ABSOLUTE
    _printf_fp_dec                           0x00000000   Number         0  stubs.o ABSOLUTE
    _printf_fp_hex                           0x00000000   Number         0  stubs.o ABSOLUTE
    _printf_g                                0x00000000   Number         0  stubs.o ABSOLUTE
    _printf_i                                0x00000000   Number         0  stubs.o ABSOLUTE
    _printf_int_dec                          0x00000000   Number         0  stubs.o ABSOLUTE
    _printf_l                                0x00000000   Number         0  stubs.o ABSOLUTE
    _printf_lc                               0x00000000   Number         0  stubs.o ABSOLUTE
    _printf_ll                               0x00000000   Number         0  stubs.o ABSOLUTE
    _printf_lld                              0x00000000   Number         0  stubs.o ABSOLUTE
    _printf_lli                              0x00000000   Number         0  stubs.o ABSOLUTE
    _printf_llo                              0x00000000   Number         0  stubs.o ABSOLUTE
    _printf_llu                              0x00000000   Number         0  stubs.o ABSOLUTE
    _printf_llx                              0x00000000   Number         0  stubs.o ABSOLUTE
    _printf_longlong_dec                     0x00000000   Number         0  stubs.o ABSOLUTE
    _printf_longlong_hex                     0x00000000   Number         0  stubs.o ABSOLUTE
    _printf_longlong_oct                     0x00000000   Number         0  stubs.o ABSOLUTE
    _printf_ls                               0x00000000   Number         0  stubs.o ABSOLUTE
    _printf_mbtowc                           0x00000000   Number         0  stubs.o ABSOLUTE
    _printf_n                                0x00000000   Number         0  stubs.o ABSOLUTE
    _printf_o                                0x00000000   Number         0  stubs.o ABSOLUTE
    _printf_p                                0x00000000   Number         0  stubs.o ABSOLUTE
    _printf_percent                          0x00000000   Number         0  stubs.o ABSOLUTE
    _printf_pre_padding                      0x00000000   Number         0  stubs.o ABSOLUTE
    _printf_return_value                     0x00000000   Number         0  stubs.o ABSOLUTE
    _printf_s                                0x00000000   Number         0  stubs.o ABSOLUTE
    _printf_sizespec                         0x00000000   Number         0  stubs.o ABSOLUTE
    _printf_str                              0x00000000   Number         0  stubs.o ABSOLUTE
    _printf_truncate_signed                  0x00000000   Number         0  stubs.o ABSOLUTE
    _printf_truncate_unsigned                0x00000000   Number         0  stubs.o ABSOLUTE
    _printf_u                                0x00000000   Number         0  stubs.o ABSOLUTE
    _printf_wc                               0x00000000   Number         0  stubs.o ABSOLUTE
    _printf_wctomb                           0x00000000   Number         0  stubs.o ABSOLUTE
    _printf_widthprec                        0x00000000   Number         0  stubs.o ABSOLUTE
    _printf_x                                0x00000000   Number         0  stubs.o ABSOLUTE
    __cpp_initialize__aeabi_                  - Undefined Weak Reference
    __cxa_finalize                            - Undefined Weak Reference
    __decompress                              - Undefined Weak Reference
    _clock_init                               - Undefined Weak Reference
    _microlib_exit                            - Undefined Weak Reference
    __Vectors_Size                           0x00000130   Number         0  startup_gd32f30x_hd.o ABSOLUTE
    __Vectors                                0x08000000   Data           4  startup_gd32f30x_hd.o(RESET)
    __Vectors_End                            0x08000130   Data           0  startup_gd32f30x_hd.o(RESET)
    __main                                   0x08000131   Thumb Code     0  entry.o(.ARM.Collect$$$$00000000)
    _main_stk                                0x08000131   Thumb Code     0  entry2.o(.ARM.Collect$$$$00000001)
    _main_scatterload                        0x08000135   Thumb Code     0  entry5.o(.ARM.Collect$$$$00000004)
    __main_after_scatterload                 0x08000139   Thumb Code     0  entry5.o(.ARM.Collect$$$$00000004)
    _main_clock                              0x08000139   Thumb Code     0  entry7b.o(.ARM.Collect$$$$00000008)
    _main_cpp_init                           0x08000139   Thumb Code     0  entry8b.o(.ARM.Collect$$$$0000000A)
    _main_init                               0x08000139   Thumb Code     0  entry9a.o(.ARM.Collect$$$$0000000B)
    __rt_final_cpp                           0x08000141   Thumb Code     0  entry10a.o(.ARM.Collect$$$$0000000D)
    __rt_final_exit                          0x08000141   Thumb Code     0  entry11a.o(.ARM.Collect$$$$0000000F)
    SVC_Handler                              0x08000145   Thumb Code    28  casyos.o(.emb_text)
    PendSV_Handler                           0x08000165   Thumb Code    40  casyos.o(.emb_text)
    Reset_Handler                            0x08000191   Thumb Code     8  startup_gd32f30x_hd.o(.text)
    ADC0_1_IRQHandler                        0x080001ab   Thumb Code     0  startup_gd32f30x_hd.o(.text)
    ADC2_IRQHandler                          0x080001ab   Thumb Code     0  startup_gd32f30x_hd.o(.text)
    CAN0_EWMC_IRQHandler                     0x080001ab   Thumb Code     0  startup_gd32f30x_hd.o(.text)
    CAN0_RX1_IRQHandler                      0x080001ab   Thumb Code     0  startup_gd32f30x_hd.o(.text)
    DMA0_Channel0_IRQHandler                 0x080001ab   Thumb Code     0  startup_gd32f30x_hd.o(.text)
    DMA0_Channel1_IRQHandler                 0x080001ab   Thumb Code     0  startup_gd32f30x_hd.o(.text)
    DMA0_Channel2_IRQHandler                 0x080001ab   Thumb Code     0  startup_gd32f30x_hd.o(.text)
    DMA0_Channel3_IRQHandler                 0x080001ab   Thumb Code     0  startup_gd32f30x_hd.o(.text)
    DMA0_Channel4_IRQHandler                 0x080001ab   Thumb Code     0  startup_gd32f30x_hd.o(.text)
    DMA0_Channel5_IRQHandler                 0x080001ab   Thumb Code     0  startup_gd32f30x_hd.o(.text)
    DMA0_Channel6_IRQHandler                 0x080001ab   Thumb Code     0  startup_gd32f30x_hd.o(.text)
    DMA1_Channel0_IRQHandler                 0x080001ab   Thumb Code     0  startup_gd32f30x_hd.o(.text)
    DMA1_Channel1_IRQHandler                 0x080001ab   Thumb Code     0  startup_gd32f30x_hd.o(.text)
    DMA1_Channel2_IRQHandler                 0x080001ab   Thumb Code     0  startup_gd32f30x_hd.o(.text)
    DMA1_Channel3_4_IRQHandler               0x080001ab   Thumb Code     0  startup_gd32f30x_hd.o(.text)
    EXMC_IRQHandler                          0x080001ab   Thumb Code     0  startup_gd32f30x_hd.o(.text)
    EXTI0_IRQHandler                         0x080001ab   Thumb Code     0  startup_gd32f30x_hd.o(.text)
    EXTI10_15_IRQHandler                     0x080001ab   Thumb Code     0  startup_gd32f30x_hd.o(.text)
    EXTI1_IRQHandler                         0x080001ab   Thumb Code     0  startup_gd32f30x_hd.o(.text)
    EXTI2_IRQHandler                         0x080001ab   Thumb Code     0  startup_gd32f30x_hd.o(.text)
    EXTI3_IRQHandler                         0x080001ab   Thumb Code     0  startup_gd32f30x_hd.o(.text)
    EXTI4_IRQHandler                         0x080001ab   Thumb Code     0  startup_gd32f30x_hd.o(.text)
    EXTI5_9_IRQHandler                       0x080001ab   Thumb Code     0  startup_gd32f30x_hd.o(.text)
    FMC_IRQHandler                           0x080001ab   Thumb Code     0  startup_gd32f30x_hd.o(.text)
    I2C0_ER_IRQHandler                       0x080001ab   Thumb Code     0  startup_gd32f30x_hd.o(.text)
    I2C0_EV_IRQHandler                       0x080001ab   Thumb Code     0  startup_gd32f30x_hd.o(.text)
    I2C1_ER_IRQHandler                       0x080001ab   Thumb Code     0  startup_gd32f30x_hd.o(.text)
    I2C1_EV_IRQHandler                       0x080001ab   Thumb Code     0  startup_gd32f30x_hd.o(.text)
    LVD_IRQHandler                           0x080001ab   Thumb Code     0  startup_gd32f30x_hd.o(.text)
    RCU_CTC_IRQHandler                       0x080001ab   Thumb Code     0  startup_gd32f30x_hd.o(.text)
    RTC_Alarm_IRQHandler                     0x080001ab   Thumb Code     0  startup_gd32f30x_hd.o(.text)
    RTC_IRQHandler                           0x080001ab   Thumb Code     0  startup_gd32f30x_hd.o(.text)
    SDIO_IRQHandler                          0x080001ab   Thumb Code     0  startup_gd32f30x_hd.o(.text)
    SPI0_IRQHandler                          0x080001ab   Thumb Code     0  startup_gd32f30x_hd.o(.text)
    SPI1_IRQHandler                          0x080001ab   Thumb Code     0  startup_gd32f30x_hd.o(.text)
    SPI2_IRQHandler                          0x080001ab   Thumb Code     0  startup_gd32f30x_hd.o(.text)
    TAMPER_IRQHandler                        0x080001ab   Thumb Code     0  startup_gd32f30x_hd.o(.text)
    TIMER0_BRK_IRQHandler                    0x080001ab   Thumb Code     0  startup_gd32f30x_hd.o(.text)
    TIMER0_Channel_IRQHandler                0x080001ab   Thumb Code     0  startup_gd32f30x_hd.o(.text)
    TIMER0_TRG_CMT_IRQHandler                0x080001ab   Thumb Code     0  startup_gd32f30x_hd.o(.text)
    TIMER0_UP_IRQHandler                     0x080001ab   Thumb Code     0  startup_gd32f30x_hd.o(.text)
    TIMER1_IRQHandler                        0x080001ab   Thumb Code     0  startup_gd32f30x_hd.o(.text)
    TIMER3_IRQHandler                        0x080001ab   Thumb Code     0  startup_gd32f30x_hd.o(.text)
    TIMER4_IRQHandler                        0x080001ab   Thumb Code     0  startup_gd32f30x_hd.o(.text)
    TIMER5_IRQHandler                        0x080001ab   Thumb Code     0  startup_gd32f30x_hd.o(.text)
    TIMER6_IRQHandler                        0x080001ab   Thumb Code     0  startup_gd32f30x_hd.o(.text)
    TIMER7_BRK_IRQHandler                    0x080001ab   Thumb Code     0  startup_gd32f30x_hd.o(.text)
    TIMER7_Channel_IRQHandler                0x080001ab   Thumb Code     0  startup_gd32f30x_hd.o(.text)
    TIMER7_TRG_CMT_IRQHandler                0x080001ab   Thumb Code     0  startup_gd32f30x_hd.o(.text)
    TIMER7_UP_IRQHandler                     0x080001ab   Thumb Code     0  startup_gd32f30x_hd.o(.text)
    UART3_IRQHandler                         0x080001ab   Thumb Code     0  startup_gd32f30x_hd.o(.text)
    UART4_IRQHandler                         0x080001ab   Thumb Code     0  startup_gd32f30x_hd.o(.text)
    USART1_IRQHandler                        0x080001ab   Thumb Code     0  startup_gd32f30x_hd.o(.text)
    USART2_IRQHandler                        0x080001ab   Thumb Code     0  startup_gd32f30x_hd.o(.text)
    USBD_HP_CAN0_TX_IRQHandler               0x080001ab   Thumb Code     0  startup_gd32f30x_hd.o(.text)
    USBD_LP_CAN0_RX0_IRQHandler              0x080001ab   Thumb Code     0  startup_gd32f30x_hd.o(.text)
    USBD_WKUP_IRQHandler                     0x080001ab   Thumb Code     0  startup_gd32f30x_hd.o(.text)
    WWDGT_IRQHandler                         0x080001ab   Thumb Code     0  startup_gd32f30x_hd.o(.text)
    __aeabi_uidiv                            0x080001b5   Thumb Code     0  uidiv.o(.text)
    __aeabi_uidivmod                         0x080001b5   Thumb Code    44  uidiv.o(.text)
    __scatterload                            0x080001e1   Thumb Code    28  init.o(.text)
    __scatterload_rt2                        0x080001e1   Thumb Code     0  init.o(.text)
    BusFault_Handler                         0x08000205   Thumb Code     4  gd32f30x_it.o(i.BusFault_Handler)
    DebugMon_Handler                         0x080003ed   Thumb Code     2  gd32f30x_it.o(i.DebugMon_Handler)
    EnCirQueue                               0x080003ef   Thumb Code    72  cirqueue.o(i.EnCirQueue)
    HardFault_Handler                        0x08000437   Thumb Code     4  gd32f30x_it.o(i.HardFault_Handler)
    InitCasyOS                               0x0800043f   Thumb Code    12  casyos.o(i.InitCasyOS)
    InitCirQueue                             0x0800044b   Thumb Code    36  cirqueue.o(i.InitCirQueue)
    InitKeyOne                               0x08000489   Thumb Code    20  keyone.o(i.InitKeyOne)
    InitLED                                  0x080004a1   Thumb Code     8  led.o(i.InitLED)
    InitNVIC                                 0x080004a9   Thumb Code     8  nvic.o(i.InitNVIC)
    InitRCU                                  0x080004b1   Thumb Code     8  rcu.o(i.InitRCU)
    InitTimer                                0x080004c5   Thumb Code    22  timer.o(i.InitTimer)
    InitUART0                                0x080004e1   Thumb Code    24  uart0.o(i.InitUART0)
    MemManage_Handler                        0x080005b9   Thumb Code     4  gd32f30x_it.o(i.MemManage_Handler)
    NMI_Handler                              0x080005bd   Thumb Code     2  gd32f30x_it.o(i.NMI_Handler)
    OSDelay                                  0x080005c1   Thumb Code    80  casyos.o(i.OSDelay)
    OSInitMemory                             0x08000641   Thumb Code    46  os_mem.o(i.OSInitMemory)
    OSInitTaskSched                          0x08000679   Thumb Code    28  os_task.o(i.OSInitTaskSched)
    OSIntEnter                               0x08000695   Thumb Code    22  casyos.o(i.OSIntEnter)
    OSIntExit                                0x080006b1   Thumb Code    54  casyos.o(i.OSIntExit)
    OSMalloc                                 0x080006f5   Thumb Code    98  os_mem.o(i.OSMalloc)
    OSMemoryPerused                          0x080007cd   Thumb Code    66  os_mem.o(i.OSMemoryPerused)
    OSRegister                               0x08000815   Thumb Code   280  casyos.o(i.OSRegister)
    OSSemPend                                0x0800092d   Thumb Code   102  os_sem.o(i.OSSemPend)
    OSSemPost                                0x080009e9   Thumb Code   114  os_sem.o(i.OSSemPost)
    OSStart                                  0x08000ad5   Thumb Code   124  casyos.o(i.OSStart)
    OS_BitMapClr                             0x08000b71   Thumb Code    38  os_task.o(i.OS_BitMapClr)
    OS_BitMapGetHighest                      0x08000bc9   Thumb Code    28  os_task.o(i.OS_BitMapGetHighest)
    OS_BitMapInit                            0x08000c19   Thumb Code     8  os_task.o(i.OS_BitMapInit)
    OS_BitMapSet                             0x08000c25   Thumb Code    38  os_task.o(i.OS_BitMapSet)
    OS_ENTER_CRITICAL                        0x08000c7d   Thumb Code     4  casyos.o(i.OS_ENTER_CRITICAL)
    OS_EXIT_CRITICAL                         0x08000c81   Thumb Code     4  casyos.o(i.OS_EXIT_CRITICAL)
    OS_InISR                                 0x08000c85   Thumb Code    16  casyos.o(i.OS_InISR)
    OS_PendListGetHighest                    0x08000c99   Thumb Code    12  os_task.o(i.OS_PendListGetHighest)
    OS_PendListInit                          0x08000ca5   Thumb Code     8  os_task.o(i.OS_PendListInit)
    OS_PendListInsert                        0x08000cad   Thumb Code   100  os_task.o(i.OS_PendListInsert)
    OS_PendListRemove                        0x08000d41   Thumb Code    80  os_task.o(i.OS_PendListRemove)
    OS_QInit                                 0x08000dc1   Thumb Code    64  os_q.o(i.OS_QInit)
    OS_RdyListInit                           0x08000e4d   Thumb Code    28  os_task.o(i.OS_RdyListInit)
    OS_RdyTaskAdd                            0x08000e6d   Thumb Code    52  os_task.o(i.OS_RdyTaskAdd)
    OS_RdyTaskRemove                         0x08000ea5   Thumb Code    84  os_task.o(i.OS_RdyTaskRemove)
    OS_Sched                                 0x08000efd   Thumb Code    28  casyos.o(i.OS_Sched)
    OS_SemInit                               0x08000f21   Thumb Code    36  os_sem.o(i.OS_SemInit)
    OS_TaskListAdd                           0x08000f6d   Thumb Code    26  os_task.o(i.OS_TaskListAdd)
    OS_TaskListInit                          0x08000f8d   Thumb Code     8  os_task.o(i.OS_TaskListInit)
    OS_TickListInit                          0x08000f99   Thumb Code    10  os_task.o(i.OS_TickListInit)
    OS_TickTaskInsert                        0x08000fa9   Thumb Code   222  os_task.o(i.OS_TickTaskInsert)
    OS_TickTaskRemove                        0x0800108d   Thumb Code   112  os_task.o(i.OS_TickTaskRemove)
    OS_TickUpdate                            0x08001129   Thumb Code    64  os_task.o(i.OS_TickUpdate)
    OS_UpdateCurrentTask                     0x0800116d   Thumb Code    28  os_task.o(i.OS_UpdateCurrentTask)
    ScanKeyOne                               0x08001191   Thumb Code   170  keyone.o(i.ScanKeyOne)
    SysTick_Handler                          0x08001251   Thumb Code    20  casyos.o(i.SysTick_Handler)
    SystemInit                               0x08001265   Thumb Code    66  system_gd32f30x.o(i.SystemInit)
    TIMER2_IRQHandler                        0x080012b5   Thumb Code    42  timer.o(i.TIMER2_IRQHandler)
    USART0_IRQHandler                        0x080013cd   Thumb Code    86  uart0.o(i.USART0_IRQHandler)
    UsageFault_Handler                       0x08001439   Thumb Code     4  gd32f30x_it.o(i.UsageFault_Handler)
    __0printf$3                              0x0800143d   Thumb Code    22  printf3.o(i.__0printf$3)
    __1printf$3                              0x0800143d   Thumb Code     0  printf3.o(i.__0printf$3)
    __2printf                                0x0800143d   Thumb Code     0  printf3.o(i.__0printf$3)
    __scatterload_copy                       0x08001485   Thumb Code    14  handlers.o(i.__scatterload_copy)
    __scatterload_null                       0x08001493   Thumb Code     2  handlers.o(i.__scatterload_null)
    __scatterload_zeroinit                   0x08001495   Thumb Code    14  handlers.o(i.__scatterload_zeroinit)
    fmc_wscnt_set                            0x08001665   Thumb Code    18  gd32f30x_fmc.o(i.fmc_wscnt_set)
    fputc                                    0x0800167d   Thumb Code    32  uart0.o(i.fputc)
    gpio_bit_reset                           0x080016a1   Thumb Code     4  gd32f30x_gpio.o(i.gpio_bit_reset)
    gpio_bit_set                             0x080016a5   Thumb Code     4  gd32f30x_gpio.o(i.gpio_bit_set)
    gpio_bit_write                           0x080016a9   Thumb Code    10  gd32f30x_gpio.o(i.gpio_bit_write)
    gpio_init                                0x080016b3   Thumb Code   188  gd32f30x_gpio.o(i.gpio_init)
    gpio_input_bit_get                       0x0800176f   Thumb Code    16  gd32f30x_gpio.o(i.gpio_input_bit_get)
    gpio_output_bit_get                      0x0800177f   Thumb Code    16  gd32f30x_gpio.o(i.gpio_output_bit_get)
    main                                     0x08001791   Thumb Code   142  main.o(i.main)
    nvic_irq_enable                          0x08001861   Thumb Code   186  gd32f30x_misc.o(i.nvic_irq_enable)
    nvic_priority_group_set                  0x08001925   Thumb Code    10  gd32f30x_misc.o(i.nvic_priority_group_set)
    rcu_ahb_clock_config                     0x08001939   Thumb Code    18  gd32f30x_rcu.o(i.rcu_ahb_clock_config)
    rcu_apb1_clock_config                    0x08001951   Thumb Code    18  gd32f30x_rcu.o(i.rcu_apb1_clock_config)
    rcu_apb2_clock_config                    0x08001969   Thumb Code    18  gd32f30x_rcu.o(i.rcu_apb2_clock_config)
    rcu_clock_freq_get                       0x08001981   Thumb Code   310  gd32f30x_rcu.o(i.rcu_clock_freq_get)
    rcu_deinit                               0x08001ad9   Thumb Code    72  gd32f30x_rcu.o(i.rcu_deinit)
    rcu_flag_get                             0x08001b2d   Thumb Code    30  gd32f30x_rcu.o(i.rcu_flag_get)
    rcu_osci_on                              0x08001b51   Thumb Code    28  gd32f30x_rcu.o(i.rcu_osci_on)
    rcu_osci_stab_wait                       0x08001b71   Thumb Code   266  gd32f30x_rcu.o(i.rcu_osci_stab_wait)
    rcu_periph_clock_enable                  0x08001c81   Thumb Code    28  gd32f30x_rcu.o(i.rcu_periph_clock_enable)
    rcu_periph_reset_disable                 0x08001ca1   Thumb Code    28  gd32f30x_rcu.o(i.rcu_periph_reset_disable)
    rcu_periph_reset_enable                  0x08001cc1   Thumb Code    28  gd32f30x_rcu.o(i.rcu_periph_reset_enable)
    rcu_pll_config                           0x08001ce1   Thumb Code    24  gd32f30x_rcu.o(i.rcu_pll_config)
    rcu_pllpresel_config                     0x08001d01   Thumb Code    18  gd32f30x_rcu.o(i.rcu_pllpresel_config)
    rcu_predv0_config                        0x08001d19   Thumb Code    26  gd32f30x_rcu.o(i.rcu_predv0_config)
    rcu_system_clock_source_config           0x08001d39   Thumb Code    18  gd32f30x_rcu.o(i.rcu_system_clock_source_config)
    rcu_system_clock_source_get              0x08001d51   Thumb Code    10  gd32f30x_rcu.o(i.rcu_system_clock_source_get)
    timer_deinit                             0x08001e79   Thumb Code   210  gd32f30x_timer.o(i.timer_deinit)
    timer_enable                             0x08001f55   Thumb Code    10  gd32f30x_timer.o(i.timer_enable)
    timer_init                               0x08001f61   Thumb Code   122  gd32f30x_timer.o(i.timer_init)
    timer_interrupt_enable                   0x08001ff9   Thumb Code     8  gd32f30x_timer.o(i.timer_interrupt_enable)
    timer_interrupt_flag_clear               0x08002001   Thumb Code     6  gd32f30x_timer.o(i.timer_interrupt_flag_clear)
    timer_interrupt_flag_get                 0x08002007   Thumb Code    24  gd32f30x_timer.o(i.timer_interrupt_flag_get)
    timer_struct_para_init                   0x0800201f   Thumb Code    22  gd32f30x_timer.o(i.timer_struct_para_init)
    usart_baudrate_set                       0x08002035   Thumb Code   136  gd32f30x_usart.o(i.usart_baudrate_set)
    usart_data_receive                       0x080020c5   Thumb Code    10  gd32f30x_usart.o(i.usart_data_receive)
    usart_data_transmit                      0x080020cf   Thumb Code     8  gd32f30x_usart.o(i.usart_data_transmit)
    usart_deinit                             0x080020d9   Thumb Code   136  gd32f30x_usart.o(i.usart_deinit)
    usart_dma_transmit_config                0x08002169   Thumb Code    16  gd32f30x_usart.o(i.usart_dma_transmit_config)
    usart_enable                             0x08002179   Thumb Code    10  gd32f30x_usart.o(i.usart_enable)
    usart_flag_get                           0x08002183   Thumb Code    30  gd32f30x_usart.o(i.usart_flag_get)
    usart_interrupt_enable                   0x080021a1   Thumb Code    26  gd32f30x_usart.o(i.usart_interrupt_enable)
    usart_interrupt_flag_clear               0x080021bb   Thumb Code    26  gd32f30x_usart.o(i.usart_interrupt_flag_clear)
    usart_interrupt_flag_get                 0x080021d5   Thumb Code    56  gd32f30x_usart.o(i.usart_interrupt_flag_get)
    usart_parity_config                      0x0800220d   Thumb Code    16  gd32f30x_usart.o(i.usart_parity_config)
    usart_receive_config                     0x0800221d   Thumb Code    16  gd32f30x_usart.o(i.usart_receive_config)
    usart_stop_bit_set                       0x0800222d   Thumb Code    16  gd32f30x_usart.o(i.usart_stop_bit_set)
    usart_transmit_config                    0x0800223d   Thumb Code    16  gd32f30x_usart.o(i.usart_transmit_config)
    usart_word_length_set                    0x0800224d   Thumb Code    16  gd32f30x_usart.o(i.usart_word_length_set)
    Region$$Table$$Base                      0x0800228c   Number         0  anon$$obj.o(Region$$Table)
    Region$$Table$$Limit                     0x080022ac   Number         0  anon$$obj.o(Region$$Table)
    taskInfo                                 0x20000000   Data         128  main.o(.data)
    g_pCurrentTask                           0x20000098   Data           4  casyos.o(.data)
    g_OSIntNestCnt                           0x2000009c   Data           1  casyos.o(.data)
    g_OSSchedFlag                            0x2000009d   Data           1  casyos.o(.data)
    SystemCoreClock                          0x200000c4   Data           4  system_gd32f30x.o(.data)
    __stdout                                 0x200000c8   Data           4  stdout.o(.data)
    g_structTestHandle3                      0x20001050   Data         128  main.o(.bss)
    g_OSTaskListHead                         0x20006660   Data         128  os_task.o(.bss)
    __initial_sp                             0x20006fe0   Data           0  startup_gd32f30x_hd.o(STACK)



==============================================================================

Memory Map of the image

  Image Entry point : 0x08000131

  Load Region LR_IROM1 (Base: 0x08000000, Size: 0x00002378, Max: 0x00080000, ABSOLUTE)

    Execution Region ER_IROM1 (Exec base: 0x08000000, Load base: 0x08000000, Size: 0x000022ac, Max: 0x00080000, ABSOLUTE)

    Exec Addr    Load Addr    Size         Type   Attr      Idx    E Section Name        Object

    0x08000000   0x08000000   0x00000130   Data   RO         2748    RESET               startup_gd32f30x_hd.o
    0x08000130   0x08000130   0x00000000   Code   RO         2753  * .ARM.Collect$$$$00000000  mc_w.l(entry.o)
    0x08000130   0x08000130   0x00000004   Code   RO         3017    .ARM.Collect$$$$00000001  mc_w.l(entry2.o)
    0x08000134   0x08000134   0x00000004   Code   RO         3020    .ARM.Collect$$$$00000004  mc_w.l(entry5.o)
    0x08000138   0x08000138   0x00000000   Code   RO         3022    .ARM.Collect$$$$00000008  mc_w.l(entry7b.o)
    0x08000138   0x08000138   0x00000000   Code   RO         3024    .ARM.Collect$$$$0000000A  mc_w.l(entry8b.o)
    0x08000138   0x08000138   0x00000008   Code   RO         3025    .ARM.Collect$$$$0000000B  mc_w.l(entry9a.o)
    0x08000140   0x08000140   0x00000000   Code   RO         3027    .ARM.Collect$$$$0000000D  mc_w.l(entry10a.o)
    0x08000140   0x08000140   0x00000000   Code   RO         3029    .ARM.Collect$$$$0000000F  mc_w.l(entry11a.o)
    0x08000140   0x08000140   0x00000004   Code   RO         3018    .ARM.Collect$$$$00002712  mc_w.l(entry2.o)
    0x08000144   0x08000144   0x0000004c   Code   RO          486    .emb_text           casyos.o
    0x08000190   0x08000190   0x00000024   Code   RO         2749    .text               startup_gd32f30x_hd.o
    0x080001b4   0x080001b4   0x0000002c   Code   RO         3032    .text               mc_w.l(uidiv.o)
    0x080001e0   0x080001e0   0x00000024   Code   RO         3047    .text               mc_w.l(init.o)
    0x08000204   0x08000204   0x00000004   Code   RO         2617    i.BusFault_Handler  gd32f30x_it.o
    0x08000208   0x08000208   0x00000044   Code   RO          246    i.ConfigKeyOneGPIO  keyone.o
    0x0800024c   0x0800024c   0x00000048   Code   RO          210    i.ConfigLEDGPIO     led.o
    0x08000294   0x08000294   0x0000000c   Code   RO         2674    i.ConfigNVIC        nvic.o
    0x080002a0   0x080002a0   0x00000068   Code   RO          313    i.ConfigRCU         rcu.o
    0x08000308   0x08000308   0x00000050   Code   RO          342    i.ConfigTimer2      timer.o
    0x08000358   0x08000358   0x00000094   Code   RO          430    i.ConfigUART        uart0.o
    0x080003ec   0x080003ec   0x00000002   Code   RO         2618    i.DebugMon_Handler  gd32f30x_it.o
    0x080003ee   0x080003ee   0x00000048   Code   RO          386    i.EnCirQueue        cirqueue.o
    0x08000436   0x08000436   0x00000004   Code   RO         2619    i.HardFault_Handler  gd32f30x_it.o
    0x0800043a   0x0800043a   0x00000004   Code   RO          487    i.IdleTask          casyos.o
    0x0800043e   0x0800043e   0x0000000c   Code   RO          488    i.InitCasyOS        casyos.o
    0x0800044a   0x0800044a   0x00000024   Code   RO          387    i.InitCirQueue      cirqueue.o
    0x0800046e   0x0800046e   0x00000018   Code   RO            4    i.InitHardware      main.o
    0x08000486   0x08000486   0x00000002   PAD
    0x08000488   0x08000488   0x00000018   Code   RO          247    i.InitKeyOne        keyone.o
    0x080004a0   0x080004a0   0x00000008   Code   RO          211    i.InitLED           led.o
    0x080004a8   0x080004a8   0x00000008   Code   RO         2675    i.InitNVIC          nvic.o
    0x080004b0   0x080004b0   0x00000008   Code   RO          314    i.InitRCU           rcu.o
    0x080004b8   0x080004b8   0x0000000c   Code   RO            5    i.InitSoftware      main.o
    0x080004c4   0x080004c4   0x0000001c   Code   RO          344    i.InitTimer         timer.o
    0x080004e0   0x080004e0   0x00000020   Code   RO          431    i.InitUART0         uart0.o
    0x08000500   0x08000500   0x0000002c   Code   RO            6    i.LED1Task          main.o
    0x0800052c   0x0800052c   0x00000028   Code   RO            7    i.LED2Task          main.o
    0x08000554   0x08000554   0x00000064   Code   RO          647    i.MallocMemory      os_mem.o
    0x080005b8   0x080005b8   0x00000004   Code   RO         2620    i.MemManage_Handler  gd32f30x_it.o
    0x080005bc   0x080005bc   0x00000002   Code   RO         2621    i.NMI_Handler       gd32f30x_it.o
    0x080005be   0x080005be   0x00000002   PAD
    0x080005c0   0x080005c0   0x00000080   Code   RO          489    i.OSDelay           casyos.o
    0x08000640   0x08000640   0x00000038   Code   RO          649    i.OSInitMemory      os_mem.o
    0x08000678   0x08000678   0x0000001c   Code   RO          835    i.OSInitTaskSched   os_task.o
    0x08000694   0x08000694   0x0000001c   Code   RO          490    i.OSIntEnter        casyos.o
    0x080006b0   0x080006b0   0x00000044   Code   RO          491    i.OSIntExit         casyos.o
    0x080006f4   0x080006f4   0x000000d8   Code   RO          650    i.OSMalloc          os_mem.o
    0x080007cc   0x080007cc   0x00000048   Code   RO          651    i.OSMemoryPerused   os_mem.o
    0x08000814   0x08000814   0x00000118   Code   RO          492    i.OSRegister        casyos.o
    0x0800092c   0x0800092c   0x000000bc   Code   RO          798    i.OSSemPend         os_sem.o
    0x080009e8   0x080009e8   0x000000ec   Code   RO          799    i.OSSemPost         os_sem.o
    0x08000ad4   0x08000ad4   0x0000009c   Code   RO          493    i.OSStart           casyos.o
    0x08000b70   0x08000b70   0x00000058   Code   RO          837    i.OS_BitMapClr      os_task.o
    0x08000bc8   0x08000bc8   0x00000050   Code   RO          838    i.OS_BitMapGetHighest  os_task.o
    0x08000c18   0x08000c18   0x0000000c   Code   RO          839    i.OS_BitMapInit     os_task.o
    0x08000c24   0x08000c24   0x00000058   Code   RO          840    i.OS_BitMapSet      os_task.o
    0x08000c7c   0x08000c7c   0x00000004   Code   RO          494    i.OS_ENTER_CRITICAL  casyos.o
    0x08000c80   0x08000c80   0x00000004   Code   RO          495    i.OS_EXIT_CRITICAL  casyos.o
    0x08000c84   0x08000c84   0x00000014   Code   RO          496    i.OS_InISR          casyos.o
    0x08000c98   0x08000c98   0x0000000c   Code   RO          841    i.OS_PendListGetHighest  os_task.o
    0x08000ca4   0x08000ca4   0x00000008   Code   RO          842    i.OS_PendListInit   os_task.o
    0x08000cac   0x08000cac   0x00000094   Code   RO          843    i.OS_PendListInsert  os_task.o
    0x08000d40   0x08000d40   0x00000080   Code   RO          845    i.OS_PendListRemove  os_task.o
    0x08000dc0   0x08000dc0   0x0000008c   Code   RO          743    i.OS_QInit          os_q.o
    0x08000e4c   0x08000e4c   0x00000020   Code   RO          846    i.OS_RdyListInit    os_task.o
    0x08000e6c   0x08000e6c   0x00000038   Code   RO          847    i.OS_RdyTaskAdd     os_task.o
    0x08000ea4   0x08000ea4   0x00000058   Code   RO          848    i.OS_RdyTaskRemove  os_task.o
    0x08000efc   0x08000efc   0x00000024   Code   RO          497    i.OS_Sched          casyos.o
    0x08000f20   0x08000f20   0x0000004c   Code   RO          800    i.OS_SemInit        os_sem.o
    0x08000f6c   0x08000f6c   0x00000020   Code   RO          849    i.OS_TaskListAdd    os_task.o
    0x08000f8c   0x08000f8c   0x0000000c   Code   RO          850    i.OS_TaskListInit   os_task.o
    0x08000f98   0x08000f98   0x00000010   Code   RO          852    i.OS_TickListInit   os_task.o
    0x08000fa8   0x08000fa8   0x000000e4   Code   RO          853    i.OS_TickTaskInsert  os_task.o
    0x0800108c   0x0800108c   0x0000009c   Code   RO          854    i.OS_TickTaskRemove  os_task.o
    0x08001128   0x08001128   0x00000044   Code   RO          855    i.OS_TickUpdate     os_task.o
    0x0800116c   0x0800116c   0x00000024   Code   RO          856    i.OS_UpdateCurrentTask  os_task.o
    0x08001190   0x08001190   0x000000c0   Code   RO          248    i.ScanKeyOne        keyone.o
    0x08001250   0x08001250   0x00000014   Code   RO          498    i.SysTick_Handler   casyos.o
    0x08001264   0x08001264   0x00000050   Code   RO         2704    i.SystemInit        system_gd32f30x.o
    0x080012b4   0x080012b4   0x00000034   Code   RO          345    i.TIMER2_IRQHandler  timer.o
    0x080012e8   0x080012e8   0x00000064   Code   RO            8    i.TestTask1         main.o
    0x0800134c   0x0800134c   0x00000080   Code   RO            9    i.TestTask3         main.o
    0x080013cc   0x080013cc   0x0000006c   Code   RO          433    i.USART0_IRQHandler  uart0.o
    0x08001438   0x08001438   0x00000004   Code   RO         2622    i.UsageFault_Handler  gd32f30x_it.o
    0x0800143c   0x0800143c   0x00000020   Code   RO         2845    i.__0printf$3       mc_w.l(printf3.o)
    0x0800145c   0x0800145c   0x00000028   Code   RO          499    i.__NVIC_SetPriority  casyos.o
    0x08001484   0x08001484   0x0000000e   Code   RO         3059    i.__scatterload_copy  mc_w.l(handlers.o)
    0x08001492   0x08001492   0x00000002   Code   RO         3060    i.__scatterload_null  mc_w.l(handlers.o)
    0x08001494   0x08001494   0x0000000e   Code   RO         3061    i.__scatterload_zeroinit  mc_w.l(handlers.o)
    0x080014a2   0x080014a2   0x00000008   Code   RO          500    i.__set_BASEPRI     casyos.o
    0x080014aa   0x080014aa   0x00000002   PAD
    0x080014ac   0x080014ac   0x000001b8   Code   RO         2852    i._printf_core      mc_w.l(printf3.o)
    0x08001664   0x08001664   0x00000018   Code   RO         1018    i.fmc_wscnt_set     gd32f30x_fmc.o
    0x0800167c   0x0800167c   0x00000024   Code   RO          435    i.fputc             uart0.o
    0x080016a0   0x080016a0   0x00000004   Code   RO         1224    i.gpio_bit_reset    gd32f30x_gpio.o
    0x080016a4   0x080016a4   0x00000004   Code   RO         1225    i.gpio_bit_set      gd32f30x_gpio.o
    0x080016a8   0x080016a8   0x0000000a   Code   RO         1226    i.gpio_bit_write    gd32f30x_gpio.o
    0x080016b2   0x080016b2   0x000000bc   Code   RO         1234    i.gpio_init         gd32f30x_gpio.o
    0x0800176e   0x0800176e   0x00000010   Code   RO         1235    i.gpio_input_bit_get  gd32f30x_gpio.o
    0x0800177e   0x0800177e   0x00000010   Code   RO         1237    i.gpio_output_bit_get  gd32f30x_gpio.o
    0x0800178e   0x0800178e   0x00000002   PAD
    0x08001790   0x08001790   0x000000d0   Code   RO           10    i.main              main.o
    0x08001860   0x08001860   0x000000c4   Code   RO         1356    i.nvic_irq_enable   gd32f30x_misc.o
    0x08001924   0x08001924   0x00000014   Code   RO         1357    i.nvic_priority_group_set  gd32f30x_misc.o
    0x08001938   0x08001938   0x00000018   Code   RO         1416    i.rcu_ahb_clock_config  gd32f30x_rcu.o
    0x08001950   0x08001950   0x00000018   Code   RO         1418    i.rcu_apb1_clock_config  gd32f30x_rcu.o
    0x08001968   0x08001968   0x00000018   Code   RO         1419    i.rcu_apb2_clock_config  gd32f30x_rcu.o
    0x08001980   0x08001980   0x00000158   Code   RO         1424    i.rcu_clock_freq_get  gd32f30x_rcu.o
    0x08001ad8   0x08001ad8   0x00000054   Code   RO         1426    i.rcu_deinit        gd32f30x_rcu.o
    0x08001b2c   0x08001b2c   0x00000024   Code   RO         1427    i.rcu_flag_get      gd32f30x_rcu.o
    0x08001b50   0x08001b50   0x00000020   Code   RO         1439    i.rcu_osci_on       gd32f30x_rcu.o
    0x08001b70   0x08001b70   0x00000110   Code   RO         1440    i.rcu_osci_stab_wait  gd32f30x_rcu.o
    0x08001c80   0x08001c80   0x00000020   Code   RO         1442    i.rcu_periph_clock_enable  gd32f30x_rcu.o
    0x08001ca0   0x08001ca0   0x00000020   Code   RO         1445    i.rcu_periph_reset_disable  gd32f30x_rcu.o
    0x08001cc0   0x08001cc0   0x00000020   Code   RO         1446    i.rcu_periph_reset_enable  gd32f30x_rcu.o
    0x08001ce0   0x08001ce0   0x00000020   Code   RO         1447    i.rcu_pll_config    gd32f30x_rcu.o
    0x08001d00   0x08001d00   0x00000018   Code   RO         1448    i.rcu_pllpresel_config  gd32f30x_rcu.o
    0x08001d18   0x08001d18   0x00000020   Code   RO         1449    i.rcu_predv0_config  gd32f30x_rcu.o
    0x08001d38   0x08001d38   0x00000018   Code   RO         1451    i.rcu_system_clock_source_config  gd32f30x_rcu.o
    0x08001d50   0x08001d50   0x00000010   Code   RO         1452    i.rcu_system_clock_source_get  gd32f30x_rcu.o
    0x08001d60   0x08001d60   0x00000110   Code   RO         2705    i.system_clock_120m_hxtal  system_gd32f30x.o
    0x08001e70   0x08001e70   0x00000008   Code   RO         2706    i.system_clock_config  system_gd32f30x.o
    0x08001e78   0x08001e78   0x000000dc   Code   RO         1698    i.timer_deinit      gd32f30x_timer.o
    0x08001f54   0x08001f54   0x0000000a   Code   RO         1703    i.timer_enable      gd32f30x_timer.o
    0x08001f5e   0x08001f5e   0x00000002   PAD
    0x08001f60   0x08001f60   0x00000098   Code   RO         1713    i.timer_init        gd32f30x_timer.o
    0x08001ff8   0x08001ff8   0x00000008   Code   RO         1720    i.timer_interrupt_enable  gd32f30x_timer.o
    0x08002000   0x08002000   0x00000006   Code   RO         1721    i.timer_interrupt_flag_clear  gd32f30x_timer.o
    0x08002006   0x08002006   0x00000018   Code   RO         1722    i.timer_interrupt_flag_get  gd32f30x_timer.o
    0x0800201e   0x0800201e   0x00000016   Code   RO         1733    i.timer_struct_para_init  gd32f30x_timer.o
    0x08002034   0x08002034   0x00000090   Code   RO         2112    i.usart_baudrate_set  gd32f30x_usart.o
    0x080020c4   0x080020c4   0x0000000a   Code   RO         2115    i.usart_data_receive  gd32f30x_usart.o
    0x080020ce   0x080020ce   0x00000008   Code   RO         2116    i.usart_data_transmit  gd32f30x_usart.o
    0x080020d6   0x080020d6   0x00000002   PAD
    0x080020d8   0x080020d8   0x00000090   Code   RO         2117    i.usart_deinit      gd32f30x_usart.o
    0x08002168   0x08002168   0x00000010   Code   RO         2120    i.usart_dma_transmit_config  gd32f30x_usart.o
    0x08002178   0x08002178   0x0000000a   Code   RO         2121    i.usart_enable      gd32f30x_usart.o
    0x08002182   0x08002182   0x0000001e   Code   RO         2123    i.usart_flag_get    gd32f30x_usart.o
    0x080021a0   0x080021a0   0x0000001a   Code   RO         2130    i.usart_interrupt_enable  gd32f30x_usart.o
    0x080021ba   0x080021ba   0x0000001a   Code   RO         2131    i.usart_interrupt_flag_clear  gd32f30x_usart.o
    0x080021d4   0x080021d4   0x00000038   Code   RO         2132    i.usart_interrupt_flag_get  gd32f30x_usart.o
    0x0800220c   0x0800220c   0x00000010   Code   RO         2143    i.usart_parity_config  gd32f30x_usart.o
    0x0800221c   0x0800221c   0x00000010   Code   RO         2145    i.usart_receive_config  gd32f30x_usart.o
    0x0800222c   0x0800222c   0x00000010   Code   RO         2155    i.usart_stop_bit_set  gd32f30x_usart.o
    0x0800223c   0x0800223c   0x00000010   Code   RO         2159    i.usart_transmit_config  gd32f30x_usart.o
    0x0800224c   0x0800224c   0x00000010   Code   RO         2160    i.usart_word_length_set  gd32f30x_usart.o
    0x0800225c   0x0800225c   0x0000002d   Data   RO           12    .conststring        main.o
    0x08002289   0x08002289   0x00000003   PAD
    0x0800228c   0x0800228c   0x00000020   Data   RO         3057    Region$$Table       anon$$obj.o


    Execution Region RW_IRAM1 (Exec base: 0x20000000, Load base: 0x080022ac, Size: 0x00006fe0, Max: 0x00010000, ABSOLUTE)

    Exec Addr    Load Addr    Size         Type   Attr      Idx    E Section Name        Object

    0x20000000   0x080022ac   0x00000080   Data   RW           13    .data               main.o
    0x20000080   0x0800232c   0x00000009   Data   RW          249    .data               keyone.o
    0x20000089   0x08002335   0x00000007   PAD
    0x20000090   0x0800233c   0x00000008   Data   RW          346    .data               timer.o
    0x20000098   0x08002344   0x00000006   Data   RW          502    .data               casyos.o
    0x2000009e   0x0800234a   0x00000002   PAD
    0x200000a0   0x0800234c   0x00000018   Data   RW          653    .data               os_mem.o
    0x200000b8   0x08002364   0x0000000c   Data   RW          859    .data               os_task.o
    0x200000c4   0x08002370   0x00000004   Data   RW         2707    .data               system_gd32f30x.o
    0x200000c8   0x08002374   0x00000004   Data   RW         3031    .data               mc_w.l(stdout.o)
    0x200000cc   0x08002378   0x00000004   PAD
    0x200000d0        -       0x00001000   Zero   RW           11    .bss                main.o
    0x200010d0        -       0x0000040c   Zero   RW          436    .bss                uart0.o
    0x200014dc   0x08002378   0x00000004   PAD
    0x200014e0        -       0x00000180   Zero   RW          501    .bss                casyos.o
    0x20001660        -       0x00005000   Zero   RW          652    .bss                os_mem.o
    0x20006660        -       0x00000180   Zero   RW          858    .bss                os_task.o
    0x200067e0        -       0x00000800   Zero   RW         2746    STACK               startup_gd32f30x_hd.o


==============================================================================

Image component sizes


      Code (inc. data)   RO Data    RW Data    ZI Data      Debug   Object Name

       884        128          0          6        384      43811   casyos.o
       108          0          0          0          0       2036   cirqueue.o
        24          6          0          0          0        528   gd32f30x_fmc.o
       238          0          0          0          0       3824   gd32f30x_gpio.o
        20          0          0          0          0       2857   gd32f30x_it.o
       216         20          0          0          0       1384   gd32f30x_misc.o
      1064        124          0          0          0       9841   gd32f30x_rcu.o
       442         40          0          0          0       4537   gd32f30x_timer.o
       550         16          0          0          0       9214   gd32f30x_usart.o
       284         34          0          9          0       2494   keyone.o
        80          8          0          0          0        926   led.o
       556        206         45        128       4096      67774   main.o
        20          0          0          0          0        907   nvic.o
       444        138          0         24      20480       3320   os_mem.o
       140         76          0          0          0        964   os_q.o
       500        248          0          0          0       2279   os_sem.o
      1316        342          0         12        384      11888   os_task.o
       112          0          0          0          0       1010   rcu.o
        36          8        304          0       2048        840   startup_gd32f30x_hd.o
       360         30          0          4          0       1871   system_gd32f30x.o
       160         20          0          8          0       1780   timer.o
       324         44          0          0       1036       2962   uart0.o

    ----------------------------------------------------------------------
      7890       1488        384        200      28432     177047   Object Totals
         0          0         32          0          0          0   (incl. Generated)
        12          0          3          9          4          0   (incl. Padding)

    ----------------------------------------------------------------------

      Code (inc. data)   RO Data    RW Data    ZI Data      Debug   Library Member Name

         0          0          0          0          0          0   entry.o
         0          0          0          0          0          0   entry10a.o
         0          0          0          0          0          0   entry11a.o
         8          4          0          0          0          0   entry2.o
         4          0          0          0          0          0   entry5.o
         0          0          0          0          0          0   entry7b.o
         0          0          0          0          0          0   entry8b.o
         8          4          0          0          0          0   entry9a.o
        30          0          0          0          0          0   handlers.o
        36          8          0          0          0         68   init.o
       472         14          0          0          0        184   printf3.o
         0          0          0          4          0          0   stdout.o
        44          0          0          0          0         80   uidiv.o

    ----------------------------------------------------------------------
       602         30          0          4          4        332   Library Totals
         0          0          0          0          4          0   (incl. Padding)

    ----------------------------------------------------------------------

      Code (inc. data)   RO Data    RW Data    ZI Data      Debug   Library Name

       602         30          0          4          0        332   mc_w.l

    ----------------------------------------------------------------------
       602         30          0          4          4        332   Library Totals

    ----------------------------------------------------------------------

==============================================================================


      Code (inc. data)   RO Data    RW Data    ZI Data      Debug   

      8492       1518        384        204      28436     165831   Grand Totals
      8492       1518        384        204      28436     165831   ELF Image Totals
      8492       1518        384        204          0          0   ROM Totals

==============================================================================

    Total RO  Size (Code + RO Data)                 8876 (   8.67kB)
    Total RW  Size (RW Data + ZI Data)             28640 (  27.97kB)
    Total ROM Size (Code + RO Data + RW Data)       9080 (   8.87kB)

==============================================================================

