Component: ARM Compiler 5.06 update 6 (build 750) Tool: armlink [4d35ed]

==============================================================================

Section Cross References

    main.o(i.Task1) refers to printf3.o(i.__0printf$3) for __2printf
    main.o(i.Task1) refers to casyos.o(i.OSDelay) for OSDelay
    main.o(i.Task2) refers to printf3.o(i.__0printf$3) for __2printf
    main.o(i.Task2) refers to casyos.o(i.OSDelay) for OSDelay
    main.o(i.main) refers to uart0.o(i.InitUART0) for InitUART0
    main.o(i.main) refers to printf3.o(i.__0printf$3) for __2printf
    main.o(i.main) refers to casyos.o(i.InitCasyOS) for InitCasyOS
    main.o(i.main) refers to casyos.o(i.OSRegister) for OSRegister
    main.o(i.main) refers to casyos.o(i.OSStart) for OSStart
    main.o(i.main) refers to main.o(.data) for taskInfo
    main.o(.data) refers to main.o(.bss) for s_structTask1Handle
    main.o(.data) refers to main.o(i.Task1) for Task1
    main.o(.data) refers to main.o(.conststring) for .conststring
    main.o(.data) refers to main.o(i.Task2) for Task2
    rcu.o(i.ConfigRCU) refers to gd32f30x_rcu.o(i.rcu_deinit) for rcu_deinit
    rcu.o(i.ConfigRCU) refers to gd32f30x_rcu.o(i.rcu_osci_on) for rcu_osci_on
    rcu.o(i.ConfigRCU) refers to gd32f30x_rcu.o(i.rcu_osci_stab_wait) for rcu_osci_stab_wait
    rcu.o(i.ConfigRCU) refers to gd32f30x_fmc.o(i.fmc_wscnt_set) for fmc_wscnt_set
    rcu.o(i.ConfigRCU) refers to gd32f30x_rcu.o(i.rcu_ahb_clock_config) for rcu_ahb_clock_config
    rcu.o(i.ConfigRCU) refers to gd32f30x_rcu.o(i.rcu_apb2_clock_config) for rcu_apb2_clock_config
    rcu.o(i.ConfigRCU) refers to gd32f30x_rcu.o(i.rcu_apb1_clock_config) for rcu_apb1_clock_config
    rcu.o(i.ConfigRCU) refers to gd32f30x_rcu.o(i.rcu_pllpresel_config) for rcu_pllpresel_config
    rcu.o(i.ConfigRCU) refers to gd32f30x_rcu.o(i.rcu_predv0_config) for rcu_predv0_config
    rcu.o(i.ConfigRCU) refers to gd32f30x_rcu.o(i.rcu_pll_config) for rcu_pll_config
    rcu.o(i.ConfigRCU) refers to gd32f30x_rcu.o(i.rcu_flag_get) for rcu_flag_get
    rcu.o(i.ConfigRCU) refers to gd32f30x_rcu.o(i.rcu_system_clock_source_config) for rcu_system_clock_source_config
    rcu.o(i.ConfigRCU) refers to gd32f30x_rcu.o(i.rcu_system_clock_source_get) for rcu_system_clock_source_get
    rcu.o(i.InitRCU) refers to rcu.o(i.ConfigRCU) for ConfigRCU
    timer.o(i.ConfigTimer2) refers to gd32f30x_rcu.o(i.rcu_periph_clock_enable) for rcu_periph_clock_enable
    timer.o(i.ConfigTimer2) refers to gd32f30x_timer.o(i.timer_deinit) for timer_deinit
    timer.o(i.ConfigTimer2) refers to gd32f30x_timer.o(i.timer_struct_para_init) for timer_struct_para_init
    timer.o(i.ConfigTimer2) refers to gd32f30x_timer.o(i.timer_init) for timer_init
    timer.o(i.ConfigTimer2) refers to gd32f30x_timer.o(i.timer_interrupt_enable) for timer_interrupt_enable
    timer.o(i.ConfigTimer2) refers to gd32f30x_misc.o(i.nvic_irq_enable) for nvic_irq_enable
    timer.o(i.ConfigTimer2) refers to gd32f30x_timer.o(i.timer_enable) for timer_enable
    timer.o(i.GetSysTime) refers to timer.o(.data) for s_iSysTime
    timer.o(i.InitTimer) refers to timer.o(i.ConfigTimer2) for ConfigTimer2
    timer.o(i.InitTimer) refers to timer.o(.data) for s_iSysTime
    timer.o(i.TIMER2_IRQHandler) refers to gd32f30x_timer.o(i.timer_interrupt_flag_get) for timer_interrupt_flag_get
    timer.o(i.TIMER2_IRQHandler) refers to gd32f30x_timer.o(i.timer_interrupt_flag_clear) for timer_interrupt_flag_clear
    timer.o(i.TIMER2_IRQHandler) refers to timer.o(.data) for s_iSysTime
    uart0.o(i.ConfigUART) refers to gd32f30x_misc.o(i.nvic_irq_enable) for nvic_irq_enable
    uart0.o(i.ConfigUART) refers to gd32f30x_rcu.o(i.rcu_periph_clock_enable) for rcu_periph_clock_enable
    uart0.o(i.ConfigUART) refers to gd32f30x_gpio.o(i.gpio_init) for gpio_init
    uart0.o(i.ConfigUART) refers to gd32f30x_usart.o(i.usart_deinit) for usart_deinit
    uart0.o(i.ConfigUART) refers to gd32f30x_usart.o(i.usart_baudrate_set) for usart_baudrate_set
    uart0.o(i.ConfigUART) refers to gd32f30x_usart.o(i.usart_stop_bit_set) for usart_stop_bit_set
    uart0.o(i.ConfigUART) refers to gd32f30x_usart.o(i.usart_word_length_set) for usart_word_length_set
    uart0.o(i.ConfigUART) refers to gd32f30x_usart.o(i.usart_parity_config) for usart_parity_config
    uart0.o(i.ConfigUART) refers to gd32f30x_usart.o(i.usart_receive_config) for usart_receive_config
    uart0.o(i.ConfigUART) refers to gd32f30x_usart.o(i.usart_transmit_config) for usart_transmit_config
    uart0.o(i.ConfigUART) refers to gd32f30x_usart.o(i.usart_enable) for usart_enable
    uart0.o(i.ConfigUART) refers to gd32f30x_usart.o(i.usart_interrupt_enable) for usart_interrupt_enable
    uart0.o(i.ConfigUART) refers to gd32f30x_usart.o(i.usart_dma_transmit_config) for usart_dma_transmit_config
    uart0.o(i.InitUART0) refers to cirqueue.o(i.InitCirQueue) for InitCirQueue
[...]
    ddiv.o(.text) refers to depilogue.o(.text) for _double_round
    dfixul.o(.text) refers to llushr.o(.text) for __aeabi_llsr
    dfixul.o(.text) refers to llshl.o(.text) for __aeabi_llsl
    init.o(.text) refers to entry5.o(.ARM.Collect$$$$00000004) for __main_after_scatterload
    depilogue.o(.text) refers to llshl.o(.text) for __aeabi_llsl
    depilogue.o(.text) refers to llushr.o(.text) for __aeabi_llsr


==============================================================================

Removing Unused input sections from the image.

    Removing main.o(.rev16_text), (4 bytes).
    Removing main.o(.revsh_text), (4 bytes).
    Removing main.o(.rrx_text), (6 bytes).
    Removing rcu.o(.rev16_text), (4 bytes).
    Removing rcu.o(.revsh_text), (4 bytes).
    Removing rcu.o(.rrx_text), (6 bytes).
    Removing rcu.o(i.ConfigRCU), (104 bytes).
    Removing rcu.o(i.InitRCU), (8 bytes).
    Removing timer.o(.rev16_text), (4 bytes).
    Removing timer.o(.revsh_text), (4 bytes).
    Removing timer.o(.rrx_text), (6 bytes).
    Removing timer.o(i.ConfigTimer2), (80 bytes).
    Removing timer.o(i.GetSysTime), (12 bytes).
    Removing timer.o(i.InitTimer), (28 bytes).
    Removing cirqueue.o(i.CirQueueEmpty), (14 bytes).
    Removing cirqueue.o(i.CirQueueLength), (8 bytes).
    Removing cirqueue.o(i.ClearCirQueue), (10 bytes).
    Removing cirqueue.o(i.DeCirQueue), (68 bytes).
    Removing uart0.o(.rev16_text), (4 bytes).
    Removing uart0.o(.revsh_text), (4 bytes).
    Removing uart0.o(.rrx_text), (6 bytes).
    Removing uart0.o(i.ReadUART0), (24 bytes).
    Removing uart0.o(i.WriteUART0), (124 bytes).
    Removing casyos.o(.rev16_text), (4 bytes).
    Removing casyos.o(.revsh_text), (4 bytes).
    Removing casyos.o(.rrx_text), (6 bytes).
    Removing os_flag.o(.rev16_text), (4 bytes).
    Removing os_flag.o(.revsh_text), (4 bytes).
    Removing os_flag.o(.rrx_text), (6 bytes).
    Removing os_flag.o(i.IsFlagsMatch), (92 bytes).
    Removing os_flag.o(i.OSFlagCreate), (20 bytes).
    Removing os_flag.o(i.OSFlagPend), (184 bytes).
    Removing os_flag.o(i.OSFlagPost), (180 bytes).
    Removing os_flag.o(i.PendListGetHighestMatch), (62 bytes).
    Removing os_mem.o(.rev16_text), (4 bytes).
    Removing os_mem.o(.revsh_text), (4 bytes).
    Removing os_mem.o(.rrx_text), (6 bytes).
    Removing os_mem.o(i.OSFree), (172 bytes).
    Removing os_mutex.o(.rev16_text), (4 bytes).
    Removing os_mutex.o(.revsh_text), (4 bytes).
    Removing os_mutex.o(.rrx_text), (6 bytes).
    Removing os_mutex.o(i.OSMutexCreate), (20 bytes).
    Removing os_mutex.o(i.OSMutexPend), (160 bytes).
    Removing os_mutex.o(i.OSMutexPost), (220 bytes).
    Removing os_q.o(.rev16_text), (4 bytes).
    Removing os_q.o(.revsh_text), (4 bytes).
    Removing os_q.o(.rrx_text), (6 bytes).
    Removing os_q.o(i.OSQFlush), (26 bytes).
    Removing os_q.o(i.OSQGetCount), (6 bytes).
    Removing os_q.o(i.OSQIsEmpty), (14 bytes).
    Removing os_q.o(i.OSQIsFull), (18 bytes).
    Removing os_q.o(i.OSQPend), (160 bytes).
    Removing os_q.o(i.OSQPost), (192 bytes).
    Removing os_sem.o(.rev16_text), (4 bytes).
    Removing os_sem.o(.revsh_text), (4 bytes).
    Removing os_sem.o(.rrx_text), (6 bytes).
    Removing os_sem.o(i.OSSemPend), (188 bytes).
    Removing os_sem.o(i.OSSemPost), (236 bytes).
    Removing os_task.o(.rev16_text), (4 bytes).
    Removing os_task.o(.revsh_text), (4 bytes).
    Removing os_task.o(.rrx_text), (6 bytes).
    Removing os_task.o(i.OSTaskFind), (120 bytes).
    Removing os_task.o(i.OS_PendListGetHighest), (12 bytes).
    Removing os_task.o(i.OS_PendListInsert), (148 bytes).
    Removing os_task.o(i.OS_PendListPopAlltoRdyList), (46 bytes).
    Removing os_task.o(i.OS_PendListRemove), (128 bytes).
    Removing os_task.o(i.OS_TaskListRemove), (84 bytes).
    Removing os_task.o(i.StrCaseCmp), (80 bytes).
    Removing gd32f30x_fmc.o(.rev16_text), (4 bytes).
    Removing gd32f30x_fmc.o(.revsh_text), (4 bytes).
    Removing gd32f30x_fmc.o(.rrx_text), (6 bytes).
    Removing gd32f30x_fmc.o(i.fmc_bank0_erase), (68 bytes).
    Removing gd32f30x_fmc.o(i.fmc_bank0_lock), (20 bytes).
    Removing gd32f30x_fmc.o(i.fmc_bank0_ready_wait), (34 bytes).
    Removing gd32f30x_fmc.o(i.fmc_bank0_state_get), (48 bytes).
    Removing gd32f30x_fmc.o(i.fmc_bank0_unlock), (36 bytes).
    Removing gd32f30x_fmc.o(i.fmc_bank1_erase), (68 bytes).
    Removing gd32f30x_fmc.o(i.fmc_bank1_lock), (20 bytes).
    Removing gd32f30x_fmc.o(i.fmc_bank1_ready_wait), (34 bytes).
    Removing gd32f30x_fmc.o(i.fmc_bank1_state_get), (48 bytes).
    Removing gd32f30x_fmc.o(i.fmc_bank1_unlock), (36 bytes).
    Removing gd32f30x_fmc.o(i.fmc_flag_clear), (32 bytes).
    Removing gd32f30x_fmc.o(i.fmc_flag_get), (36 bytes).
    Removing gd32f30x_fmc.o(i.fmc_halfword_program), (192 bytes).
    Removing gd32f30x_fmc.o(i.fmc_interrupt_disable), (32 bytes).
    Removing gd32f30x_fmc.o(i.fmc_interrupt_enable), (32 bytes).
    Removing gd32f30x_fmc.o(i.fmc_interrupt_flag_clear), (32 bytes).
    Removing gd32f30x_fmc.o(i.fmc_interrupt_flag_get), (108 bytes).
    Removing gd32f30x_fmc.o(i.fmc_lock), (44 bytes).
    Removing gd32f30x_fmc.o(i.fmc_mass_erase), (200 bytes).
    Removing gd32f30x_fmc.o(i.fmc_page_erase), (236 bytes).
    Removing gd32f30x_fmc.o(i.fmc_unlock), (68 bytes).
    Removing gd32f30x_fmc.o(i.fmc_word_program), (192 bytes).
    Removing gd32f30x_fmc.o(i.fmc_word_reprogram), (244 bytes).
    Removing gd32f30x_fmc.o(i.fmc_wscnt_set), (24 bytes).
    Removing gd32f30x_fmc.o(i.ob_data_get), (16 bytes).
    Removing gd32f30x_fmc.o(i.ob_data_program), (68 bytes).
    Removing gd32f30x_fmc.o(i.ob_erase), (140 bytes).
    Removing gd32f30x_fmc.o(i.ob_lock), (20 bytes).
    Removing gd32f30x_fmc.o(i.ob_security_protection_config), (132 bytes).
    Removing gd32f30x_fmc.o(i.ob_spc_get), (24 bytes).
    Removing gd32f30x_fmc.o(i.ob_unlock), (36 bytes).
    Removing gd32f30x_fmc.o(i.ob_user_get), (16 bytes).
    Removing gd32f30x_fmc.o(i.ob_user_write), (96 bytes).
    Removing gd32f30x_fmc.o(i.ob_write_protection_enable), (168 bytes).
    Removing gd32f30x_fmc.o(i.ob_write_protection_get), (12 bytes).
    Removing gd32f30x_gpio.o(.rev16_text), (4 bytes).
    Removing gd32f30x_gpio.o(.revsh_text), (4 bytes).
    Removing gd32f30x_gpio.o(.rrx_text), (6 bytes).
    Removing gd32f30x_gpio.o(i.gpio_afio_deinit), (20 bytes).
    Removing gd32f30x_gpio.o(i.gpio_bit_reset), (4 bytes).
    Removing gd32f30x_gpio.o(i.gpio_bit_set), (4 bytes).
    Removing gd32f30x_gpio.o(i.gpio_bit_write), (10 bytes).
    Removing gd32f30x_gpio.o(i.gpio_compensation_config), (24 bytes).
    Removing gd32f30x_gpio.o(i.gpio_compensation_flag_get), (24 bytes).
    Removing gd32f30x_gpio.o(i.gpio_deinit), (196 bytes).
    Removing gd32f30x_gpio.o(i.gpio_event_output_config), (28 bytes).
    Removing gd32f30x_gpio.o(i.gpio_event_output_disable), (20 bytes).
    Removing gd32f30x_gpio.o(i.gpio_event_output_enable), (20 bytes).
    Removing gd32f30x_gpio.o(i.gpio_exti_source_select), (152 bytes).
    Removing gd32f30x_gpio.o(i.gpio_input_bit_get), (16 bytes).
    Removing gd32f30x_gpio.o(i.gpio_input_port_get), (8 bytes).
    Removing gd32f30x_gpio.o(i.gpio_output_bit_get), (16 bytes).
    Removing gd32f30x_gpio.o(i.gpio_output_port_get), (8 bytes).
    Removing gd32f30x_gpio.o(i.gpio_pin_lock), (18 bytes).
    Removing gd32f30x_gpio.o(i.gpio_pin_remap_config), (144 bytes).
    Removing gd32f30x_gpio.o(i.gpio_port_write), (4 bytes).
    Removing gd32f30x_misc.o(.rev16_text), (4 bytes).
    Removing gd32f30x_misc.o(.revsh_text), (4 bytes).
    Removing gd32f30x_misc.o(.rrx_text), (6 bytes).
    Removing gd32f30x_misc.o(i.nvic_irq_disable), (24 bytes).
    Removing gd32f30x_misc.o(i.nvic_vector_table_set), (20 bytes).
    Removing gd32f30x_misc.o(i.system_lowpower_reset), (16 bytes).
    Removing gd32f30x_misc.o(i.system_lowpower_set), (16 bytes).
    Removing gd32f30x_misc.o(i.systick_clksource_set), (40 bytes).
    Removing gd32f30x_rcu.o(.rev16_text), (4 bytes).
    Removing gd32f30x_rcu.o(.revsh_text), (4 bytes).
    Removing gd32f30x_rcu.o(.rrx_text), (6 bytes).
    Removing gd32f30x_rcu.o(i.rcu_adc_clock_config), (108 bytes).
    Removing gd32f30x_rcu.o(i.rcu_ahb_clock_config), (24 bytes).
    Removing gd32f30x_rcu.o(i.rcu_all_reset_flag_clear), (20 bytes).
    Removing gd32f30x_rcu.o(i.rcu_apb1_clock_config), (24 bytes).
    Removing gd32f30x_rcu.o(i.rcu_apb2_clock_config), (24 bytes).
    Removing gd32f30x_rcu.o(i.rcu_bkp_reset_disable), (20 bytes).
    Removing gd32f30x_rcu.o(i.rcu_bkp_reset_enable), (20 bytes).
    Removing gd32f30x_rcu.o(i.rcu_ck48m_clock_config), (28 bytes).
    Removing gd32f30x_rcu.o(i.rcu_ckout0_config), (24 bytes).
    Removing gd32f30x_rcu.o(i.rcu_deepsleep_voltage_set), (16 bytes).
    Removing gd32f30x_rcu.o(i.rcu_deinit), (84 bytes).
    Removing gd32f30x_rcu.o(i.rcu_flag_get), (36 bytes).
    Removing gd32f30x_rcu.o(i.rcu_hxtal_clock_monitor_disable), (20 bytes).
    Removing gd32f30x_rcu.o(i.rcu_hxtal_clock_monitor_enable), (20 bytes).
    Removing gd32f30x_rcu.o(i.rcu_interrupt_disable), (32 bytes).
    Removing gd32f30x_rcu.o(i.rcu_interrupt_enable), (32 bytes).
    Removing gd32f30x_rcu.o(i.rcu_interrupt_flag_clear), (32 bytes).
    Removing gd32f30x_rcu.o(i.rcu_interrupt_flag_get), (36 bytes).
    Removing gd32f30x_rcu.o(i.rcu_irc8m_adjust_value_set), (28 bytes).
    Removing gd32f30x_rcu.o(i.rcu_lxtal_drive_capability_config), (24 bytes).
    Removing gd32f30x_rcu.o(i.rcu_osci_bypass_mode_disable), (100 bytes).
    Removing gd32f30x_rcu.o(i.rcu_osci_bypass_mode_enable), (100 bytes).
    Removing gd32f30x_rcu.o(i.rcu_osci_off), (32 bytes).
    Removing gd32f30x_rcu.o(i.rcu_osci_on), (32 bytes).
    Removing gd32f30x_rcu.o(i.rcu_osci_stab_wait), (272 bytes).
    Removing gd32f30x_rcu.o(i.rcu_periph_clock_disable), (32 bytes).
    Removing gd32f30x_rcu.o(i.rcu_periph_clock_sleep_disable), (32 bytes).
    Removing gd32f30x_rcu.o(i.rcu_periph_clock_sleep_enable), (32 bytes).
    Removing gd32f30x_rcu.o(i.rcu_pll_config), (32 bytes).
    Removing gd32f30x_rcu.o(i.rcu_pllpresel_config), (24 bytes).
    Removing gd32f30x_rcu.o(i.rcu_predv0_config), (32 bytes).
    Removing gd32f30x_rcu.o(i.rcu_rtc_clock_config), (24 bytes).
    Removing gd32f30x_rcu.o(i.rcu_system_clock_source_config), (24 bytes).
    Removing gd32f30x_rcu.o(i.rcu_system_clock_source_get), (16 bytes).
    Removing gd32f30x_rcu.o(i.rcu_usb_clock_config), (24 bytes).
    Removing gd32f30x_timer.o(.rev16_text), (4 bytes).
    Removing gd32f30x_timer.o(.revsh_text), (4 bytes).
    Removing gd32f30x_timer.o(.rrx_text), (6 bytes).
    Removing gd32f30x_timer.o(i.timer_auto_reload_shadow_disable), (10 bytes).
    Removing gd32f30x_timer.o(i.timer_auto_reload_shadow_enable), (10 bytes).
    Removing gd32f30x_timer.o(i.timer_automatic_output_disable), (10 bytes).
    Removing gd32f30x_timer.o(i.timer_automatic_output_enable), (10 bytes).
    Removing gd32f30x_timer.o(i.timer_autoreload_value_config), (4 bytes).
    Removing gd32f30x_timer.o(i.timer_break_config), (30 bytes).
    Removing gd32f30x_timer.o(i.timer_break_disable), (10 bytes).
    Removing gd32f30x_timer.o(i.timer_break_enable), (10 bytes).
    Removing gd32f30x_timer.o(i.timer_break_struct_para_init), (18 bytes).
    Removing gd32f30x_timer.o(i.timer_channel_capture_value_register_read), (42 bytes).
    Removing gd32f30x_timer.o(i.timer_channel_complementary_output_polarity_config), (70 bytes).
    Removing gd32f30x_timer.o(i.timer_channel_complementary_output_state_config), (70 bytes).
    Removing gd32f30x_timer.o(i.timer_channel_control_shadow_config), (24 bytes).
    Removing gd32f30x_timer.o(i.timer_channel_control_shadow_update_config), (26 bytes).
    Removing gd32f30x_timer.o(i.timer_channel_dma_request_source_select), (26 bytes).
    Removing gd32f30x_timer.o(i.timer_channel_input_capture_prescaler_config), (90 bytes).
    Removing gd32f30x_timer.o(i.timer_channel_input_struct_para_init), (16 bytes).
    Removing gd32f30x_timer.o(i.timer_channel_output_clear_config), (90 bytes).
    Removing gd32f30x_timer.o(i.timer_channel_output_config), (492 bytes).
    Removing gd32f30x_timer.o(i.timer_channel_output_fast_config), (90 bytes).
    Removing gd32f30x_timer.o(i.timer_channel_output_mode_config), (90 bytes).
    Removing gd32f30x_timer.o(i.timer_channel_output_polarity_config), (92 bytes).
    Removing gd32f30x_timer.o(i.timer_channel_output_pulse_value_config), (38 bytes).
    Removing gd32f30x_timer.o(i.timer_channel_output_shadow_config), (90 bytes).
    Removing gd32f30x_timer.o(i.timer_channel_output_state_config), (92 bytes).
    Removing gd32f30x_timer.o(i.timer_channel_output_struct_para_init), (16 bytes).
    Removing gd32f30x_timer.o(i.timer_counter_alignment), (16 bytes).
    Removing gd32f30x_timer.o(i.timer_counter_down_direction), (10 bytes).
    Removing gd32f30x_timer.o(i.timer_counter_read), (8 bytes).
    Removing gd32f30x_timer.o(i.timer_counter_up_direction), (10 bytes).
    Removing gd32f30x_timer.o(i.timer_counter_value_config), (4 bytes).
    Removing gd32f30x_timer.o(i.timer_deinit), (220 bytes).
    Removing gd32f30x_timer.o(i.timer_disable), (10 bytes).
    Removing gd32f30x_timer.o(i.timer_dma_disable), (8 bytes).
    Removing gd32f30x_timer.o(i.timer_dma_enable), (8 bytes).
    Removing gd32f30x_timer.o(i.timer_dma_transfer_config), (24 bytes).
    Removing gd32f30x_timer.o(i.timer_enable), (10 bytes).
    Removing gd32f30x_timer.o(i.timer_event_software_generate), (8 bytes).
    Removing gd32f30x_timer.o(i.timer_external_clock_mode0_config), (40 bytes).
    Removing gd32f30x_timer.o(i.timer_external_clock_mode1_config), (32 bytes).
    Removing gd32f30x_timer.o(i.timer_external_clock_mode1_disable), (10 bytes).
    Removing gd32f30x_timer.o(i.timer_external_trigger_as_external_clock_config), (166 bytes).
    Removing gd32f30x_timer.o(i.timer_external_trigger_config), (30 bytes).
    Removing gd32f30x_timer.o(i.timer_flag_clear), (6 bytes).
    Removing gd32f30x_timer.o(i.timer_flag_get), (16 bytes).
    Removing gd32f30x_timer.o(i.timer_hall_mode_config), (26 bytes).
    Removing gd32f30x_timer.o(i.timer_init), (152 bytes).
    Removing gd32f30x_timer.o(i.timer_input_capture_config), (326 bytes).
    Removing gd32f30x_timer.o(i.timer_input_pwm_capture_config), (356 bytes).
    Removing gd32f30x_timer.o(i.timer_input_trigger_source_select), (16 bytes).
    Removing gd32f30x_timer.o(i.timer_internal_clock_config), (10 bytes).
    Removing gd32f30x_timer.o(i.timer_internal_trigger_as_external_clock_config), (32 bytes).
    Removing gd32f30x_timer.o(i.timer_interrupt_disable), (8 bytes).
    Removing gd32f30x_timer.o(i.timer_interrupt_enable), (8 bytes).
    Removing gd32f30x_timer.o(i.timer_master_output_trigger_source_select), (16 bytes).
    Removing gd32f30x_timer.o(i.timer_master_slave_mode_config), (26 bytes).
    Removing gd32f30x_timer.o(i.timer_output_value_selection_config), (34 bytes).
    Removing gd32f30x_timer.o(i.timer_prescaler_config), (14 bytes).
    Removing gd32f30x_timer.o(i.timer_prescaler_read), (10 bytes).
    Removing gd32f30x_timer.o(i.timer_primary_output_config), (24 bytes).
    Removing gd32f30x_timer.o(i.timer_quadrature_decoder_mode_config), (64 bytes).
    Removing gd32f30x_timer.o(i.timer_repetition_value_config), (4 bytes).
    Removing gd32f30x_timer.o(i.timer_single_pulse_mode_config), (26 bytes).
    Removing gd32f30x_timer.o(i.timer_slave_mode_select), (16 bytes).
    Removing gd32f30x_timer.o(i.timer_struct_para_init), (22 bytes).
    Removing gd32f30x_timer.o(i.timer_update_event_disable), (10 bytes).
    Removing gd32f30x_timer.o(i.timer_update_event_enable), (10 bytes).
    Removing gd32f30x_timer.o(i.timer_update_source_config), (26 bytes).
    Removing gd32f30x_timer.o(i.timer_write_chxval_register_config), (34 bytes).
    Removing gd32f30x_usart.o(.rev16_text), (4 bytes).
    Removing gd32f30x_usart.o(.revsh_text), (4 bytes).
    Removing gd32f30x_usart.o(.rrx_text), (6 bytes).
    Removing gd32f30x_usart.o(i.usart_address_config), (20 bytes).
    Removing gd32f30x_usart.o(i.usart_block_length_config), (28 bytes).
    Removing gd32f30x_usart.o(i.usart_data_first_config), (20 bytes).
    Removing gd32f30x_usart.o(i.usart_disable), (10 bytes).
    Removing gd32f30x_usart.o(i.usart_dma_receive_config), (16 bytes).
    Removing gd32f30x_usart.o(i.usart_flag_clear), (26 bytes).
    Removing gd32f30x_usart.o(i.usart_guard_time_config), (24 bytes).
    Removing gd32f30x_usart.o(i.usart_halfduplex_disable), (10 bytes).
    Removing gd32f30x_usart.o(i.usart_halfduplex_enable), (10 bytes).
    Removing gd32f30x_usart.o(i.usart_hardware_flow_cts_config), (16 bytes).
    Removing gd32f30x_usart.o(i.usart_hardware_flow_rts_config), (16 bytes).
    Removing gd32f30x_usart.o(i.usart_interrupt_disable), (26 bytes).
    Removing gd32f30x_usart.o(i.usart_invert_config), (104 bytes).
    Removing gd32f30x_usart.o(i.usart_irda_lowpower_config), (20 bytes).
    Removing gd32f30x_usart.o(i.usart_irda_mode_disable), (10 bytes).
    Removing gd32f30x_usart.o(i.usart_irda_mode_enable), (10 bytes).
    Removing gd32f30x_usart.o(i.usart_lin_break_detection_length_config), (20 bytes).
    Removing gd32f30x_usart.o(i.usart_lin_mode_disable), (10 bytes).
    Removing gd32f30x_usart.o(i.usart_lin_mode_enable), (10 bytes).
    Removing gd32f30x_usart.o(i.usart_mute_mode_disable), (10 bytes).
    Removing gd32f30x_usart.o(i.usart_mute_mode_enable), (10 bytes).
    Removing gd32f30x_usart.o(i.usart_mute_mode_wakeup_config), (16 bytes).
    Removing gd32f30x_usart.o(i.usart_prescaler_config), (16 bytes).
    Removing gd32f30x_usart.o(i.usart_receiver_timeout_disable), (14 bytes).
    Removing gd32f30x_usart.o(i.usart_receiver_timeout_enable), (14 bytes).
    Removing gd32f30x_usart.o(i.usart_receiver_timeout_threshold_config), (20 bytes).
    Removing gd32f30x_usart.o(i.usart_send_break), (10 bytes).
    Removing gd32f30x_usart.o(i.usart_smartcard_autoretry_config), (26 bytes).
    Removing gd32f30x_usart.o(i.usart_smartcard_mode_disable), (10 bytes).
    Removing gd32f30x_usart.o(i.usart_smartcard_mode_enable), (10 bytes).
    Removing gd32f30x_usart.o(i.usart_smartcard_mode_nack_disable), (10 bytes).
    Removing gd32f30x_usart.o(i.usart_smartcard_mode_nack_enable), (10 bytes).
    Removing gd32f30x_usart.o(i.usart_synchronous_clock_config), (34 bytes).
    Removing gd32f30x_usart.o(i.usart_synchronous_clock_disable), (10 bytes).
    Removing gd32f30x_usart.o(i.usart_synchronous_clock_enable), (10 bytes).
    Removing gd32f30x_exmc.o(.rev16_text), (4 bytes).
    Removing gd32f30x_exmc.o(.revsh_text), (4 bytes).
    Removing gd32f30x_exmc.o(.rrx_text), (6 bytes).
    Removing gd32f30x_exmc.o(i.exmc_ecc_get), (12 bytes).
    Removing gd32f30x_exmc.o(i.exmc_flag_clear), (20 bytes).
    Removing gd32f30x_exmc.o(i.exmc_flag_get), (28 bytes).
    Removing gd32f30x_exmc.o(i.exmc_interrupt_disable), (20 bytes).
    Removing gd32f30x_exmc.o(i.exmc_interrupt_enable), (20 bytes).
    Removing gd32f30x_exmc.o(i.exmc_interrupt_flag_clear), (22 bytes).
    Removing gd32f30x_exmc.o(i.exmc_interrupt_flag_get), (38 bytes).
    Removing gd32f30x_exmc.o(i.exmc_nand_deinit), (42 bytes).
    Removing gd32f30x_exmc.o(i.exmc_nand_disable), (22 bytes).
    Removing gd32f30x_exmc.o(i.exmc_nand_ecc_config), (48 bytes).
    Removing gd32f30x_exmc.o(i.exmc_nand_enable), (22 bytes).
    Removing gd32f30x_exmc.o(i.exmc_nand_init), (174 bytes).
    Removing gd32f30x_exmc.o(i.exmc_nand_struct_para_init), (54 bytes).
    Removing gd32f30x_exmc.o(i.exmc_norsram_deinit), (52 bytes).
    Removing gd32f30x_exmc.o(i.exmc_norsram_disable), (22 bytes).
    Removing gd32f30x_exmc.o(i.exmc_norsram_enable), (22 bytes).
    Removing gd32f30x_exmc.o(i.exmc_norsram_init), (284 bytes).
    Removing gd32f30x_exmc.o(i.exmc_norsram_page_size_config), (40 bytes).
    Removing gd32f30x_exmc.o(i.exmc_norsram_struct_para_init), (106 bytes).
    Removing gd32f30x_exmc.o(i.exmc_pccard_deinit), (40 bytes).
    Removing gd32f30x_exmc.o(i.exmc_pccard_disable), (24 bytes).
    Removing gd32f30x_exmc.o(i.exmc_pccard_enable), (24 bytes).
    Removing gd32f30x_exmc.o(i.exmc_pccard_init), (192 bytes).
    Removing gd32f30x_exmc.o(i.exmc_pccard_struct_para_init), (60 bytes).
    Removing gd32f30x_dma.o(.rev16_text), (4 bytes).
    Removing gd32f30x_dma.o(.revsh_text), (4 bytes).
    Removing gd32f30x_dma.o(.rrx_text), (6 bytes).
    Removing gd32f30x_dma.o(i.dma_channel_disable), (50 bytes).
    Removing gd32f30x_dma.o(i.dma_channel_enable), (50 bytes).
    Removing gd32f30x_dma.o(i.dma_circulation_disable), (50 bytes).
    Removing gd32f30x_dma.o(i.dma_circulation_enable), (50 bytes).
    Removing gd32f30x_dma.o(i.dma_deinit), (112 bytes).
    Removing gd32f30x_dma.o(i.dma_flag_clear), (16 bytes).
    Removing gd32f30x_dma.o(i.dma_flag_get), (24 bytes).
    Removing gd32f30x_dma.o(i.dma_init), (302 bytes).
    Removing gd32f30x_dma.o(i.dma_interrupt_disable), (50 bytes).
    Removing gd32f30x_dma.o(i.dma_interrupt_enable), (50 bytes).
    Removing gd32f30x_dma.o(i.dma_interrupt_flag_clear), (16 bytes).
    Removing gd32f30x_dma.o(i.dma_interrupt_flag_get), (130 bytes).
    Removing gd32f30x_dma.o(i.dma_memory_address_config), (36 bytes).
    Removing gd32f30x_dma.o(i.dma_memory_increase_disable), (50 bytes).
    Removing gd32f30x_dma.o(i.dma_memory_increase_enable), (50 bytes).
    Removing gd32f30x_dma.o(i.dma_memory_to_memory_disable), (50 bytes).
    Removing gd32f30x_dma.o(i.dma_memory_to_memory_enable), (50 bytes).
    Removing gd32f30x_dma.o(i.dma_memory_width_config), (58 bytes).
    Removing gd32f30x_dma.o(i.dma_periph_address_config), (36 bytes).
    Removing gd32f30x_dma.o(i.dma_periph_and_channel_check), (24 bytes).
    Removing gd32f30x_dma.o(i.dma_periph_increase_disable), (50 bytes).
    Removing gd32f30x_dma.o(i.dma_periph_increase_enable), (50 bytes).
    Removing gd32f30x_dma.o(i.dma_periph_width_config), (58 bytes).
    Removing gd32f30x_dma.o(i.dma_priority_config), (58 bytes).
    Removing gd32f30x_dma.o(i.dma_struct_para_init), (28 bytes).
    Removing gd32f30x_dma.o(i.dma_transfer_direction_config), (84 bytes).
    Removing gd32f30x_dma.o(i.dma_transfer_number_config), (38 bytes).
    Removing gd32f30x_dma.o(i.dma_transfer_number_get), (34 bytes).
    Removing gd32f30x_sdio.o(.rev16_text), (4 bytes).
    Removing gd32f30x_sdio.o(.revsh_text), (4 bytes).
    Removing gd32f30x_sdio.o(.rrx_text), (6 bytes).
    Removing gd32f30x_sdio.o(i.sdio_bus_mode_set), (28 bytes).
    Removing gd32f30x_sdio.o(i.sdio_ceata_command_completion_disable), (20 bytes).
    Removing gd32f30x_sdio.o(i.sdio_ceata_command_completion_enable), (20 bytes).
    Removing gd32f30x_sdio.o(i.sdio_ceata_command_disable), (20 bytes).
    Removing gd32f30x_sdio.o(i.sdio_ceata_command_enable), (20 bytes).
    Removing gd32f30x_sdio.o(i.sdio_ceata_interrupt_disable), (20 bytes).
    Removing gd32f30x_sdio.o(i.sdio_ceata_interrupt_enable), (20 bytes).
    Removing gd32f30x_sdio.o(i.sdio_clock_config), (52 bytes).
    Removing gd32f30x_sdio.o(i.sdio_clock_disable), (20 bytes).
    Removing gd32f30x_sdio.o(i.sdio_clock_enable), (20 bytes).
    Removing gd32f30x_sdio.o(i.sdio_command_index_get), (12 bytes).
    Removing gd32f30x_sdio.o(i.sdio_command_response_config), (44 bytes).
    Removing gd32f30x_sdio.o(i.sdio_csm_disable), (20 bytes).
    Removing gd32f30x_sdio.o(i.sdio_csm_enable), (20 bytes).
    Removing gd32f30x_sdio.o(i.sdio_data_config), (52 bytes).
    Removing gd32f30x_sdio.o(i.sdio_data_counter_get), (12 bytes).
    Removing gd32f30x_sdio.o(i.sdio_data_read), (12 bytes).
    Removing gd32f30x_sdio.o(i.sdio_data_transfer_config), (28 bytes).
    Removing gd32f30x_sdio.o(i.sdio_data_write), (12 bytes).
    Removing gd32f30x_sdio.o(i.sdio_deinit), (28 bytes).
    Removing gd32f30x_sdio.o(i.sdio_dma_disable), (20 bytes).
    Removing gd32f30x_sdio.o(i.sdio_dma_enable), (20 bytes).
    Removing gd32f30x_sdio.o(i.sdio_dsm_disable), (20 bytes).
    Removing gd32f30x_sdio.o(i.sdio_dsm_enable), (20 bytes).
    Removing gd32f30x_sdio.o(i.sdio_fifo_counter_get), (12 bytes).
    Removing gd32f30x_sdio.o(i.sdio_flag_clear), (12 bytes).
    Removing gd32f30x_sdio.o(i.sdio_flag_get), (24 bytes).
    Removing gd32f30x_sdio.o(i.sdio_hardware_clock_disable), (20 bytes).
    Removing gd32f30x_sdio.o(i.sdio_hardware_clock_enable), (20 bytes).
    Removing gd32f30x_sdio.o(i.sdio_interrupt_disable), (16 bytes).
    Removing gd32f30x_sdio.o(i.sdio_interrupt_enable), (16 bytes).
    Removing gd32f30x_sdio.o(i.sdio_interrupt_flag_clear), (12 bytes).
    Removing gd32f30x_sdio.o(i.sdio_interrupt_flag_get), (24 bytes).
    Removing gd32f30x_sdio.o(i.sdio_operation_disable), (20 bytes).
    Removing gd32f30x_sdio.o(i.sdio_operation_enable), (20 bytes).
    Removing gd32f30x_sdio.o(i.sdio_power_state_get), (12 bytes).
    Removing gd32f30x_sdio.o(i.sdio_power_state_set), (12 bytes).
    Removing gd32f30x_sdio.o(i.sdio_readwait_disable), (20 bytes).
    Removing gd32f30x_sdio.o(i.sdio_readwait_enable), (20 bytes).
    Removing gd32f30x_sdio.o(i.sdio_readwait_type_set), (40 bytes).
    Removing gd32f30x_sdio.o(i.sdio_response_get), (56 bytes).
    Removing gd32f30x_sdio.o(i.sdio_stop_readwait_disable), (20 bytes).
    Removing gd32f30x_sdio.o(i.sdio_stop_readwait_enable), (20 bytes).
    Removing gd32f30x_sdio.o(i.sdio_suspend_disable), (20 bytes).
    Removing gd32f30x_sdio.o(i.sdio_suspend_enable), (20 bytes).
    Removing gd32f30x_sdio.o(i.sdio_wait_type_set), (28 bytes).
    Removing gd32f30x_adc.o(.rev16_text), (4 bytes).
    Removing gd32f30x_adc.o(.revsh_text), (4 bytes).
    Removing gd32f30x_adc.o(.rrx_text), (6 bytes).
    Removing gd32f30x_adc.o(i.adc_calibration_enable), (42 bytes).
    Removing gd32f30x_adc.o(i.adc_channel_length_config), (70 bytes).
    Removing gd32f30x_adc.o(i.adc_data_alignment_config), (22 bytes).
    Removing gd32f30x_adc.o(i.adc_deinit), (88 bytes).
    Removing gd32f30x_adc.o(i.adc_disable), (10 bytes).
    Removing gd32f30x_adc.o(i.adc_discontinuous_mode_config), (76 bytes).
    Removing gd32f30x_adc.o(i.adc_dma_mode_disable), (10 bytes).
    Removing gd32f30x_adc.o(i.adc_dma_mode_enable), (10 bytes).
    Removing gd32f30x_adc.o(i.adc_enable), (18 bytes).
    Removing gd32f30x_adc.o(i.adc_external_trigger_config), (62 bytes).
    Removing gd32f30x_adc.o(i.adc_external_trigger_source_config), (48 bytes).
    Removing gd32f30x_adc.o(i.adc_flag_clear), (8 bytes).
    Removing gd32f30x_adc.o(i.adc_flag_get), (14 bytes).
    Removing gd32f30x_adc.o(i.adc_inserted_channel_config), (116 bytes).
    Removing gd32f30x_adc.o(i.adc_inserted_channel_offset_config), (36 bytes).
    Removing gd32f30x_adc.o(i.adc_inserted_data_read), (46 bytes).
    Removing gd32f30x_adc.o(i.adc_interrupt_disable), (44 bytes).
    Removing gd32f30x_adc.o(i.adc_interrupt_enable), (44 bytes).
    Removing gd32f30x_adc.o(i.adc_interrupt_flag_clear), (8 bytes).
    Removing gd32f30x_adc.o(i.adc_interrupt_flag_get), (88 bytes).
    Removing gd32f30x_adc.o(i.adc_mode_config), (28 bytes).
    Removing gd32f30x_adc.o(i.adc_oversample_mode_config), (58 bytes).
    Removing gd32f30x_adc.o(i.adc_oversample_mode_disable), (14 bytes).
    Removing gd32f30x_adc.o(i.adc_oversample_mode_enable), (14 bytes).
    Removing gd32f30x_adc.o(i.adc_regular_channel_config), (172 bytes).
    Removing gd32f30x_adc.o(i.adc_regular_data_read), (8 bytes).
    Removing gd32f30x_adc.o(i.adc_resolution_config), (20 bytes).
    Removing gd32f30x_adc.o(i.adc_software_trigger_enable), (30 bytes).
    Removing gd32f30x_adc.o(i.adc_special_function_config), (90 bytes).
    Removing gd32f30x_adc.o(i.adc_sync_mode_convert_value_read), (12 bytes).
    Removing gd32f30x_adc.o(i.adc_tempsensor_vrefint_disable), (20 bytes).
    Removing gd32f30x_adc.o(i.adc_tempsensor_vrefint_enable), (20 bytes).
    Removing gd32f30x_adc.o(i.adc_watchdog_disable), (16 bytes).
    Removing gd32f30x_adc.o(i.adc_watchdog_group_channel_enable), (64 bytes).
    Removing gd32f30x_adc.o(i.adc_watchdog_single_channel_enable), (32 bytes).
    Removing gd32f30x_adc.o(i.adc_watchdog_threshold_config), (14 bytes).
    Removing gd32f30x_dac.o(.rev16_text), (4 bytes).
    Removing gd32f30x_dac.o(.revsh_text), (4 bytes).
    Removing gd32f30x_dac.o(.rrx_text), (6 bytes).
    Removing gd32f30x_dac.o(i.dac_concurrent_data_set), (64 bytes).
    Removing gd32f30x_dac.o(i.dac_concurrent_disable), (24 bytes).
    Removing gd32f30x_dac.o(i.dac_concurrent_enable), (24 bytes).
    Removing gd32f30x_dac.o(i.dac_concurrent_output_buffer_disable), (24 bytes).
    Removing gd32f30x_dac.o(i.dac_concurrent_output_buffer_enable), (24 bytes).
    Removing gd32f30x_dac.o(i.dac_concurrent_software_trigger_disable), (20 bytes).
    Removing gd32f30x_dac.o(i.dac_concurrent_software_trigger_enable), (20 bytes).
    Removing gd32f30x_dac.o(i.dac_data_set), (88 bytes).
    Removing gd32f30x_dac.o(i.dac_deinit), (20 bytes).
    Removing gd32f30x_dac.o(i.dac_disable), (36 bytes).
    Removing gd32f30x_dac.o(i.dac_dma_disable), (36 bytes).
    Removing gd32f30x_dac.o(i.dac_dma_enable), (36 bytes).
    Removing gd32f30x_dac.o(i.dac_enable), (36 bytes).
    Removing gd32f30x_dac.o(i.dac_lfsr_noise_config), (52 bytes).
    Removing gd32f30x_dac.o(i.dac_output_buffer_disable), (36 bytes).
    Removing gd32f30x_dac.o(i.dac_output_buffer_enable), (36 bytes).
    Removing gd32f30x_dac.o(i.dac_output_value_get), (28 bytes).
    Removing gd32f30x_dac.o(i.dac_software_trigger_disable), (36 bytes).
    Removing gd32f30x_dac.o(i.dac_software_trigger_enable), (36 bytes).
    Removing gd32f30x_dac.o(i.dac_triangle_noise_config), (52 bytes).
    Removing gd32f30x_dac.o(i.dac_trigger_disable), (36 bytes).
    Removing gd32f30x_dac.o(i.dac_trigger_enable), (36 bytes).
    Removing gd32f30x_dac.o(i.dac_trigger_source_config), (52 bytes).
    Removing gd32f30x_dac.o(i.dac_wave_bit_width_config), (52 bytes).
    Removing gd32f30x_dac.o(i.dac_wave_mode_config), (52 bytes).
    Removing gd32f30x_it.o(.rev16_text), (4 bytes).
    Removing gd32f30x_it.o(.revsh_text), (4 bytes).
    Removing gd32f30x_it.o(.rrx_text), (6 bytes).
    Removing nvic.o(.rev16_text), (4 bytes).
    Removing nvic.o(.revsh_text), (4 bytes).
    Removing nvic.o(.rrx_text), (6 bytes).
    Removing nvic.o(i.ConfigNVIC), (12 bytes).
    Removing nvic.o(i.InitNVIC), (8 bytes).
    Removing system_gd32f30x.o(.rev16_text), (4 bytes).
    Removing system_gd32f30x.o(.revsh_text), (4 bytes).
    Removing system_gd32f30x.o(.rrx_text), (6 bytes).
    Removing system_gd32f30x.o(i.SystemCoreClockUpdate), (184 bytes).
    Removing startup_gd32f30x_hd.o(HEAP), (1024 bytes).
    Removing dadd.o(.text), (334 bytes).
    Removing dmul.o(.text), (228 bytes).
    Removing ddiv.o(.text), (222 bytes).
    Removing dfixul.o(.text), (48 bytes).
    Removing cdrcmple.o(.text), (48 bytes).
    Removing depilogue.o(.text), (186 bytes).

476 unused section(s) (total 21198 bytes) removed from the image.

==============================================================================

Image Symbol Table

    Local Symbols

    Symbol Name                              Value     Ov Type        Size  Object(Section)

    ../clib/microlib/division.c              0x00000000   Number         0  uldiv.o ABSOLUTE
    ../clib/microlib/division.c              0x00000000   Number         0  uidiv.o ABSOLUTE
    ../clib/microlib/init/entry.s            0x00000000   Number         0  entry8b.o ABSOLUTE
    ../clib/microlib/init/entry.s            0x00000000   Number         0  entry8a.o ABSOLUTE
    ../clib/microlib/init/entry.s            0x00000000   Number         0  entry7b.o ABSOLUTE
    ../clib/microlib/init/entry.s            0x00000000   Number         0  entry7a.o ABSOLUTE
    ../clib/microlib/init/entry.s            0x00000000   Number         0  entry5.o ABSOLUTE
    ../clib/microlib/init/entry.s            0x00000000   Number         0  entry2.o ABSOLUTE
    ../clib/microlib/init/entry.s            0x00000000   Number         0  entry11b.o ABSOLUTE
    ../clib/microlib/init/entry.s            0x00000000   Number         0  entry9a.o ABSOLUTE
    ../clib/microlib/init/entry.s            0x00000000   Number         0  entry.o ABSOLUTE
    ../clib/microlib/init/entry.s            0x00000000   Number         0  entry9b.o ABSOLUTE
    ../clib/microlib/init/entry.s            0x00000000   Number         0  entry10a.o ABSOLUTE
    ../clib/microlib/init/entry.s            0x00000000   Number         0  entry11a.o ABSOLUTE
    ../clib/microlib/init/entry.s            0x00000000   Number         0  entry10b.o ABSOLUTE
    ../clib/microlib/longlong.c              0x00000000   Number         0  llshl.o ABSOLUTE
    ../clib/microlib/longlong.c              0x00000000   Number         0  llsshr.o ABSOLUTE
    ../clib/microlib/longlong.c              0x00000000   Number         0  llushr.o ABSOLUTE
    ../clib/microlib/printf/printf.c         0x00000000   Number         0  printf7.o ABSOLUTE
    ../clib/microlib/printf/printf.c         0x00000000   Number         0  printf3.o ABSOLUTE
    ../clib/microlib/printf/printf.c         0x00000000   Number         0  printf2.o ABSOLUTE
    ../clib/microlib/printf/printf.c         0x00000000   Number         0  printf1.o ABSOLUTE
    ../clib/microlib/printf/printf.c         0x00000000   Number         0  printf0.o ABSOLUTE
    ../clib/microlib/printf/printf.c         0x00000000   Number         0  printfb.o ABSOLUTE
    ../clib/microlib/printf/printf.c         0x00000000   Number         0  printfa.o ABSOLUTE
    ../clib/microlib/printf/printf.c         0x00000000   Number         0  printf8.o ABSOLUTE
    ../clib/microlib/printf/printf.c         0x00000000   Number         0  printf6.o ABSOLUTE
    ../clib/microlib/printf/printf.c         0x00000000   Number         0  printf5.o ABSOLUTE
    ../clib/microlib/printf/printf.c         0x00000000   Number         0  printf4.o ABSOLUTE
    ../clib/microlib/printf/stubs.s          0x00000000   Number         0  stubs.o ABSOLUTE
    ../clib/microlib/stdio/streams.c         0x00000000   Number         0  stdout.o ABSOLUTE
    ../clib/microlib/stubs.s                 0x00000000   Number         0  iusefp.o ABSOLUTE
    ../fplib/microlib/fpadd.c                0x00000000   Number         0  dadd.o ABSOLUTE
    ../fplib/microlib/fpdiv.c                0x00000000   Number         0  ddiv.o ABSOLUTE
    ../fplib/microlib/fpepilogue.c           0x00000000   Number         0  depilogue.o ABSOLUTE
    ../fplib/microlib/fpfix.c                0x00000000   Number         0  dfixul.o ABSOLUTE
    ../fplib/microlib/fpmul.c                0x00000000   Number         0  dmul.o ABSOLUTE
    ..\ARM\NVIC\NVIC.c                       0x00000000   Number         0  nvic.o ABSOLUTE
    ..\ARM\System\gd32f30x_it.c              0x00000000   Number         0  gd32f30x_it.o ABSOLUTE
    ..\ARM\System\startup_gd32f30x_hd.s      0x00000000   Number         0  startup_gd32f30x_hd.o ABSOLUTE
    ..\ARM\System\system_gd32f30x.c          0x00000000   Number         0  system_gd32f30x.o ABSOLUTE
    ..\App\Main\Main.c                       0x00000000   Number         0  main.o ABSOLUTE
    ..\FW\Source\gd32f30x_adc.c              0x00000000   Number         0  gd32f30x_adc.o ABSOLUTE
    ..\FW\Source\gd32f30x_dac.c              0x00000000   Number         0  gd32f30x_dac.o ABSOLUTE
    ..\FW\Source\gd32f30x_dma.c              0x00000000   Number         0  gd32f30x_dma.o ABSOLUTE
    ..\FW\Source\gd32f30x_exmc.c             0x00000000   Number         0  gd32f30x_exmc.o ABSOLUTE
    ..\FW\Source\gd32f30x_fmc.c              0x00000000   Number         0  gd32f30x_fmc.o ABSOLUTE
    ..\FW\Source\gd32f30x_gpio.c             0x00000000   Number         0  gd32f30x_gpio.o ABSOLUTE
    ..\FW\Source\gd32f30x_misc.c             0x00000000   Number         0  gd32f30x_misc.o ABSOLUTE
    ..\FW\Source\gd32f30x_rcu.c              0x00000000   Number         0  gd32f30x_rcu.o ABSOLUTE
    ..\FW\Source\gd32f30x_sdio.c             0x00000000   Number         0  gd32f30x_sdio.o ABSOLUTE
    ..\FW\Source\gd32f30x_timer.c            0x00000000   Number         0  gd32f30x_timer.o ABSOLUTE
    ..\FW\Source\gd32f30x_usart.c            0x00000000   Number         0  gd32f30x_usart.o ABSOLUTE
    ..\HW\RCU\RCU.c                          0x00000000   Number         0  rcu.o ABSOLUTE
    ..\HW\Timer\Timer.c                      0x00000000   Number         0  timer.o ABSOLUTE
    ..\HW\UART0\CirQueue.c                   0x00000000   Number         0  cirqueue.o ABSOLUTE
    ..\HW\UART0\UART0.c                      0x00000000   Number         0  uart0.o ABSOLUTE
    ..\OS\CasyOS.c                           0x00000000   Number         0  casyos.o ABSOLUTE
    ..\OS\os_flag.c                          0x00000000   Number         0  os_flag.o ABSOLUTE
    ..\OS\os_mem.c                           0x00000000   Number         0  os_mem.o ABSOLUTE
    ..\OS\os_mutex.c                         0x00000000   Number         0  os_mutex.o ABSOLUTE
    ..\OS\os_q.c                             0x00000000   Number         0  os_q.o ABSOLUTE
    ..\OS\os_sem.c                           0x00000000   Number         0  os_sem.o ABSOLUTE
    ..\OS\os_task.c                          0x00000000   Number         0  os_task.o ABSOLUTE
    ..\\ARM\\NVIC\\NVIC.c                    0x00000000   Number         0  nvic.o ABSOLUTE
    ..\\ARM\\System\\gd32f30x_it.c           0x00000000   Number         0  gd32f30x_it.o ABSOLUTE
    ..\\ARM\\System\\system_gd32f30x.c       0x00000000   Number         0  system_gd32f30x.o ABSOLUTE
    ..\\App\\Main\\Main.c                    0x00000000   Number         0  main.o ABSOLUTE
    ..\\FW\\Source\\gd32f30x_adc.c           0x00000000   Number         0  gd32f30x_adc.o ABSOLUTE
    ..\\FW\\Source\\gd32f30x_dac.c           0x00000000   Number         0  gd32f30x_dac.o ABSOLUTE
    ..\\FW\\Source\\gd32f30x_dma.c           0x00000000   Number         0  gd32f30x_dma.o ABSOLUTE
    ..\\FW\\Source\\gd32f30x_exmc.c          0x00000000   Number         0  gd32f30x_exmc.o ABSOLUTE
    ..\\FW\\Source\\gd32f30x_fmc.c           0x00000000   Number         0  gd32f30x_fmc.o ABSOLUTE
    ..\\FW\\Source\\gd32f30x_gpio.c          0x00000000   Number         0  gd32f30x_gpio.o ABSOLUTE
    ..\\FW\\Source\\gd32f30x_misc.c          0x00000000   Number         0  gd32f30x_misc.o ABSOLUTE
    ..\\FW\\Source\\gd32f30x_rcu.c           0x00000000   Number         0  gd32f30x_rcu.o ABSOLUTE
    ..\\FW\\Source\\gd32f30x_sdio.c          0x00000000   Number         0  gd32f30x_sdio.o ABSOLUTE
    ..\\FW\\Source\\gd32f30x_timer.c         0x00000000   Number         0  gd32f30x_timer.o ABSOLUTE
    ..\\FW\\Source\\gd32f30x_usart.c         0x00000000   Number         0  gd32f30x_usart.o ABSOLUTE
    ..\\HW\\RCU\\RCU.c                       0x00000000   Number         0  rcu.o ABSOLUTE
    ..\\HW\\Timer\\Timer.c                   0x00000000   Number         0  timer.o ABSOLUTE
    ..\\HW\\UART0\\UART0.c                   0x00000000   Number         0  uart0.o ABSOLUTE
    ..\\OS\\CasyOS.c                         0x00000000   Number         0  casyos.o ABSOLUTE
    ..\\OS\\os_flag.c                        0x00000000   Number         0  os_flag.o ABSOLUTE
    ..\\OS\\os_mem.c                         0x00000000   Number         0  os_mem.o ABSOLUTE
    ..\\OS\\os_mutex.c                       0x00000000   Number         0  os_mutex.o ABSOLUTE
    ..\\OS\\os_q.c                           0x00000000   Number         0  os_q.o ABSOLUTE
    ..\\OS\\os_sem.c                         0x00000000   Number         0  os_sem.o ABSOLUTE
    ..\\OS\\os_task.c                        0x00000000   Number         0  os_task.o ABSOLUTE
    cdrcmple.s                               0x00000000   Number         0  cdrcmple.o ABSOLUTE
    dc.s                                     0x00000000   Number         0  dc.o ABSOLUTE
    handlers.s                               0x00000000   Number         0  handlers.o ABSOLUTE
    init.s                                   0x00000000   Number         0  init.o ABSOLUTE
    RESET                                    0x08000000   Section      304  startup_gd32f30x_hd.o(RESET)
    .ARM.Collect$$$$00000000                 0x08000130   Section        0  entry.o(.ARM.Collect$$$$00000000)
    .ARM.Collect$$$$00000001                 0x08000130   Section        4  entry2.o(.ARM.Collect$$$$00000001)
    .ARM.Collect$$$$00000004                 0x08000134   Section        4  entry5.o(.ARM.Collect$$$$00000004)
    .ARM.Collect$$$$00000008                 0x08000138   Section        0  entry7b.o(.ARM.Collect$$$$00000008)
    .ARM.Collect$$$$0000000A                 0x08000138   Section        0  entry8b.o(.ARM.Collect$$$$0000000A)
    .ARM.Collect$$$$0000000B                 0x08000138   Section        8  entry9a.o(.ARM.Collect$$$$0000000B)
    .ARM.Collect$$$$0000000D                 0x08000140   Section        0  entry10a.o(.ARM.Collect$$$$0000000D)
    .ARM.Collect$$$$0000000F                 0x08000140   Section        0  entry11a.o(.ARM.Collect$$$$0000000F)
    .ARM.Collect$$$$00002712                 0x08000140   Section        4  entry2.o(.ARM.Collect$$$$00002712)
    __lit__00000000                          0x08000140   Data           4  entry2.o(.ARM.Collect$$$$00002712)
    .emb_text                                0x08000144   Section       76  casyos.o(.emb_text)
    $v0                                      0x08000144   Number         0  casyos.o(.emb_text)
    .text                                    0x08000190   Section       36  startup_gd32f30x_hd.o(.text)
    $v0                                      0x08000190   Number         0  startup_gd32f30x_hd.o(.text)
    .text                                    0x080001b4   Section        0  uidiv.o(.text)
    .text                                    0x080001e0   Section       36  init.o(.text)
    i.BusFault_Handler                       0x08000204   Section        0  gd32f30x_it.o(i.BusFault_Handler)
    i.ConfigUART                             0x08000208   Section        0  uart0.o(i.ConfigUART)
    ConfigUART                               0x08000209   Thumb Code   138  uart0.o(i.ConfigUART)
    i.DebugMon_Handler                       0x0800029c   Section        0  gd32f30x_it.o(i.DebugMon_Handler)
    i.EnCirQueue                             0x0800029e   Section        0  cirqueue.o(i.EnCirQueue)
    i.HardFault_Handler                      0x080002e6   Section        0  gd32f30x_it.o(i.HardFault_Handler)
    i.IdleTask                               0x080002ea   Section        0  casyos.o(i.IdleTask)
    IdleTask                                 0x080002eb   Thumb Code     4  casyos.o(i.IdleTask)
    i.InitCasyOS                             0x080002ee   Section        0  casyos.o(i.InitCasyOS)
    i.InitCirQueue                           0x080002fa   Section        0  cirqueue.o(i.InitCirQueue)
    i.InitUART0                              0x08000320   Section        0  uart0.o(i.InitUART0)
    i.MallocMemory                           0x08000340   Section        0  os_mem.o(i.MallocMemory)
    MallocMemory                             0x08000341   Thumb Code    96  os_mem.o(i.MallocMemory)
    i.MemManage_Handler                      0x080003a4   Section        0  gd32f30x_it.o(i.MemManage_Handler)
    i.NMI_Handler                            0x080003a8   Section        0  gd32f30x_it.o(i.NMI_Handler)
    i.OSDelay                                0x080003ac   Section        0  casyos.o(i.OSDelay)
    i.OSInitMemory                           0x0800042c   Section        0  os_mem.o(i.OSInitMemory)
    i.OSInitTaskSched                        0x08000464   Section        0  os_task.o(i.OSInitTaskSched)
    i.OSIntEnter                             0x08000480   Section        0  casyos.o(i.OSIntEnter)
    i.OSIntExit                              0x0800049c   Section        0  casyos.o(i.OSIntExit)
    i.OSMalloc                               0x080004e0   Section        0  os_mem.o(i.OSMalloc)
    i.OSMemoryPerused                        0x080005b8   Section        0  os_mem.o(i.OSMemoryPerused)
    i.OSRegister                             0x08000600   Section        0  casyos.o(i.OSRegister)
    i.OSStart                                0x08000718   Section        0  casyos.o(i.OSStart)
    i.OS_BitMapClr                           0x080007b4   Section        0  os_task.o(i.OS_BitMapClr)
    i.OS_BitMapGetHighest                    0x0800080c   Section        0  os_task.o(i.OS_BitMapGetHighest)
    i.OS_BitMapInit                          0x0800085c   Section        0  os_task.o(i.OS_BitMapInit)
    i.OS_BitMapSet                           0x08000868   Section        0  os_task.o(i.OS_BitMapSet)
    i.OS_ENTER_CRITICAL                      0x080008c0   Section        0  casyos.o(i.OS_ENTER_CRITICAL)
    i.OS_EXIT_CRITICAL                       0x080008c4   Section        0  casyos.o(i.OS_EXIT_CRITICAL)
    i.OS_InISR                               0x080008c8   Section        0  casyos.o(i.OS_InISR)
    i.OS_PendListInit                        0x080008dc   Section        0  os_task.o(i.OS_PendListInit)
    i.OS_QInit                               0x080008e4   Section        0  os_q.o(i.OS_QInit)
    i.OS_RdyListInit                         0x08000970   Section        0  os_task.o(i.OS_RdyListInit)
    i.OS_RdyTaskAdd                          0x08000990   Section        0  os_task.o(i.OS_RdyTaskAdd)
    i.OS_RdyTaskRemove                       0x080009c8   Section        0  os_task.o(i.OS_RdyTaskRemove)
    i.OS_Sched                               0x08000a20   Section        0  casyos.o(i.OS_Sched)
    i.OS_SemInit                             0x08000a44   Section        0  os_sem.o(i.OS_SemInit)
    i.OS_TaskListAdd                         0x08000a90   Section        0  os_task.o(i.OS_TaskListAdd)
    i.OS_TaskListInit                        0x08000ab0   Section        0  os_task.o(i.OS_TaskListInit)
    i.OS_TickListInit                        0x08000abc   Section        0  os_task.o(i.OS_TickListInit)
    i.OS_TickTaskInsert                      0x08000acc   Section        0  os_task.o(i.OS_TickTaskInsert)
    i.OS_TickTaskRemove                      0x08000bb0   Section        0  os_task.o(i.OS_TickTaskRemove)
    i.OS_TickUpdate                          0x08000c4c   Section        0  os_task.o(i.OS_TickUpdate)
    i.OS_UpdateCurrentTask                   0x08000c90   Section        0  os_task.o(i.OS_UpdateCurrentTask)
    i.SysTick_Handler                        0x08000cb4   Section        0  casyos.o(i.SysTick_Handler)
    i.SystemInit                             0x08000cc8   Section        0  system_gd32f30x.o(i.SystemInit)
    i.TIMER2_IRQHandler                      0x08000d18   Section        0  timer.o(i.TIMER2_IRQHandler)
    i.Task1                                  0x08000d4c   Section        0  main.o(i.Task1)
    Task1                                    0x08000d4d   Thumb Code    18  main.o(i.Task1)
    i.Task2                                  0x08000d70   Section        0  main.o(i.Task2)
    Task2                                    0x08000d71   Thumb Code    18  main.o(i.Task2)
    i.USART0_IRQHandler                      0x08000d94   Section        0  uart0.o(i.USART0_IRQHandler)
    i.UsageFault_Handler                     0x08000df4   Section        0  gd32f30x_it.o(i.UsageFault_Handler)
    i.__0printf$3                            0x08000df8   Section        0  printf3.o(i.__0printf$3)
    i.__NVIC_SetPriority                     0x08000e18   Section        0  casyos.o(i.__NVIC_SetPriority)
    __NVIC_SetPriority                       0x08000e19   Thumb Code    32  casyos.o(i.__NVIC_SetPriority)
    i.__scatterload_copy                     0x08000e40   Section       14  handlers.o(i.__scatterload_copy)
    i.__scatterload_null                     0x08000e4e   Section        2  handlers.o(i.__scatterload_null)
    i.__scatterload_zeroinit                 0x08000e50   Section       14  handlers.o(i.__scatterload_zeroinit)
    i.__set_BASEPRI                          0x08000e5e   Section        0  casyos.o(i.__set_BASEPRI)
    __set_BASEPRI                            0x08000e5f   Thumb Code     8  casyos.o(i.__set_BASEPRI)
    i._printf_core                           0x08000e68   Section        0  printf3.o(i._printf_core)
    _printf_core                             0x08000e69   Thumb Code   436  printf3.o(i._printf_core)
    i.fputc                                  0x08001020   Section        0  uart0.o(i.fputc)
    i.gpio_init                              0x08001044   Section        0  gd32f30x_gpio.o(i.gpio_init)
    i.main                                   0x08001100   Section        0  main.o(i.main)
    i.nvic_irq_enable                        0x080011cc   Section        0  gd32f30x_misc.o(i.nvic_irq_enable)
    i.nvic_priority_group_set                0x08001290   Section        0  gd32f30x_misc.o(i.nvic_priority_group_set)
    i.rcu_clock_freq_get                     0x080012a4   Section        0  gd32f30x_rcu.o(i.rcu_clock_freq_get)
    i.rcu_periph_clock_enable                0x080013fc   Section        0  gd32f30x_rcu.o(i.rcu_periph_clock_enable)
    i.rcu_periph_reset_disable               0x0800141c   Section        0  gd32f30x_rcu.o(i.rcu_periph_reset_disable)
    i.rcu_periph_reset_enable                0x0800143c   Section        0  gd32f30x_rcu.o(i.rcu_periph_reset_enable)
    i.system_clock_120m_hxtal                0x0800145c   Section        0  system_gd32f30x.o(i.system_clock_120m_hxtal)
    system_clock_120m_hxtal                  0x0800145d   Thumb Code   256  system_gd32f30x.o(i.system_clock_120m_hxtal)
    i.system_clock_config                    0x0800156c   Section        0  system_gd32f30x.o(i.system_clock_config)
    system_clock_config                      0x0800156d   Thumb Code     8  system_gd32f30x.o(i.system_clock_config)
    i.timer_interrupt_flag_clear             0x08001574   Section        0  gd32f30x_timer.o(i.timer_interrupt_flag_clear)
    i.timer_interrupt_flag_get               0x0800157a   Section        0  gd32f30x_timer.o(i.timer_interrupt_flag_get)
    i.usart_baudrate_set                     0x08001594   Section        0  gd32f30x_usart.o(i.usart_baudrate_set)
    i.usart_data_receive                     0x08001624   Section        0  gd32f30x_usart.o(i.usart_data_receive)
    i.usart_data_transmit                    0x0800162e   Section        0  gd32f30x_usart.o(i.usart_data_transmit)
    i.usart_deinit                           0x08001638   Section        0  gd32f30x_usart.o(i.usart_deinit)
    i.usart_dma_transmit_config              0x080016c8   Section        0  gd32f30x_usart.o(i.usart_dma_transmit_config)
    i.usart_enable                           0x080016d8   Section        0  gd32f30x_usart.o(i.usart_enable)
    i.usart_flag_get                         0x080016e2   Section        0  gd32f30x_usart.o(i.usart_flag_get)
    i.usart_interrupt_enable                 0x08001700   Section        0  gd32f30x_usart.o(i.usart_interrupt_enable)
    i.usart_interrupt_flag_clear             0x0800171a   Section        0  gd32f30x_usart.o(i.usart_interrupt_flag_clear)
    i.usart_interrupt_flag_get               0x08001734   Section        0  gd32f30x_usart.o(i.usart_interrupt_flag_get)
    i.usart_parity_config                    0x0800176c   Section        0  gd32f30x_usart.o(i.usart_parity_config)
    i.usart_receive_config                   0x0800177c   Section        0  gd32f30x_usart.o(i.usart_receive_config)
    i.usart_stop_bit_set                     0x0800178c   Section        0  gd32f30x_usart.o(i.usart_stop_bit_set)
    i.usart_transmit_config                  0x0800179c   Section        0  gd32f30x_usart.o(i.usart_transmit_config)
    i.usart_word_length_set                  0x080017ac   Section        0  gd32f30x_usart.o(i.usart_word_length_set)
    .conststring                             0x080017bc   Section       14  main.o(.conststring)
    .data                                    0x20000000   Section       64  main.o(.data)
    .data                                    0x20000040   Section        8  timer.o(.data)
    s_iSysTime                               0x20000040   Data           8  timer.o(.data)
    .data                                    0x20000048   Section        6  casyos.o(.data)
    .data                                    0x20000050   Section       24  os_mem.o(.data)
    s_OSMemoryDev                            0x20000050   Data          24  os_mem.o(.data)
    .data                                    0x20000068   Section       12  os_task.o(.data)
    s_OSPrioBitMap                           0x20000068   Data           4  os_task.o(.data)
    s_OSTickList                             0x2000006c   Data           8  os_task.o(.data)
    .data                                    0x20000074   Section        4  system_gd32f30x.o(.data)
    .data                                    0x20000078   Section        4  stdout.o(.data)
    .bss                                     0x20000080   Section     1280  main.o(.bss)
    s_arrTask1Stack                          0x20000080   Data         512  main.o(.bss)
    s_structTask1Handle                      0x20000280   Data         128  main.o(.bss)
    s_arrTask2Stack                          0x20000300   Data         512  main.o(.bss)
    s_structTask2Handle                      0x20000500   Data         128  main.o(.bss)
    .bss                                     0x20000580   Section     1036  uart0.o(.bss)
    s_structUARTRecCirQue                    0x20000580   Data          12  uart0.o(.bss)
    s_arrRecBuf                              0x2000058c   Data        1024  uart0.o(.bss)
    .bss                                     0x20000990   Section      384  casyos.o(.bss)
    s_arrIdleStack                           0x20000990   Data         256  casyos.o(.bss)
    s_structIdleHandle                       0x20000a90   Data         128  casyos.o(.bss)
    .bss                                     0x20000b20   Section    20480  os_mem.o(.bss)
    s_OSMemoryPool                           0x20000b20   Data       20480  os_mem.o(.bss)
    .bss                                     0x20005b20   Section      384  os_task.o(.bss)
    s_OSRdyLists                             0x20005ba0   Data         256  os_task.o(.bss)
    STACK                                    0x20005ca0   Section     2048  startup_gd32f30x_hd.o(STACK)

    Global Symbols

    Symbol Name                              Value     Ov Type        Size  Object(Section)

    BuildAttributes$$THM_ISAv4$E$P$D$K$B$S$7EM$VFPi3$EXTD16$VFPS$VFMA$PE$A:L22UL41UL21$X:L11$S22US41US21$IEEE1$IW$USESV6$~STKCKD$USESV7$~SHL$OSPACE$ROPI$EBA8$MICROLIB$REQ8$PRES8$EABIv2 0x00000000   Number         0  anon$$obj.o ABSOLUTE
    __ARM_use_no_argv                        0x00000000   Number         0  main.o ABSOLUTE
    _printf_a                                0x00000000   Number         0  stubs.o ABSOLUTE
    _printf_c                                0x00000000   Number         0  stubs.o ABSOLUTE
    _printf_charcount                        0x00000000   Number         0  stubs.o ABSOLUTE
    _printf_d                                0x00000000   Number         0  stubs.o ABSOLUTE
    _printf_e                                0x00000000   Number         0  stubs.o ABSOLUTE
    _printf_f                                0x00000000   Number         0  stubs.o ABSOLUTE
    _printf_flags                            0x00000000   Number         0  stubs.o ABSOLUTE
    _printf_fp_dec                           0x00000000   Number         0  stubs.o ABSOLUTE
    _printf_fp_hex                           0x00000000   Number         0  stubs.o ABSOLUTE
    _printf_g                                0x00000000   Number         0  stubs.o ABSOLUTE
    _printf_i                                0x00000000   Number         0  stubs.o ABSOLUTE
    _printf_int_dec                          0x00000000   Number         0  stubs.o ABSOLUTE
    _printf_l                                0x00000000   Number         0  stubs.o ABSOLUTE
    _printf_lc                               0x00000000   Number         0  stubs.o ABSOLUTE
    _printf_ll                               0x00000000   Number         0  stubs.o ABSOLUTE
    _printf_lld                              0x00000000   Number         0  stubs.o ABSOLUTE
    _printf_lli                              0x00000000   Number         0  stubs.o ABSOLUTE
    _printf_llo                              0x00000000   Number         0  stubs.o ABSOLUTE
    _printf_llu                              0x00000000   Number         0  stubs.o ABSOLUTE
    _printf_llx                              0x00000000   Number         0  stubs.o ABSOLUTE
    _printf_longlong_dec                     0x00000000   Number         0  stubs.o ABSOLUTE
    _printf_longlong_hex                     0x00000000   Number         0  stubs.o ABSOLUTE
    _printf_longlong_oct                     0x00000000   Number         0  stubs.o ABSOLUTE
    _printf_ls                               0x00000000   Number         0  stubs.o ABSOLUTE
    _printf_mbtowc                           0x00000000   Number         0  stubs.o ABSOLUTE
    _printf_n                                0x00000000   Number         0  stubs.o ABSOLUTE
    _printf_o                                0x00000000   Number         0  stubs.o ABSOLUTE
    _printf_p                                0x00000000   Number         0  stubs.o ABSOLUTE
    _printf_percent                          0x00000000   Number         0  stubs.o ABSOLUTE
    _printf_pre_padding                      0x00000000   Number         0  stubs.o ABSOLUTE
    _printf_return_value                     0x00000000   Number         0  stubs.o ABSOLUTE
    _printf_s                                0x00000000   Number         0  stubs.o ABSOLUTE
    _printf_sizespec                         0x00000000   Number         0  stubs.o ABSOLUTE
    _printf_str                              0x00000000   Number         0  stubs.o ABSOLUTE
    _printf_truncate_signed                  0x00000000   Number         0  stubs.o ABSOLUTE
    _printf_truncate_unsigned                0x00000000   Number         0  stubs.o ABSOLUTE
    _printf_u                                0x00000000   Number         0  stubs.o ABSOLUTE
    _printf_wc                               0x00000000   Number         0  stubs.o ABSOLUTE
    _printf_wctomb                           0x00000000   Number         0  stubs.o ABSOLUTE
    _printf_widthprec                        0x00000000   Number         0  stubs.o ABSOLUTE
    _printf_x                                0x00000000   Number         0  stubs.o ABSOLUTE
    __cpp_initialize__aeabi_                  - Undefined Weak Reference
    __cxa_finalize                            - Undefined Weak Reference
    __decompress                              - Undefined Weak Reference
    _clock_init                               - Undefined Weak Reference
    _microlib_exit                            - Undefined Weak Reference
    __Vectors_Size                           0x00000130   Number         0  startup_gd32f30x_hd.o ABSOLUTE
    __Vectors                                0x08000000   Data           4  startup_gd32f30x_hd.o(RESET)
    __Vectors_End                            0x08000130   Data           0  startup_gd32f30x_hd.o(RESET)
    __main                                   0x08000131   Thumb Code     0  entry.o(.ARM.Collect$$$$00000000)
    _main_stk                                0x08000131   Thumb Code     0  entry2.o(.ARM.Collect$$$$00000001)
    _main_scatterload                        0x08000135   Thumb Code     0  entry5.o(.ARM.Collect$$$$00000004)
    __main_after_scatterload                 0x08000139   Thumb Code     0  entry5.o(.ARM.Collect$$$$00000004)
    _main_clock                              0x08000139   Thumb Code     0  entry7b.o(.ARM.Collect$$$$00000008)
    _main_cpp_init                           0x08000139   Thumb Code     0  entry8b.o(.ARM.Collect$$$$0000000A)
    _main_init                               0x08000139   Thumb Code     0  entry9a.o(.ARM.Collect$$$$0000000B)
    __rt_final_cpp                           0x08000141   Thumb Code     0  entry10a.o(.ARM.Collect$$$$0000000D)
    __rt_final_exit                          0x08000141   Thumb Code     0  entry11a.o(.ARM.Collect$$$$0000000F)
    SVC_Handler                              0x08000145   Thumb Code    28  casyos.o(.emb_text)
    PendSV_Handler                           0x08000165   Thumb Code    40  casyos.o(.emb_text)
    Reset_Handler                            0x08000191   Thumb Code     8  startup_gd32f30x_hd.o(.text)
    ADC0_1_IRQHandler                        0x080001ab   Thumb Code     0  startup_gd32f30x_hd.o(.text)
    ADC2_IRQHandler                          0x080001ab   Thumb Code     0  startup_gd32f30x_hd.o(.text)
    CAN0_EWMC_IRQHandler                     0x080001ab   Thumb Code     0  startup_gd32f30x_hd.o(.text)
    CAN0_RX1_IRQHandler                      0x080001ab   Thumb Code     0  startup_gd32f30x_hd.o(.text)
    DMA0_Channel0_IRQHandler                 0x080001ab   Thumb Code     0  startup_gd32f30x_hd.o(.text)
    DMA0_Channel1_IRQHandler                 0x080001ab   Thumb Code     0  startup_gd32f30x_hd.o(.text)
    DMA0_Channel2_IRQHandler                 0x080001ab   Thumb Code     0  startup_gd32f30x_hd.o(.text)
    DMA0_Channel3_IRQHandler                 0x080001ab   Thumb Code     0  startup_gd32f30x_hd.o(.text)
    DMA0_Channel4_IRQHandler                 0x080001ab   Thumb Code     0  startup_gd32f30x_hd.o(.text)
    DMA0_Channel5_IRQHandler                 0x080001ab   Thumb Code     0  startup_gd32f30x_hd.o(.text)
    DMA0_Channel6_IRQHandler                 0x080001ab   Thumb Code     0  startup_gd32f30x_hd.o(.text)
    DMA1_Channel0_IRQHandler                 0x080001ab   Thumb Code     0  startup_gd32f30x_hd.o(.text)
    DMA1_Channel1_IRQHandler                 0x080001ab   Thumb Code     0  startup_gd32f30x_hd.o(.text)
    DMA1_Channel2_IRQHandler                 0x080001ab   Thumb Code     0  startup_gd32f30x_hd.o(.text)
    DMA1_Channel3_4_IRQHandler               0x080001ab   Thumb Code     0  startup_gd32f30x_hd.o(.text)
    EXMC_IRQHandler                          0x080001ab   Thumb Code     0  startup_gd32f30x_hd.o(.text)
    EXTI0_IRQHandler                         0x080001ab   Thumb Code     0  startup_gd32f30x_hd.o(.text)
    EXTI10_15_IRQHandler                     0x080001ab   Thumb Code     0  startup_gd32f30x_hd.o(.text)
    EXTI1_IRQHandler                         0x080001ab   Thumb Code     0  startup_gd32f30x_hd.o(.text)
    EXTI2_IRQHandler                         0x080001ab   Thumb Code     0  startup_gd32f30x_hd.o(.text)
    EXTI3_IRQHandler                         0x080001ab   Thumb Code     0  startup_gd32f30x_hd.o(.text)
    EXTI4_IRQHandler                         0x080001ab   Thumb Code     0  startup_gd32f30x_hd.o(.text)
    EXTI5_9_IRQHandler                       0x080001ab   Thumb Code     0  startup_gd32f30x_hd.o(.text)
    FMC_IRQHandler                           0x080001ab   Thumb Code     0  startup_gd32f30x_hd.o(.text)
    I2C0_ER_IRQHandler                       0x080001ab   Thumb Code     0  startup_gd32f30x_hd.o(.text)
    I2C0_EV_IRQHandler                       0x080001ab   Thumb Code     0  startup_gd32f30x_hd.o(.text)
    I2C1_ER_IRQHandler                       0x080001ab   Thumb Code     0  startup_gd32f30x_hd.o(.text)
    I2C1_EV_IRQHandler                       0x080001ab   Thumb Code     0  startup_gd32f30x_hd.o(.text)
    LVD_IRQHandler                           0x080001ab   Thumb Code     0  startup_gd32f30x_hd.o(.text)
    RCU_CTC_IRQHandler                       0x080001ab   Thumb Code     0  startup_gd32f30x_hd.o(.text)
    RTC_Alarm_IRQHandler                     0x080001ab   Thumb Code     0  startup_gd32f30x_hd.o(.text)
    RTC_IRQHandler                           0x080001ab   Thumb Code     0  startup_gd32f30x_hd.o(.text)
    SDIO_IRQHandler                          0x080001ab   Thumb Code     0  startup_gd32f30x_hd.o(.text)
    SPI0_IRQHandler                          0x080001ab   Thumb Code     0  startup_gd32f30x_hd.o(.text)
    SPI1_IRQHandler                          0x080001ab   Thumb Code     0  startup_gd32f30x_hd.o(.text)
    SPI2_IRQHandler                          0x080001ab   Thumb Code     0  startup_gd32f30x_hd.o(.text)
    TAMPER_IRQHandler                        0x080001ab   Thumb Code     0  startup_gd32f30x_hd.o(.text)
    TIMER0_BRK_IRQHandler                    0x080001ab   Thumb Code     0  startup_gd32f30x_hd.o(.text)
    TIMER0_Channel_IRQHandler                0x080001ab   Thumb Code     0  startup_gd32f30x_hd.o(.text)
    TIMER0_TRG_CMT_IRQHandler                0x080001ab   Thumb Code     0  startup_gd32f30x_hd.o(.text)
    TIMER0_UP_IRQHandler                     0x080001ab   Thumb Code     0  startup_gd32f30x_hd.o(.text)
    TIMER1_IRQHandler                        0x080001ab   Thumb Code     0  startup_gd32f30x_hd.o(.text)
    TIMER3_IRQHandler                        0x080001ab   Thumb Code     0  startup_gd32f30x_hd.o(.text)
    TIMER4_IRQHandler                        0x080001ab   Thumb Code     0  startup_gd32f30x_hd.o(.text)
    TIMER5_IRQHandler                        0x080001ab   Thumb Code     0  startup_gd32f30x_hd.o(.text)
    TIMER6_IRQHandler                        0x080001ab   Thumb Code     0  startup_gd32f30x_hd.o(.text)
    TIMER7_BRK_IRQHandler                    0x080001ab   Thumb Code     0  startup_gd32f30x_hd.o(.text)
    TIMER7_Channel_IRQHandler                0x080001ab   Thumb Code     0  startup_gd32f30x_hd.o(.text)
    TIMER7_TRG_CMT_IRQHandler                0x080001ab   Thumb Code     0  startup_gd32f30x_hd.o(.text)
    TIMER7_UP_IRQHandler                     0x080001ab   Thumb Code     0  startup_gd32f30x_hd.o(.text)
    UART3_IRQHandler                         0x080001ab   Thumb Code     0  startup_gd32f30x_hd.o(.text)
    UART4_IRQHandler                         0x080001ab   Thumb Code     0  startup_gd32f30x_hd.o(.text)
    USART1_IRQHandler                        0x080001ab   Thumb Code     0  startup_gd32f30x_hd.o(.text)
    USART2_IRQHandler                        0x080001ab   Thumb Code     0  startup_gd32f30x_hd.o(.text)
    USBD_HP_CAN0_TX_IRQHandler               0x080001ab   Thumb Code     0  startup_gd32f30x_hd.o(.text)
    USBD_LP_CAN0_RX0_IRQHandler              0x080001ab   Thumb Code     0  startup_gd32f30x_hd.o(.text)
    USBD_WKUP_IRQHandler                     0x080001ab   Thumb Code     0  startup_gd32f30x_hd.o(.text)
    WWDGT_IRQHandler                         0x080001ab   Thumb Code     0  startup_gd32f30x_hd.o(.text)
    __aeabi_uidiv                            0x080001b5   Thumb Code     0  uidiv.o(.text)
    __aeabi_uidivmod                         0x080001b5   Thumb Code    44  uidiv.o(.text)
    __scatterload                            0x080001e1   Thumb Code    28  init.o(.text)
    __scatterload_rt2                        0x080001e1   Thumb Code     0  init.o(.text)
    BusFault_Handler                         0x08000205   Thumb Code     4  gd32f30x_it.o(i.BusFault_Handler)
    DebugMon_Handler                         0x0800029d   Thumb Code     2  gd32f30x_it.o(i.DebugMon_Handler)
    EnCirQueue                               0x0800029f   Thumb Code    72  cirqueue.o(i.EnCirQueue)
    HardFault_Handler                        0x080002e7   Thumb Code     4  gd32f30x_it.o(i.HardFault_Handler)
    InitCasyOS                               0x080002ef   Thumb Code    12  casyos.o(i.InitCasyOS)
    InitCirQueue                             0x080002fb   Thumb Code    36  cirqueue.o(i.InitCirQueue)
    InitUART0                                0x08000321   Thumb Code    24  uart0.o(i.InitUART0)
    MemManage_Handler                        0x080003a5   Thumb Code     4  gd32f30x_it.o(i.MemManage_Handler)
    NMI_Handler                              0x080003a9   Thumb Code     2  gd32f30x_it.o(i.NMI_Handler)
    OSDelay                                  0x080003ad   Thumb Code    80  casyos.o(i.OSDelay)
    OSInitMemory                             0x0800042d   Thumb Code    46  os_mem.o(i.OSInitMemory)
    OSInitTaskSched                          0x08000465   Thumb Code    28  os_task.o(i.OSInitTaskSched)
    OSIntEnter                               0x08000481   Thumb Code    22  casyos.o(i.OSIntEnter)
    OSIntExit                                0x0800049d   Thumb Code    54  casyos.o(i.OSIntExit)
    OSMalloc                                 0x080004e1   Thumb Code    98  os_mem.o(i.OSMalloc)
    OSMemoryPerused                          0x080005b9   Thumb Code    66  os_mem.o(i.OSMemoryPerused)
    OSRegister                               0x08000601   Thumb Code   280  casyos.o(i.OSRegister)
    OSStart                                  0x08000719   Thumb Code   124  casyos.o(i.OSStart)
    OS_BitMapClr                             0x080007b5   Thumb Code    38  os_task.o(i.OS_BitMapClr)
    OS_BitMapGetHighest                      0x0800080d   Thumb Code    28  os_task.o(i.OS_BitMapGetHighest)
    OS_BitMapInit                            0x0800085d   Thumb Code     8  os_task.o(i.OS_BitMapInit)
    OS_BitMapSet                             0x08000869   Thumb Code    38  os_task.o(i.OS_BitMapSet)
    OS_ENTER_CRITICAL                        0x080008c1   Thumb Code     4  casyos.o(i.OS_ENTER_CRITICAL)
    OS_EXIT_CRITICAL                         0x080008c5   Thumb Code     4  casyos.o(i.OS_EXIT_CRITICAL)
    OS_InISR                                 0x080008c9   Thumb Code    16  casyos.o(i.OS_InISR)
    OS_PendListInit                          0x080008dd   Thumb Code     8  os_task.o(i.OS_PendListInit)
    OS_QInit                                 0x080008e5   Thumb Code    64  os_q.o(i.OS_QInit)
    OS_RdyListInit                           0x08000971   Thumb Code    28  os_task.o(i.OS_RdyListInit)
    OS_RdyTaskAdd                            0x08000991   Thumb Code    52  os_task.o(i.OS_RdyTaskAdd)
    OS_RdyTaskRemove                         0x080009c9   Thumb Code    84  os_task.o(i.OS_RdyTaskRemove)
    OS_Sched                                 0x08000a21   Thumb Code    28  casyos.o(i.OS_Sched)
    OS_SemInit                               0x08000a45   Thumb Code    36  os_sem.o(i.OS_SemInit)
    OS_TaskListAdd                           0x08000a91   Thumb Code    26  os_task.o(i.OS_TaskListAdd)
    OS_TaskListInit                          0x08000ab1   Thumb Code     8  os_task.o(i.OS_TaskListInit)
    OS_TickListInit                          0x08000abd   Thumb Code    10  os_task.o(i.OS_TickListInit)
    OS_TickTaskInsert                        0x08000acd   Thumb Code   222  os_task.o(i.OS_TickTaskInsert)
    OS_TickTaskRemove                        0x08000bb1   Thumb Code   112  os_task.o(i.OS_TickTaskRemove)
    OS_TickUpdate                            0x08000c4d   Thumb Code    64  os_task.o(i.OS_TickUpdate)
    OS_UpdateCurrentTask                     0x08000c91   Thumb Code    28  os_task.o(i.OS_UpdateCurrentTask)
    SysTick_Handler                          0x08000cb5   Thumb Code    20  casyos.o(i.SysTick_Handler)
    SystemInit                               0x08000cc9   Thumb Code    66  system_gd32f30x.o(i.SystemInit)
    TIMER2_IRQHandler                        0x08000d19   Thumb Code    42  timer.o(i.TIMER2_IRQHandler)
    USART0_IRQHandler                        0x08000d95   Thumb Code    80  uart0.o(i.USART0_IRQHandler)
    UsageFault_Handler                       0x08000df5   Thumb Code     4  gd32f30x_it.o(i.UsageFault_Handler)
    __0printf$3                              0x08000df9   Thumb Code    22  printf3.o(i.__0printf$3)
    __1printf$3                              0x08000df9   Thumb Code     0  printf3.o(i.__0printf$3)
    __2printf                                0x08000df9   Thumb Code     0  printf3.o(i.__0printf$3)
    __scatterload_copy                       0x08000e41   Thumb Code    14  handlers.o(i.__scatterload_copy)
    __scatterload_null                       0x08000e4f   Thumb Code     2  handlers.o(i.__scatterload_null)
    __scatterload_zeroinit                   0x08000e51   Thumb Code    14  handlers.o(i.__scatterload_zeroinit)
    fputc                                    0x08001021   Thumb Code    32  uart0.o(i.fputc)
    gpio_init                                0x08001045   Thumb Code   188  gd32f30x_gpio.o(i.gpio_init)
    main                                     0x08001101   Thumb Code   140  main.o(i.main)
    nvic_irq_enable                          0x080011cd   Thumb Code   186  gd32f30x_misc.o(i.nvic_irq_enable)
    nvic_priority_group_set                  0x08001291   Thumb Code    10  gd32f30x_misc.o(i.nvic_priority_group_set)
    rcu_clock_freq_get                       0x080012a5   Thumb Code   310  gd32f30x_rcu.o(i.rcu_clock_freq_get)
    rcu_periph_clock_enable                  0x080013fd   Thumb Code    28  gd32f30x_rcu.o(i.rcu_periph_clock_enable)
    rcu_periph_reset_disable                 0x0800141d   Thumb Code    28  gd32f30x_rcu.o(i.rcu_periph_reset_disable)
    rcu_periph_reset_enable                  0x0800143d   Thumb Code    28  gd32f30x_rcu.o(i.rcu_periph_reset_enable)
    timer_interrupt_flag_clear               0x08001575   Thumb Code     6  gd32f30x_timer.o(i.timer_interrupt_flag_clear)
    timer_interrupt_flag_get                 0x0800157b   Thumb Code    24  gd32f30x_timer.o(i.timer_interrupt_flag_get)
    usart_baudrate_set                       0x08001595   Thumb Code   136  gd32f30x_usart.o(i.usart_baudrate_set)
    usart_data_receive                       0x08001625   Thumb Code    10  gd32f30x_usart.o(i.usart_data_receive)
    usart_data_transmit                      0x0800162f   Thumb Code     8  gd32f30x_usart.o(i.usart_data_transmit)
    usart_deinit                             0x08001639   Thumb Code   136  gd32f30x_usart.o(i.usart_deinit)
    usart_dma_transmit_config                0x080016c9   Thumb Code    16  gd32f30x_usart.o(i.usart_dma_transmit_config)
    usart_enable                             0x080016d9   Thumb Code    10  gd32f30x_usart.o(i.usart_enable)
    usart_flag_get                           0x080016e3   Thumb Code    30  gd32f30x_usart.o(i.usart_flag_get)
    usart_interrupt_enable                   0x08001701   Thumb Code    26  gd32f30x_usart.o(i.usart_interrupt_enable)
    usart_interrupt_flag_clear               0x0800171b   Thumb Code    26  gd32f30x_usart.o(i.usart_interrupt_flag_clear)
    usart_interrupt_flag_get                 0x08001735   Thumb Code    56  gd32f30x_usart.o(i.usart_interrupt_flag_get)
    usart_parity_config                      0x0800176d   Thumb Code    16  gd32f30x_usart.o(i.usart_parity_config)
    usart_receive_config                     0x0800177d   Thumb Code    16  gd32f30x_usart.o(i.usart_receive_config)
    usart_stop_bit_set                       0x0800178d   Thumb Code    16  gd32f30x_usart.o(i.usart_stop_bit_set)
    usart_transmit_config                    0x0800179d   Thumb Code    16  gd32f30x_usart.o(i.usart_transmit_config)
    usart_word_length_set                    0x080017ad   Thumb Code    16  gd32f30x_usart.o(i.usart_word_length_set)
    Region$$Table$$Base                      0x080017cc   Number         0  anon$$obj.o(Region$$Table)
    Region$$Table$$Limit                     0x080017ec   Number         0  anon$$obj.o(Region$$Table)
    taskInfo                                 0x20000000   Data          64  main.o(.data)
    g_pCurrentTask                           0x20000048   Data           4  casyos.o(.data)
    g_OSIntNestCnt                           0x2000004c   Data           1  casyos.o(.data)
    g_OSSchedFlag                            0x2000004d   Data           1  casyos.o(.data)
    SystemCoreClock                          0x20000074   Data           4  system_gd32f30x.o(.data)
    __stdout                                 0x20000078   Data           4  stdout.o(.data)
    g_OSTaskListHead                         0x20005b20   Data         128  os_task.o(.bss)
    __initial_sp                             0x200064a0   Data           0  startup_gd32f30x_hd.o(STACK)



==============================================================================

Memory Map of the image

  Image Entry point : 0x08000131

  Load Region LR_IROM1 (Base: 0x08000000, Size: 0x00001868, Max: 0x00080000, ABSOLUTE)

    Execution Region ER_IROM1 (Exec base: 0x08000000, Load base: 0x08000000, Size: 0x000017ec, Max: 0x00080000, ABSOLUTE)

    Exec Addr    Load Addr    Size         Type   Attr      Idx    E Section Name        Object

    0x08000000   0x08000000   0x00000130   Data   RO         3473    RESET               startup_gd32f30x_hd.o
    0x08000130   0x08000130   0x00000000   Code   RO         3478  * .ARM.Collect$$$$00000000  mc_w.l(entry.o)
    0x08000130   0x08000130   0x00000004   Code   RO         3742    .ARM.Collect$$$$00000001  mc_w.l(entry2.o)
    0x08000134   0x08000134   0x00000004   Code   RO         3745    .ARM.Collect$$$$00000004  mc_w.l(entry5.o)
    0x08000138   0x08000138   0x00000000   Code   RO         3747    .ARM.Collect$$$$00000008  mc_w.l(entry7b.o)
    0x08000138   0x08000138   0x00000000   Code   RO         3749    .ARM.Collect$$$$0000000A  mc_w.l(entry8b.o)
    0x08000138   0x08000138   0x00000008   Code   RO         3750    .ARM.Collect$$$$0000000B  mc_w.l(entry9a.o)
    0x08000140   0x08000140   0x00000000   Code   RO         3752    .ARM.Collect$$$$0000000D  mc_w.l(entry10a.o)
    0x08000140   0x08000140   0x00000000   Code   RO         3754    .ARM.Collect$$$$0000000F  mc_w.l(entry11a.o)
    0x08000140   0x08000140   0x00000004   Code   RO         3743    .ARM.Collect$$$$00002712  mc_w.l(entry2.o)
    0x08000144   0x08000144   0x0000004c   Code   RO          350    .emb_text           casyos.o
    0x08000190   0x08000190   0x00000024   Code   RO         3474    .text               startup_gd32f30x_hd.o
    0x080001b4   0x080001b4   0x0000002c   Code   RO         3757    .text               mc_w.l(uidiv.o)
    0x080001e0   0x080001e0   0x00000024   Code   RO         3772    .text               mc_w.l(init.o)
    0x08000204   0x08000204   0x00000004   Code   RO         3339    i.BusFault_Handler  gd32f30x_it.o
    0x08000208   0x08000208   0x00000094   Code   RO          295    i.ConfigUART        uart0.o
    0x0800029c   0x0800029c   0x00000002   Code   RO         3340    i.DebugMon_Handler  gd32f30x_it.o
    0x0800029e   0x0800029e   0x00000048   Code   RO          251    i.EnCirQueue        cirqueue.o
    0x080002e6   0x080002e6   0x00000004   Code   RO         3341    i.HardFault_Handler  gd32f30x_it.o
    0x080002ea   0x080002ea   0x00000004   Code   RO          351    i.IdleTask          casyos.o
    0x080002ee   0x080002ee   0x0000000c   Code   RO          352    i.InitCasyOS        casyos.o
    0x080002fa   0x080002fa   0x00000024   Code   RO          252    i.InitCirQueue      cirqueue.o
    0x0800031e   0x0800031e   0x00000002   PAD
    0x08000320   0x08000320   0x00000020   Code   RO          296    i.InitUART0         uart0.o
    0x08000340   0x08000340   0x00000064   Code   RO          511    i.MallocMemory      os_mem.o
    0x080003a4   0x080003a4   0x00000004   Code   RO         3342    i.MemManage_Handler  gd32f30x_it.o
    0x080003a8   0x080003a8   0x00000002   Code   RO         3343    i.NMI_Handler       gd32f30x_it.o
    0x080003aa   0x080003aa   0x00000002   PAD
    0x080003ac   0x080003ac   0x00000080   Code   RO          353    i.OSDelay           casyos.o
    0x0800042c   0x0800042c   0x00000038   Code   RO          513    i.OSInitMemory      os_mem.o
    0x08000464   0x08000464   0x0000001c   Code   RO          699    i.OSInitTaskSched   os_task.o
    0x08000480   0x08000480   0x0000001c   Code   RO          354    i.OSIntEnter        casyos.o
    0x0800049c   0x0800049c   0x00000044   Code   RO          355    i.OSIntExit         casyos.o
    0x080004e0   0x080004e0   0x000000d8   Code   RO          514    i.OSMalloc          os_mem.o
    0x080005b8   0x080005b8   0x00000048   Code   RO          515    i.OSMemoryPerused   os_mem.o
    0x08000600   0x08000600   0x00000118   Code   RO          356    i.OSRegister        casyos.o
    0x08000718   0x08000718   0x0000009c   Code   RO          357    i.OSStart           casyos.o
    0x080007b4   0x080007b4   0x00000058   Code   RO          701    i.OS_BitMapClr      os_task.o
    0x0800080c   0x0800080c   0x00000050   Code   RO          702    i.OS_BitMapGetHighest  os_task.o
    0x0800085c   0x0800085c   0x0000000c   Code   RO          703    i.OS_BitMapInit     os_task.o
    0x08000868   0x08000868   0x00000058   Code   RO          704    i.OS_BitMapSet      os_task.o
    0x080008c0   0x080008c0   0x00000004   Code   RO          358    i.OS_ENTER_CRITICAL  casyos.o
    0x080008c4   0x080008c4   0x00000004   Code   RO          359    i.OS_EXIT_CRITICAL  casyos.o
    0x080008c8   0x080008c8   0x00000014   Code   RO          360    i.OS_InISR          casyos.o
    0x080008dc   0x080008dc   0x00000008   Code   RO          706    i.OS_PendListInit   os_task.o
    0x080008e4   0x080008e4   0x0000008c   Code   RO          607    i.OS_QInit          os_q.o
    0x08000970   0x08000970   0x00000020   Code   RO          710    i.OS_RdyListInit    os_task.o
    0x08000990   0x08000990   0x00000038   Code   RO          711    i.OS_RdyTaskAdd     os_task.o
    0x080009c8   0x080009c8   0x00000058   Code   RO          712    i.OS_RdyTaskRemove  os_task.o
    0x08000a20   0x08000a20   0x00000024   Code   RO          361    i.OS_Sched          casyos.o
    0x08000a44   0x08000a44   0x0000004c   Code   RO          664    i.OS_SemInit        os_sem.o
    0x08000a90   0x08000a90   0x00000020   Code   RO          713    i.OS_TaskListAdd    os_task.o
    0x08000ab0   0x08000ab0   0x0000000c   Code   RO          714    i.OS_TaskListInit   os_task.o
    0x08000abc   0x08000abc   0x00000010   Code   RO          716    i.OS_TickListInit   os_task.o
    0x08000acc   0x08000acc   0x000000e4   Code   RO          717    i.OS_TickTaskInsert  os_task.o
    0x08000bb0   0x08000bb0   0x0000009c   Code   RO          718    i.OS_TickTaskRemove  os_task.o
    0x08000c4c   0x08000c4c   0x00000044   Code   RO          719    i.OS_TickUpdate     os_task.o
    0x08000c90   0x08000c90   0x00000024   Code   RO          720    i.OS_UpdateCurrentTask  os_task.o
    0x08000cb4   0x08000cb4   0x00000014   Code   RO          362    i.SysTick_Handler   casyos.o
    0x08000cc8   0x08000cc8   0x00000050   Code   RO         3429    i.SystemInit        system_gd32f30x.o
    0x08000d18   0x08000d18   0x00000034   Code   RO          207    i.TIMER2_IRQHandler  timer.o
    0x08000d4c   0x08000d4c   0x00000024   Code   RO            4    i.Task1             main.o
    0x08000d70   0x08000d70   0x00000024   Code   RO            5    i.Task2             main.o
    0x08000d94   0x08000d94   0x00000060   Code   RO          298    i.USART0_IRQHandler  uart0.o
    0x08000df4   0x08000df4   0x00000004   Code   RO         3344    i.UsageFault_Handler  gd32f30x_it.o
    0x08000df8   0x08000df8   0x00000020   Code   RO         3570    i.__0printf$3       mc_w.l(printf3.o)
    0x08000e18   0x08000e18   0x00000028   Code   RO          363    i.__NVIC_SetPriority  casyos.o
    0x08000e40   0x08000e40   0x0000000e   Code   RO         3784    i.__scatterload_copy  mc_w.l(handlers.o)
    0x08000e4e   0x08000e4e   0x00000002   Code   RO         3785    i.__scatterload_null  mc_w.l(handlers.o)
    0x08000e50   0x08000e50   0x0000000e   Code   RO         3786    i.__scatterload_zeroinit  mc_w.l(handlers.o)
    0x08000e5e   0x08000e5e   0x00000008   Code   RO          364    i.__set_BASEPRI     casyos.o
    0x08000e66   0x08000e66   0x00000002   PAD
    0x08000e68   0x08000e68   0x000001b8   Code   RO         3577    i._printf_core      mc_w.l(printf3.o)
    0x08001020   0x08001020   0x00000024   Code   RO          300    i.fputc             uart0.o
    0x08001044   0x08001044   0x000000bc   Code   RO         1098    i.gpio_init         gd32f30x_gpio.o
    0x08001100   0x08001100   0x000000cc   Code   RO            6    i.main              main.o
    0x080011cc   0x080011cc   0x000000c4   Code   RO         1220    i.nvic_irq_enable   gd32f30x_misc.o
    0x08001290   0x08001290   0x00000014   Code   RO         1221    i.nvic_priority_group_set  gd32f30x_misc.o
    0x080012a4   0x080012a4   0x00000158   Code   RO         1288    i.rcu_clock_freq_get  gd32f30x_rcu.o
    0x080013fc   0x080013fc   0x00000020   Code   RO         1306    i.rcu_periph_clock_enable  gd32f30x_rcu.o
    0x0800141c   0x0800141c   0x00000020   Code   RO         1309    i.rcu_periph_reset_disable  gd32f30x_rcu.o
    0x0800143c   0x0800143c   0x00000020   Code   RO         1310    i.rcu_periph_reset_enable  gd32f30x_rcu.o
    0x0800145c   0x0800145c   0x00000110   Code   RO         3430    i.system_clock_120m_hxtal  system_gd32f30x.o
    0x0800156c   0x0800156c   0x00000008   Code   RO         3431    i.system_clock_config  system_gd32f30x.o
    0x08001574   0x08001574   0x00000006   Code   RO         1585    i.timer_interrupt_flag_clear  gd32f30x_timer.o
    0x0800157a   0x0800157a   0x00000018   Code   RO         1586    i.timer_interrupt_flag_get  gd32f30x_timer.o
    0x08001592   0x08001592   0x00000002   PAD
    0x08001594   0x08001594   0x00000090   Code   RO         1976    i.usart_baudrate_set  gd32f30x_usart.o
    0x08001624   0x08001624   0x0000000a   Code   RO         1979    i.usart_data_receive  gd32f30x_usart.o
    0x0800162e   0x0800162e   0x00000008   Code   RO         1980    i.usart_data_transmit  gd32f30x_usart.o
    0x08001636   0x08001636   0x00000002   PAD
    0x08001638   0x08001638   0x00000090   Code   RO         1981    i.usart_deinit      gd32f30x_usart.o
    0x080016c8   0x080016c8   0x00000010   Code   RO         1984    i.usart_dma_transmit_config  gd32f30x_usart.o
    0x080016d8   0x080016d8   0x0000000a   Code   RO         1985    i.usart_enable      gd32f30x_usart.o
    0x080016e2   0x080016e2   0x0000001e   Code   RO         1987    i.usart_flag_get    gd32f30x_usart.o
    0x08001700   0x08001700   0x0000001a   Code   RO         1994    i.usart_interrupt_enable  gd32f30x_usart.o
    0x0800171a   0x0800171a   0x0000001a   Code   RO         1995    i.usart_interrupt_flag_clear  gd32f30x_usart.o
    0x08001734   0x08001734   0x00000038   Code   RO         1996    i.usart_interrupt_flag_get  gd32f30x_usart.o
    0x0800176c   0x0800176c   0x00000010   Code   RO         2007    i.usart_parity_config  gd32f30x_usart.o
    0x0800177c   0x0800177c   0x00000010   Code   RO         2009    i.usart_receive_config  gd32f30x_usart.o
    0x0800178c   0x0800178c   0x00000010   Code   RO         2019    i.usart_stop_bit_set  gd32f30x_usart.o
    0x0800179c   0x0800179c   0x00000010   Code   RO         2023    i.usart_transmit_config  gd32f30x_usart.o
    0x080017ac   0x080017ac   0x00000010   Code   RO         2024    i.usart_word_length_set  gd32f30x_usart.o
    0x080017bc   0x080017bc   0x0000000e   Data   RO            8    .conststring        main.o
    0x080017ca   0x080017ca   0x00000002   PAD
    0x080017cc   0x080017cc   0x00000020   Data   RO         3782    Region$$Table       anon$$obj.o


    Execution Region RW_IRAM1 (Exec base: 0x20000000, Load base: 0x080017ec, Size: 0x000064a0, Max: 0x00010000, ABSOLUTE)

    Exec Addr    Load Addr    Size         Type   Attr      Idx    E Section Name        Object

    0x20000000   0x080017ec   0x00000040   Data   RW            9    .data               main.o
    0x20000040   0x0800182c   0x00000008   Data   RW          208    .data               timer.o
    0x20000048   0x08001834   0x00000006   Data   RW          366    .data               casyos.o
    0x2000004e   0x0800183a   0x00000002   PAD
    0x20000050   0x0800183c   0x00000018   Data   RW          517    .data               os_mem.o
    0x20000068   0x08001854   0x0000000c   Data   RW          723    .data               os_task.o
    0x20000074   0x08001860   0x00000004   Data   RW         3432    .data               system_gd32f30x.o
    0x20000078   0x08001864   0x00000004   Data   RW         3756    .data               mc_w.l(stdout.o)
    0x2000007c   0x08001868   0x00000004   PAD
    0x20000080        -       0x00000500   Zero   RW            7    .bss                main.o
    0x20000580        -       0x0000040c   Zero   RW          301    .bss                uart0.o
    0x2000098c   0x08001868   0x00000004   PAD
    0x20000990        -       0x00000180   Zero   RW          365    .bss                casyos.o
    0x20000b10   0x08001868   0x00000010   PAD
    0x20000b20        -       0x00005000   Zero   RW          516    .bss                os_mem.o
    0x20005b20        -       0x00000180   Zero   RW          722    .bss                os_task.o
    0x20005ca0        -       0x00000800   Zero   RW         3471    STACK               startup_gd32f30x_hd.o


==============================================================================

Image component sizes


      Code (inc. data)   RO Data    RW Data    ZI Data      Debug   Object Name

       884        128          0          6        384      43735   casyos.o
       108          0          0          0          0       2020   cirqueue.o
       188          0          0          0          0        860   gd32f30x_gpio.o
        20          0          0          0          0       2833   gd32f30x_it.o
       216         20          0          0          0       1376   gd32f30x_misc.o
       440         46          0          0          0       2860   gd32f30x_rcu.o
        30          0          0          0          0       1272   gd32f30x_timer.o
       550         16          0          0          0       9154   gd32f30x_usart.o
       276        100         14         64       1280      38430   main.o
       444        138          0         24      20480       3296   os_mem.o
       140         76          0          0          0        956   os_q.o
        76         40          0          0          0        999   os_sem.o
      1028        246          0         12        384       9688   os_task.o
        36          8        304          0       2048        836   startup_gd32f30x_hd.o
       360         30          0          4          0       1855   system_gd32f30x.o
        52         10          0          8          0        680   timer.o
       312         38          0          0       1036       2864   uart0.o

    ----------------------------------------------------------------------
      5170        896        352        120      25632     123714   Object Totals
         0          0         32          0          0          0   (incl. Generated)
        10          0          2          2         20          0   (incl. Padding)

    ----------------------------------------------------------------------

      Code (inc. data)   RO Data    RW Data    ZI Data      Debug   Library Member Name

         0          0          0          0          0          0   entry.o
         0          0          0          0          0          0   entry10a.o
         0          0          0          0          0          0   entry11a.o
         8          4          0          0          0          0   entry2.o
         4          0          0          0          0          0   entry5.o
         0          0          0          0          0          0   entry7b.o
         0          0          0          0          0          0   entry8b.o
         8          4          0          0          0          0   entry9a.o
        30          0          0          0          0          0   handlers.o
        36          8          0          0          0         68   init.o
       472         14          0          0          0        184   printf3.o
         0          0          0          4          0          0   stdout.o
        44          0          0          0          0         80   uidiv.o

    ----------------------------------------------------------------------
       602         30          0          4          4        332   Library Totals
         0          0          0          0          4          0   (incl. Padding)

    ----------------------------------------------------------------------

      Code (inc. data)   RO Data    RW Data    ZI Data      Debug   Library Name

       602         30          0          4          0        332   mc_w.l

    ----------------------------------------------------------------------
       602         30          0          4          4        332   Library Totals

    ----------------------------------------------------------------------

==============================================================================


      Code (inc. data)   RO Data    RW Data    ZI Data      Debug   

      5772        926        352        124      25636     116798   Grand Totals
      5772        926        352        124      25636     116798   ELF Image Totals
      5772        926        352        124          0          0   ROM Totals

==============================================================================

    Total RO  Size (Code + RO Data)                 6124 (   5.98kB)
    Total RW  Size (RW Data + ZI Data)             25760 (  25.16kB)
    Total ROM Size (Code + RO Data + RW Data)       6248 (   6.10kB)

==============================================================================

